Archive member included to satisfy reference by file (symbol)

C:/ST/STM32CubeIDE_1.17.0/STM32CubeIDE/plugins/com.st.stm32cube.ide.mcu.externaltools.gnu-tools-for-stm32.12.3.rel1.win32_1.1.0.202410251130/tools/bin/../lib/gcc/arm-none-eabi/12.3.1/../../../../arm-none-eabi/lib/thumb/v7e-m+fp/hard\libc_nano.a(libc_a-exit.o)
                              C:/ST/STM32CubeIDE_1.17.0/STM32CubeIDE/plugins/com.st.stm32cube.ide.mcu.externaltools.gnu-tools-for-stm32.12.3.rel1.win32_1.1.0.202410251130/tools/bin/../lib/gcc/arm-none-eabi/12.3.1/../../../../arm-none-eabi/lib/thumb/v7e-m+fp/hard/crt0.o (exit)
C:/ST/STM32CubeIDE_1.17.0/STM32CubeIDE/plugins/com.st.stm32cube.ide.mcu.externaltools.gnu-tools-for-stm32.12.3.rel1.win32_1.1.0.202410251130/tools/bin/../lib/gcc/arm-none-eabi/12.3.1/../../../../arm-none-eabi/lib/thumb/v7e-m+fp/hard\libc_nano.a(libc_a-findfp.o)
                              C:/ST/STM32CubeIDE_1.17.0/STM32CubeIDE/plugins/com.st.stm32cube.ide.mcu.externaltools.gnu-tools-for-stm32.12.3.rel1.win32_1.1.0.202410251130/tools/bin/../lib/gcc/arm-none-eabi/12.3.1/../../../../arm-none-eabi/lib/thumb/v7e-m+fp/hard\libc_nano.a(libc_a-exit.o) (__stdio_exit_handler)
C:/ST/STM32CubeIDE_1.17.0/STM32CubeIDE/plugins/com.st.stm32cube.ide.mcu.externaltools.gnu-tools-for-stm32.12.3.rel1.win32_1.1.0.202410251130/tools/bin/../lib/gcc/arm-none-eabi/12.3.1/../../../../arm-none-eabi/lib/thumb/v7e-m+fp/hard\libc_nano.a(libc_a-fwalk.o)
                              C:/ST/STM32CubeIDE_1.17.0/STM32CubeIDE/plugins/com.st.stm32cube.ide.mcu.externaltools.gnu-tools-for-stm32.12.3.rel1.win32_1.1.0.202410251130/tools/bin/../lib/gcc/arm-none-eabi/12.3.1/../../../../arm-none-eabi/lib/thumb/v7e-m+fp/hard\libc_nano.a(libc_a-findfp.o) (_fwalk_sglue)
C:/ST/STM32CubeIDE_1.17.0/STM32CubeIDE/plugins/com.st.stm32cube.ide.mcu.externaltools.gnu-tools-for-stm32.12.3.rel1.win32_1.1.0.202410251130/tools/bin/../lib/gcc/arm-none-eabi/12.3.1/../../../../arm-none-eabi/lib/thumb/v7e-m+fp/hard\libc_nano.a(libc_a-stdio.o)
                              C:/ST/STM32CubeIDE_1.17.0/STM32CubeIDE/plugins/com.st.stm32cube.ide.mcu.externaltools.gnu-tools-for-stm32.12.3.rel1.win32_1.1.0.202410251130/tools/bin/../lib/gcc/arm-none-eabi/12.3.1/../../../../arm-none-eabi/lib/thumb/v7e-m+fp/hard\libc_nano.a(libc_a-findfp.o) (__sread)
C:/ST/STM32CubeIDE_1.17.0/STM32CubeIDE/plugins/com.st.stm32cube.ide.mcu.externaltools.gnu-tools-for-stm32.12.3.rel1.win32_1.1.0.202410251130/tools/bin/../lib/gcc/arm-none-eabi/12.3.1/../../../../arm-none-eabi/lib/thumb/v7e-m+fp/hard\libc_nano.a(libc_a-memset.o)
                              C:/ST/STM32CubeIDE_1.17.0/STM32CubeIDE/plugins/com.st.stm32cube.ide.mcu.externaltools.gnu-tools-for-stm32.12.3.rel1.win32_1.1.0.202410251130/tools/bin/../lib/gcc/arm-none-eabi/12.3.1/../../../../arm-none-eabi/lib/thumb/v7e-m+fp/hard/crt0.o (memset)
C:/ST/STM32CubeIDE_1.17.0/STM32CubeIDE/plugins/com.st.stm32cube.ide.mcu.externaltools.gnu-tools-for-stm32.12.3.rel1.win32_1.1.0.202410251130/tools/bin/../lib/gcc/arm-none-eabi/12.3.1/../../../../arm-none-eabi/lib/thumb/v7e-m+fp/hard\libc_nano.a(libc_a-closer.o)
                              C:/ST/STM32CubeIDE_1.17.0/STM32CubeIDE/plugins/com.st.stm32cube.ide.mcu.externaltools.gnu-tools-for-stm32.12.3.rel1.win32_1.1.0.202410251130/tools/bin/../lib/gcc/arm-none-eabi/12.3.1/../../../../arm-none-eabi/lib/thumb/v7e-m+fp/hard\libc_nano.a(libc_a-stdio.o) (_close_r)
C:/ST/STM32CubeIDE_1.17.0/STM32CubeIDE/plugins/com.st.stm32cube.ide.mcu.externaltools.gnu-tools-for-stm32.12.3.rel1.win32_1.1.0.202410251130/tools/bin/../lib/gcc/arm-none-eabi/12.3.1/../../../../arm-none-eabi/lib/thumb/v7e-m+fp/hard\libc_nano.a(libc_a-reent.o)
                              C:/ST/STM32CubeIDE_1.17.0/STM32CubeIDE/plugins/com.st.stm32cube.ide.mcu.externaltools.gnu-tools-for-stm32.12.3.rel1.win32_1.1.0.202410251130/tools/bin/../lib/gcc/arm-none-eabi/12.3.1/../../../../arm-none-eabi/lib/thumb/v7e-m+fp/hard\libc_nano.a(libc_a-closer.o) (errno)
C:/ST/STM32CubeIDE_1.17.0/STM32CubeIDE/plugins/com.st.stm32cube.ide.mcu.externaltools.gnu-tools-for-stm32.12.3.rel1.win32_1.1.0.202410251130/tools/bin/../lib/gcc/arm-none-eabi/12.3.1/../../../../arm-none-eabi/lib/thumb/v7e-m+fp/hard\libc_nano.a(libc_a-impure.o)
                              C:/ST/STM32CubeIDE_1.17.0/STM32CubeIDE/plugins/com.st.stm32cube.ide.mcu.externaltools.gnu-tools-for-stm32.12.3.rel1.win32_1.1.0.202410251130/tools/bin/../lib/gcc/arm-none-eabi/12.3.1/../../../../arm-none-eabi/lib/thumb/v7e-m+fp/hard\libc_nano.a(libc_a-reent.o) (_impure_ptr)
C:/ST/STM32CubeIDE_1.17.0/STM32CubeIDE/plugins/com.st.stm32cube.ide.mcu.externaltools.gnu-tools-for-stm32.12.3.rel1.win32_1.1.0.202410251130/tools/bin/../lib/gcc/arm-none-eabi/12.3.1/../../../../arm-none-eabi/lib/thumb/v7e-m+fp/hard\libc_nano.a(libc_a-lseekr.o)
[...]
Memory Configuration

Name             Origin             Length             Attributes
RAM              0x20000000         0x00018000         xrw
RAM2             0x10000000         0x00008000         xrw
FLASH            0x08000000         0x00100000         xr
*default*        0x00000000         0xffffffff

Linker script and memory map

LOAD C:/ST/STM32CubeIDE_1.17.0/STM32CubeIDE/plugins/com.st.stm32cube.ide.mcu.externaltools.gnu-tools-for-stm32.12.3.rel1.win32_1.1.0.202410251130/tools/bin/../lib/gcc/arm-none-eabi/12.3.1/thumb/v7e-m+fp/hard/crti.o
LOAD C:/ST/STM32CubeIDE_1.17.0/STM32CubeIDE/plugins/com.st.stm32cube.ide.mcu.externaltools.gnu-tools-for-stm32.12.3.rel1.win32_1.1.0.202410251130/tools/bin/../lib/gcc/arm-none-eabi/12.3.1/thumb/v7e-m+fp/hard/crtbegin.o
LOAD C:/ST/STM32CubeIDE_1.17.0/STM32CubeIDE/plugins/com.st.stm32cube.ide.mcu.externaltools.gnu-tools-for-stm32.12.3.rel1.win32_1.1.0.202410251130/tools/bin/../lib/gcc/arm-none-eabi/12.3.1/../../../../arm-none-eabi/lib/thumb/v7e-m+fp/hard/crt0.o
LOAD ./Core/Src/RadioFunctions.o
LOAD ./Core/Src/clock.o
LOAD ./Core/Src/gpio.o
LOAD ./Core/Src/main.o
LOAD ./Core/Src/nrf24.o
LOAD ./Core/Src/spi.o
LOAD ./Core/Src/stm32l4xx_it.o
LOAD ./Core/Src/syscalls.o
LOAD ./Core/Src/sysmem.o
LOAD ./Core/Src/system_stm32l4xx.o
LOAD ./Core/Src/usart.o
LOAD ./Core/Startup/startup_stm32l476rgtx.o
LOAD ./Drivers/STM32L4xx_HAL_Driver/Src/stm32l4xx_ll_dma.o
LOAD ./Drivers/STM32L4xx_HAL_Driver/Src/stm32l4xx_ll_exti.o
LOAD ./Drivers/STM32L4xx_HAL_Driver/Src/stm32l4xx_ll_gpio.o
LOAD ./Drivers/STM32L4xx_HAL_Driver/Src/stm32l4xx_ll_pwr.o
LOAD ./Drivers/STM32L4xx_HAL_Driver/Src/stm32l4xx_ll_rcc.o
LOAD ./Drivers/STM32L4xx_HAL_Driver/Src/stm32l4xx_ll_rtc.o
LOAD ./Drivers/STM32L4xx_HAL_Driver/Src/stm32l4xx_ll_spi.o
LOAD ./Drivers/STM32L4xx_HAL_Driver/Src/stm32l4xx_ll_usart.o
LOAD ./Drivers/STM32L4xx_HAL_Driver/Src/stm32l4xx_ll_utils.o
START GROUP
LOAD C:/ST/STM32CubeIDE_1.17.0/STM32CubeIDE/plugins/com.st.stm32cube.ide.mcu.externaltools.gnu-tools-for-stm32.12.3.rel1.win32_1.1.0.202410251130/tools/bin/../lib/gcc/arm-none-eabi/12.3.1/../../../../arm-none-eabi/lib/thumb/v7e-m+fp/hard\libc_nano.a
LOAD C:/ST/STM32CubeIDE_1.17.0/STM32CubeIDE/plugins/com.st.stm32cube.ide.mcu.externaltools.gnu-tools-for-stm32.12.3.rel1.win32_1.1.0.202410251130/tools/bin/../lib/gcc/arm-none-eabi/12.3.1/../../../../arm-none-eabi/lib/thumb/v7e-m+fp/hard\libm.a
END GROUP
START GROUP
LOAD C:/ST/STM32CubeIDE_1.17.0/STM32CubeIDE/plugins/com.st.stm32cube.ide.mcu.externaltools.gnu-tools-for-stm32.12.3.rel1.win32_1.1.0.202410251130/tools/bin/../lib/gcc/arm-none-eabi/12.3.1/thumb/v7e-m+fp/hard\libgcc.a
LOAD C:/ST/STM32CubeIDE_1.17.0/STM32CubeIDE/plugins/com.st.stm32cube.ide.mcu.externaltools.gnu-tools-for-stm32.12.3.rel1.win32_1.1.0.202410251130/tools/bin/../lib/gcc/arm-none-eabi/12.3.1/../../../../arm-none-eabi/lib/thumb/v7e-m+fp/hard\libc_nano.a
END GROUP
START GROUP
LOAD C:/ST/STM32CubeIDE_1.17.0/STM32CubeIDE/plugins/com.st.stm32cube.ide.mcu.externaltools.gnu-tools-for-stm32.12.3.rel1.win32_1.1.0.202410251130/tools/bin/../lib/gcc/arm-none-eabi/12.3.1/thumb/v7e-m+fp/hard\libgcc.a
LOAD C:/ST/STM32CubeIDE_1.17.0/STM32CubeIDE/plugins/com.st.stm32cube.ide.mcu.externaltools.gnu-tools-for-stm32.12.3.rel1.win32_1.1.0.202410251130/tools/bin/../lib/gcc/arm-none-eabi/12.3.1/../../../../arm-none-eabi/lib/thumb/v7e-m+fp/hard\libc_nano.a
LOAD C:/ST/STM32CubeIDE_1.17.0/STM32CubeIDE/plugins/com.st.stm32cube.ide.mcu.externaltools.gnu-tools-for-stm32.12.3.rel1.win32_1.1.0.202410251130/tools/bin/../lib/gcc/arm-none-eabi/12.3.1/../../../../arm-none-eabi/lib/thumb/v7e-m+fp/hard\libnosys.a
END GROUP
START GROUP
LOAD C:/ST/STM32CubeIDE_1.17.0/STM32CubeIDE/plugins/com.st.stm32cube.ide.mcu.externaltools.gnu-tools-for-stm32.12.3.rel1.win32_1.1.0.202410251130/tools/bin/../lib/gcc/arm-none-eabi/12.3.1/thumb/v7e-m+fp/hard\libgcc.a
LOAD C:/ST/STM32CubeIDE_1.17.0/STM32CubeIDE/plugins/com.st.stm32cube.ide.mcu.externaltools.gnu-tools-for-stm32.12.3.rel1.win32_1.1.0.202410251130/tools/bin/../lib/gcc/arm-none-eabi/12.3.1/../../../../arm-none-eabi/lib/thumb/v7e-m+fp/hard\libc_nano.a
LOAD C:/ST/STM32CubeIDE_1.17.0/STM32CubeIDE/plugins/com.st.stm32cube.ide.mcu.externaltools.gnu-tools-for-stm32.12.3.rel1.win32_1.1.0.202410251130/tools/bin/../lib/gcc/arm-none-eabi/12.3.1/../../../../arm-none-eabi/lib/thumb/v7e-m+fp/hard\libnosys.a
END GROUP
LOAD C:/ST/STM32CubeIDE_1.17.0/STM32CubeIDE/plugins/com.st.stm32cube.ide.mcu.externaltools.gnu-tools-for-stm32.12.3.rel1.win32_1.1.0.202410251130/tools/bin/../lib/gcc/arm-none-eabi/12.3.1/thumb/v7e-m+fp/hard/crtend.o
LOAD C:/ST/STM32CubeIDE_1.17.0/STM32CubeIDE/plugins/com.st.stm32cube.ide.mcu.externaltools.gnu-tools-for-stm32.12.3.rel1.win32_1.1.0.202410251130/tools/bin/../lib/gcc/arm-none-eabi/12.3.1/thumb/v7e-m+fp/hard/crtn.o
                0x20018000                        _estack = (ORIGIN (RAM) + LENGTH (RAM))
                0x00000200                        _Min_Heap_Size = 0x200
                0x00000400                        _Min_Stack_Size = 0x400

.isr_vector     0x08000000      0x188
                0x08000000                        . = ALIGN (0x4)
 *(.isr_vector)
 .isr_vector    0x08000000      0x188 ./Core/Startup/startup_stm32l476rgtx.o
                0x08000000                g_pfnVectors
                0x08000188                        . = ALIGN (0x4)

.text           0x08000188     0x141c
                0x08000188                        . = ALIGN (0x4)
 *(.text)
 .text          0x08000188       0x40 C:/ST/STM32CubeIDE_1.17.0/STM32CubeIDE/plugins/com.st.stm32cube.ide.mcu.externaltools.gnu-tools-for-stm32.12.3.rel1.win32_1.1.0.202410251130/tools/bin/../lib/gcc/arm-none-eabi/12.3.1/thumb/v7e-m+fp/hard/crtbegin.o
 *(.text*)
 .text.nRF24_TransmitPacket
                0x080001c8       0x7c ./Core/Src/RadioFunctions.o
                0x080001c8                nRF24_TransmitPacket
 .text.Init_Transceiver
                0x08000244       0x34 ./Core/Src/RadioFunctions.o
                0x08000244                Init_Transceiver
 .text.Config_RF_channel
                0x08000278       0x1a ./Core/Src/RadioFunctions.o
                0x08000278                Config_RF_channel
 .text.Config_CRC
                0x08000292       0x14 ./Core/Src/RadioFunctions.o
                0x08000292                Config_CRC
 *fill*         0x080002a6        0x2 
 .text.Config_PTX_adress
                0x080002a8      0x130 ./Core/Src/RadioFunctions.o
                0x080002a8                Config_PTX_adress
 .text.Config_ESB_Protocol
                0x080003d8       0x36 ./Core/Src/RadioFunctions.o
                0x080003d8                Config_ESB_Protocol
 .text.StopListen
                0x0800040e        0xc ./Core/Src/RadioFunctions.o
                0x0800040e                StopListen
 *fill*         0x0800041a        0x2 
 .text.Transmit_Message
                0x0800041c       0x74 ./Core/Src/RadioFunctions.o
                0x0800041c                Transmit_Message
 .text.LL_RCC_MSI_Enable
                0x08000490       0x10 ./Core/Src/clock.o
 .text.LL_RCC_MSI_IsReady
                0x080004a0       0x10 ./Core/Src/clock.o
 .text.LL_RCC_SetSysClkSource
                0x080004b0       0x14 ./Core/Src/clock.o
 .text.LL_PWR_SetRegulVoltageScaling
                0x080004c4       0x14 ./Core/Src/clock.o
 .text.LL_FLASH_SetLatency
                0x080004d8       0x14 ./Core/Src/clock.o
 .text.LL_RCC_SetAHBPrescaler.constprop.0
                0x080004ec       0x10 ./Core/Src/clock.o
 .text.SystemClock_Config_80M
                0x080004fc       0x80 ./Core/Src/clock.o
                0x080004fc                SystemClock_Config_80M
 .text.mySystick
                0x0800057c       0x28 ./Core/Src/clock.o
                0x0800057c                mySystick
 .text.SystemClock_2
                0x080005a4       0x50 ./Core/Src/clock.o
                0x080005a4                SystemClock_2
 .text.SystemClock_3
                0x080005f4       0x50 ./Core/Src/clock.o
                0x080005f4                SystemClock_3
 .text.SystemClock_4
                0x08000644        0x4 ./Core/Src/clock.o
                0x08000644                SystemClock_4
 .text.SystemClock_5_6_7_8
                0x08000648       0x6c ./Core/Src/clock.o
                0x08000648                SystemClock_5_6_7_8
 .text.LL_AHB2_GRP1_EnableClock
                0x080006b4       0x1c ./Core/Src/gpio.o
 .text.GPIO_init
                0x080006d0      0x138 ./Core/Src/gpio.o
                0x080006d0                GPIO_init
 .text.LED_GREEN
                0x08000808       0x14 ./Core/Src/gpio.o
                0x08000808                LED_GREEN
 .text.BLUE_BUTTON
                0x0800081c       0x14 ./Core/Src/gpio.o
                0x0800081c                BLUE_BUTTON
 .text.LL_RCC_LSE_IsReady
                0x08000830       0x10 ./Core/Src/main.o
 .text.LL_LPM_EnableDeepSleep
                0x08000840       0x10 ./Core/Src/main.o
 .text.LL_PWR_SetPowerMode
                0x08000850       0x14 ./Core/Src/main.o
 .text.RTC_wakeup_init
                0x08000864       0x54 ./Core/Src/main.o
 .text.RTC_wakeup_init_from_standby_or_shutdown
                0x080008b8       0x18 ./Core/Src/main.o
                0x080008b8                RTC_wakeup_init_from_standby_or_shutdown
 .text.RTC_wakeup_init_from_stop
                0x080008d0       0x30 ./Core/Src/main.o
                0x080008d0                RTC_wakeup_init_from_stop
 .text.startup.main
                0x08000900      0x2c0 ./Core/Src/main.o
                0x08000900                main
 .text.SysTick_Handler
                0x08000bc0       0xd4 ./Core/Src/main.o
                0x08000bc0                SysTick_Handler
 .text.RTC_WKUP_IRQHandler
                0x08000c94       0x10 ./Core/Src/main.o
                0x08000c94                RTC_WKUP_IRQHandler
 .text.nRF24_LL_RW
                0x08000ca4       0x34 ./Core/Src/nrf24.o
 .text.nRF24_ReadReg
                0x08000cd8       0x1c ./Core/Src/nrf24.o
 .text.nRF24_WriteReg
                0x08000cf4       0x3e ./Core/Src/nrf24.o
 .text.nRF24_ReadMBReg
                0x08000d32       0x2e ./Core/Src/nrf24.o
 .text.ReadReg  0x08000d60        0x4 ./Core/Src/nrf24.o
                0x08000d60                ReadReg
 .text.ReadMBReg
                0x08000d64        0x4 ./Core/Src/nrf24.o
                0x08000d64                ReadMBReg
 .text.nRF24_Check
                0x08000d68       0x5c ./Core/Src/nrf24.o
                0x08000d68                nRF24_Check
 .text.nRF24_SetPowerMode
                0x08000dc4       0x24 ./Core/Src/nrf24.o
                0x08000dc4                nRF24_SetPowerMode
 .text.nRF24_SetOperationalMode
                0x08000de8       0x1e ./Core/Src/nrf24.o
                0x08000de8                nRF24_SetOperationalMode
 .text.nRF24_SetCRCScheme
                0x08000e06       0x1e ./Core/Src/nrf24.o
                0x08000e06                nRF24_SetCRCScheme
 .text.nRF24_SetRFChannel
                0x08000e24        0x8 ./Core/Src/nrf24.o
                0x08000e24                nRF24_SetRFChannel
 .text.nRF24_SetAutoRetr
                0x08000e2c       0x10 ./Core/Src/nrf24.o
                0x08000e2c                nRF24_SetAutoRetr
 .text.nRF24_SetAddrWidth
                0x08000e3c        0xa ./Core/Src/nrf24.o
                0x08000e3c                nRF24_SetAddrWidth
 *fill*         0x08000e46        0x2 
 .text.nRF24_SetAddr
                0x08000e48       0x60 ./Core/Src/nrf24.o
                0x08000e48                nRF24_SetAddr
 .text.nRF24_SetTXPower
                0x08000ea8       0x1a ./Core/Src/nrf24.o
                0x08000ea8                nRF24_SetTXPower
 .text.nRF24_SetDataRate
                0x08000ec2       0x1a ./Core/Src/nrf24.o
                0x08000ec2                nRF24_SetDataRate
 .text.nRF24_SetRXPipe
                0x08000edc       0x58 ./Core/Src/nrf24.o
                0x08000edc                nRF24_SetRXPipe
 .text.nRF24_EnableAA
                0x08000f34       0x1e ./Core/Src/nrf24.o
                0x08000f34                nRF24_EnableAA
 .text.nRF24_GetStatus
                0x08000f52        0x6 ./Core/Src/nrf24.o
                0x08000f52                nRF24_GetStatus
 .text.nRF24_FlushTX
                0x08000f58        0x8 ./Core/Src/nrf24.o
                0x08000f58                nRF24_FlushTX
 .text.nRF24_FlushRX
                0x08000f60        0x8 ./Core/Src/nrf24.o
                0x08000f60                nRF24_FlushRX
 .text.nRF24_ClearIRQFlags
                0x08000f68       0x18 ./Core/Src/nrf24.o
                0x08000f68                nRF24_ClearIRQFlags
 .text.nRF24_Init
                0x08000f80       0x98 ./Core/Src/nrf24.o
                0x08000f80                nRF24_Init
 .text.nRF24_WritePayload
                0x08001018       0x2e ./Core/Src/nrf24.o
                0x08001018                nRF24_WritePayload
 *fill*         0x08001046        0x2 
 .text.SPI1_Init
                0x08001048       0xa0 ./Core/Src/spi.o
                0x08001048                SPI1_Init
 .text.NMI_Handler
                0x080010e8        0x2 ./Core/Src/stm32l4xx_it.o
                0x080010e8                NMI_Handler
 .text.HardFault_Handler
                0x080010ea        0x2 ./Core/Src/stm32l4xx_it.o
                0x080010ea                HardFault_Handler
 .text.MemManage_Handler
                0x080010ec        0x2 ./Core/Src/stm32l4xx_it.o
                0x080010ec                MemManage_Handler
 .text.BusFault_Handler
                0x080010ee        0x2 ./Core/Src/stm32l4xx_it.o
                0x080010ee                BusFault_Handler
 .text.UsageFault_Handler
                0x080010f0        0x2 ./Core/Src/stm32l4xx_it.o
                0x080010f0                UsageFault_Handler
 .text.SVC_Handler
                0x080010f2        0x2 ./Core/Src/stm32l4xx_it.o
                0x080010f2                SVC_Handler
 .text.DebugMon_Handler
                0x080010f4        0x2 ./Core/Src/stm32l4xx_it.o
                0x080010f4                DebugMon_Handler
 .text.PendSV_Handler
                0x080010f6        0x2 ./Core/Src/stm32l4xx_it.o
                0x080010f6                PendSV_Handler
 .text.EXTI0_IRQHandler
                0x080010f8       0x14 ./Core/Src/stm32l4xx_it.o
                0x080010f8                EXTI0_IRQHandler
 .text.SystemInit
                0x0800110c       0x48 ./Core/Src/system_stm32l4xx.o
                0x0800110c                SystemInit
 .text.UART_SendChar
                0x08001154       0x10 ./Core/Src/usart.o
                0x08001154                UART_SendChar
 .text.UART_SendStr
                0x08001164       0x12 ./Core/Src/usart.o
                0x08001164                UART_SendStr
 *fill*         0x08001176        0x2 
 .text.UART_SendBufHex
                0x08001178       0x2c ./Core/Src/usart.o
                0x08001178                UART_SendBufHex
 .text.UART_SendHex8
                0x080011a4       0x20 ./Core/Src/usart.o
                0x080011a4                UART_SendHex8
 .text.Reset_Handler
                0x080011c4       0x50 ./Core/Startup/startup_stm32l476rgtx.o
                0x080011c4                Reset_Handler
 .text.Default_Handler
                0x08001214        0x2 ./Core/Startup/startup_stm32l476rgtx.o
                0x08001214                RTC_Alarm_IRQHandler
                0x08001214                EXTI2_IRQHandler
                0x08001214                TIM8_TRG_COM_IRQHandler
                0x08001214                TIM8_CC_IRQHandler
                0x08001214                TIM1_CC_IRQHandler
                0x08001214                TSC_IRQHandler
                0x08001214                TAMP_STAMP_IRQHandler
                0x08001214                EXTI3_IRQHandler
                0x08001214                LPTIM2_IRQHandler
                0x08001214                DFSDM1_FLT1_IRQHandler
                0x08001214                I2C3_ER_IRQHandler
                0x08001214                DFSDM1_FLT2_IRQHandler
                0x08001214                I2C2_EV_IRQHandler
                0x08001214                CAN1_RX0_IRQHandler
                0x08001214                FPU_IRQHandler
                0x08001214                TIM1_UP_TIM16_IRQHandler
                0x08001214                ADC1_2_IRQHandler
                0x08001214                SPI1_IRQHandler
                0x08001214                TIM6_DAC_IRQHandler
                0x08001214                TIM8_UP_IRQHandler
                0x08001214                DMA2_Channel2_IRQHandler
                0x08001214                DMA1_Channel4_IRQHandler
                0x08001214                SAI2_IRQHandler
                0x08001214                DFSDM1_FLT3_IRQHandler
                0x08001214                USART3_IRQHandler
                0x08001214                DMA1_Channel7_IRQHandler
                0x08001214                CAN1_RX1_IRQHandler
                0x08001214                LCD_IRQHandler
                0x08001214                UART5_IRQHandler
                0x08001214                ADC3_IRQHandler
                0x08001214                TIM4_IRQHandler
                0x08001214                DMA2_Channel1_IRQHandler
                0x08001214                QUADSPI_IRQHandler
                0x08001214                I2C1_EV_IRQHandler
                0x08001214                DMA1_Channel6_IRQHandler
                0x08001214                UART4_IRQHandler
                0x08001214                DMA2_Channel4_IRQHandler
                0x08001214                TIM3_IRQHandler
                0x08001214                RCC_IRQHandler
                0x08001214                DMA1_Channel1_IRQHandler
                0x08001214                Default_Handler
                0x08001214                DMA2_Channel7_IRQHandler
                0x08001214                EXTI15_10_IRQHandler
                0x08001214                TIM7_IRQHandler
                0x08001214                SDMMC1_IRQHandler
                0x08001214                TIM5_IRQHandler
                0x08001214                I2C3_EV_IRQHandler
                0x08001214                EXTI9_5_IRQHandler
                0x08001214                PVD_PVM_IRQHandler
                0x08001214                SPI2_IRQHandler
                0x08001214                CAN1_TX_IRQHandler
                0x08001214                DMA2_Channel5_IRQHandler
                0x08001214                DMA1_Channel5_IRQHandler
                0x08001214                EXTI4_IRQHandler
                0x08001214                RNG_IRQHandler
                0x08001214                TIM1_TRG_COM_TIM17_IRQHandler
                0x08001214                DMA1_Channel3_IRQHandler
                0x08001214                COMP_IRQHandler
                0x08001214                WWDG_IRQHandler
                0x08001214                LPUART1_IRQHandler
                0x08001214                DMA2_Channel6_IRQHandler
                0x08001214                TIM2_IRQHandler
                0x08001214                EXTI1_IRQHandler
                0x08001214                USART2_IRQHandler
                0x08001214                DFSDM1_FLT0_IRQHandler
                0x08001214                I2C2_ER_IRQHandler
                0x08001214                DMA1_Channel2_IRQHandler
                0x08001214                TIM8_BRK_IRQHandler
                0x08001214                CAN1_SCE_IRQHandler
                0x08001214                FLASH_IRQHandler
                0x08001214                USART1_IRQHandler
                0x08001214                OTG_FS_IRQHandler
                0x08001214                SPI3_IRQHandler
                0x08001214                I2C1_ER_IRQHandler
                0x08001214                FMC_IRQHandler
                0x08001214                SWPMI1_IRQHandler
                0x08001214                LPTIM1_IRQHandler
                0x08001214                SAI1_IRQHandler
                0x08001214                DMA2_Channel3_IRQHandler
                0x08001214                TIM1_BRK_TIM15_IRQHandler
 *fill*         0x08001216        0x2 
 .text.LL_EXTI_Init
                0x08001218      0x148 ./Drivers/STM32L4xx_HAL_Driver/Src/stm32l4xx_ll_exti.o
                0x08001218                LL_EXTI_Init
 .text.LL_GPIO_Init
                0x08001360      0x146 ./Drivers/STM32L4xx_HAL_Driver/Src/stm32l4xx_ll_gpio.o
                0x08001360                LL_GPIO_Init
 .text.LL_SPI_Init
                0x080014a6       0x5c ./Drivers/STM32L4xx_HAL_Driver/Src/stm32l4xx_ll_spi.o
                0x080014a6                LL_SPI_Init
 .text.LL_mDelay
                0x08001502       0x26 ./Drivers/STM32L4xx_HAL_Driver/Src/stm32l4xx_ll_utils.o
                0x08001502                LL_mDelay
 .text.LL_SetSystemCoreClock
                0x08001528        0xc ./Drivers/STM32L4xx_HAL_Driver/Src/stm32l4xx_ll_utils.o
                0x08001528                LL_SetSystemCoreClock
 .text.memset   0x08001534       0x10 C:/ST/STM32CubeIDE_1.17.0/STM32CubeIDE/plugins/com.st.stm32cube.ide.mcu.externaltools.gnu-tools-for-stm32.12.3.rel1.win32_1.1.0.202410251130/tools/bin/../lib/gcc/arm-none-eabi/12.3.1/../../../../arm-none-eabi/lib/thumb/v7e-m+fp/hard\libc_nano.a(libc_a-memset.o)
                0x08001534                memset
 .text.__libc_init_array
                0x08001544       0x48 C:/ST/STM32CubeIDE_1.17.0/STM32CubeIDE/plugins/com.st.stm32cube.ide.mcu.externaltools.gnu-tools-for-stm32.12.3.rel1.win32_1.1.0.202410251130/tools/bin/../lib/gcc/arm-none-eabi/12.3.1/../../../../arm-none-eabi/lib/thumb/v7e-m+fp/hard\libc_nano.a(libc_a-init.o)
                0x08001544                __libc_init_array
 *(.glue_7)
 .glue_7        0x0800158c        0x0 linker stubs
 *(.glue_7t)
 .glue_7t       0x0800158c        0x0 linker stubs
 *(.eh_frame)
 .eh_frame      0x0800158c        0x0 C:/ST/STM32CubeIDE_1.17.0/STM32CubeIDE/plugins/com.st.stm32cube.ide.mcu.externaltools.gnu-tools-for-stm32.12.3.rel1.win32_1.1.0.202410251130/tools/bin/../lib/gcc/arm-none-eabi/12.3.1/thumb/v7e-m+fp/hard/crtbegin.o
 *(.init)
 .init          0x0800158c        0x4 C:/ST/STM32CubeIDE_1.17.0/STM32CubeIDE/plugins/com.st.stm32cube.ide.mcu.externaltools.gnu-tools-for-stm32.12.3.rel1.win32_1.1.0.202410251130/tools/bin/../lib/gcc/arm-none-eabi/12.3.1/thumb/v7e-m+fp/hard/crti.o
                0x0800158c                _init
 .init          0x08001590        0x8 C:/ST/STM32CubeIDE_1.17.0/STM32CubeIDE/plugins/com.st.stm32cube.ide.mcu.externaltools.gnu-tools-for-stm32.12.3.rel1.win32_1.1.0.202410251130/tools/bin/../lib/gcc/arm-none-eabi/12.3.1/thumb/v7e-m+fp/hard/crtn.o
 *(.fini)
 .fini          0x08001598        0x4 C:/ST/STM32CubeIDE_1.17.0/STM32CubeIDE/plugins/com.st.stm32cube.ide.mcu.externaltools.gnu-tools-for-stm32.12.3.rel1.win32_1.1.0.202410251130/tools/bin/../lib/gcc/arm-none-eabi/12.3.1/thumb/v7e-m+fp/hard/crti.o
                0x08001598                _fini
 .fini          0x0800159c        0x8 C:/ST/STM32CubeIDE_1.17.0/STM32CubeIDE/plugins/com.st.stm32cube.ide.mcu.externaltools.gnu-tools-for-stm32.12.3.rel1.win32_1.1.0.202410251130/tools/bin/../lib/gcc/arm-none-eabi/12.3.1/thumb/v7e-m+fp/hard/crtn.o
                0x080015a4                        . = ALIGN (0x4)
                0x080015a4                        _etext = .

.vfp11_veneer   0x080015a4        0x0
 .vfp11_veneer  0x080015a4        0x0 linker stubs

.v4_bx          0x080015a4        0x0
 .v4_bx         0x080015a4        0x0 linker stubs

.iplt           0x080015a4        0x0
 .iplt          0x080015a4        0x0 C:/ST/STM32CubeIDE_1.17.0/STM32CubeIDE/plugins/com.st.stm32cube.ide.mcu.externaltools.gnu-tools-for-stm32.12.3.rel1.win32_1.1.0.202410251130/tools/bin/../lib/gcc/arm-none-eabi/12.3.1/thumb/v7e-m+fp/hard/crtbegin.o

.rodata         0x080015a4       0xd0
                0x080015a4                        . = ALIGN (0x4)
 *(.rodata)
 *(.rodata*)
 .rodata.nRF24_TransmitPacket.str1.1
                0x080015a4        0x5 ./Core/Src/RadioFunctions.o
 .rodata.Init_Transceiver.str1.1
                0x080015a9       0x55 ./Core/Src/RadioFunctions.o
 .rodata.Transmit_Message.str1.1
                0x080015fe       0x3c ./Core/Src/RadioFunctions.o
                                 0x3f (size before relaxing)
 .rodata.SysTick_Handler.str1.1
                0x0800163a       0x13 ./Core/Src/main.o
 .rodata.nRF24_Check.str1.1
                0x0800164d        0x6 ./Core/Src/nrf24.o
 .rodata.nRF24_ADDR_REGS
                0x08001653        0x7 ./Core/Src/nrf24.o
 .rodata.nRF24_RX_PW_PIPE
                0x0800165a        0x6 ./Core/Src/nrf24.o
 .rodata.UART_SendBufHex.str1.1
                0x08001660       0x11 ./Core/Src/usart.o
                0x08001674                        . = ALIGN (0x4)
 *fill*         0x08001671        0x3 

.rel.dyn        0x08001674        0x0
 .rel.iplt      0x08001674        0x0 C:/ST/STM32CubeIDE_1.17.0/STM32CubeIDE/plugins/com.st.stm32cube.ide.mcu.externaltools.gnu-tools-for-stm32.12.3.rel1.win32_1.1.0.202410251130/tools/bin/../lib/gcc/arm-none-eabi/12.3.1/thumb/v7e-m+fp/hard/crtbegin.o

.ARM.extab      0x08001674        0x0
                0x08001674                        . = ALIGN (0x4)
 *(.ARM.extab* .gnu.linkonce.armextab.*)
                0x08001674                        . = ALIGN (0x4)

.ARM            0x08001674        0x0
                0x08001674                        . = ALIGN (0x4)
                0x08001674                        __exidx_start = .
 *(.ARM.exidx*)
                0x08001674                        __exidx_end = .
                0x08001674                        . = ALIGN (0x4)

.preinit_array  0x08001674        0x0
                0x08001674                        . = ALIGN (0x4)
                0x08001674                        PROVIDE (__preinit_array_start = .)
 *(.preinit_array*)
                0x08001674                        PROVIDE (__preinit_array_end = .)
                0x08001674                        . = ALIGN (0x4)

.init_array     0x08001674        0x4
                0x08001674                        . = ALIGN (0x4)
                0x08001674                        PROVIDE (__init_array_start = .)
 *(SORT_BY_NAME(.init_array.*))
 *(.init_array*)
 .init_array    0x08001674        0x4 C:/ST/STM32CubeIDE_1.17.0/STM32CubeIDE/plugins/com.st.stm32cube.ide.mcu.externaltools.gnu-tools-for-stm32.12.3.rel1.win32_1.1.0.202410251130/tools/bin/../lib/gcc/arm-none-eabi/12.3.1/thumb/v7e-m+fp/hard/crtbegin.o
                0x08001678                        PROVIDE (__init_array_end = .)
                0x08001678                        . = ALIGN (0x4)

.fini_array     0x08001678        0x4
                0x08001678                        . = ALIGN (0x4)
                [!provide]                        PROVIDE (__fini_array_start = .)
 *(SORT_BY_NAME(.fini_array.*))
 *(.fini_array*)
 .fini_array    0x08001678        0x4 C:/ST/STM32CubeIDE_1.17.0/STM32CubeIDE/plugins/com.st.stm32cube.ide.mcu.externaltools.gnu-tools-for-stm32.12.3.rel1.win32_1.1.0.202410251130/tools/bin/../lib/gcc/arm-none-eabi/12.3.1/thumb/v7e-m+fp/hard/crtbegin.o
                [!provide]                        PROVIDE (__fini_array_end = .)
                0x0800167c                        . = ALIGN (0x4)
                0x0800167c                        _sidata = LOADADDR (.data)

.data           0x20000000       0x34 load address 0x0800167c
                0x20000000                        . = ALIGN (0x4)
                0x20000000                        _sdata = .
 *(.data)
 *(.data*)
 .data.addresses_TX
                0x20000000       0x24 ./Core/Src/RadioFunctions.o
                0x20000000                addresses_TX
 .data.payload_length
                0x20000024        0x1 ./Core/Src/RadioFunctions.o
                0x20000024                payload_length
 .data.adr_data_pipe_used
                0x20000025        0x1 ./Core/Src/main.o
                0x20000025                adr_data_pipe_used
 .data.channel_nb
                0x20000026        0x1 ./Core/Src/main.o
                0x20000026                channel_nb
 .data.period_transmit
                0x20000027        0x1 ./Core/Src/main.o
                0x20000027                period_transmit
 .data.cptr_transmit
                0x20000028        0x1 ./Core/Src/main.o
                0x20000028                cptr_transmit
 *fill*         0x20000029        0x3 
 .data.expe     0x2000002c        0x4 ./Core/Src/main.o
                0x2000002c                expe
 .data.SystemCoreClock
                0x20000030        0x4 ./Core/Src/system_stm32l4xx.o
                0x20000030                SystemCoreClock
                0x20000034                        . = ALIGN (0x4)
                0x20000034                        _edata = .

.igot.plt       0x20000034        0x0 load address 0x080016b0
 .igot.plt      0x20000034        0x0 C:/ST/STM32CubeIDE_1.17.0/STM32CubeIDE/plugins/com.st.stm32cube.ide.mcu.externaltools.gnu-tools-for-stm32.12.3.rel1.win32_1.1.0.202410251130/tools/bin/../lib/gcc/arm-none-eabi/12.3.1/thumb/v7e-m+fp/hard/crtbegin.o
                0x20000034                        . = ALIGN (0x4)

.bss            0x20000034       0x4c load address 0x080016b0
                0x20000034                        _sbss = .
                0x20000034                        __bss_start__ = _sbss
 *(.bss)
 .bss           0x20000034       0x1c C:/ST/STM32CubeIDE_1.17.0/STM32CubeIDE/plugins/com.st.stm32cube.ide.mcu.externaltools.gnu-tools-for-stm32.12.3.rel1.win32_1.1.0.202410251130/tools/bin/../lib/gcc/arm-none-eabi/12.3.1/thumb/v7e-m+fp/hard/crtbegin.o
 *(.bss*)
 .bss.tx_result
                0x20000050        0x1 ./Core/Src/RadioFunctions.o
                0x20000050                tx_result
 .bss.Message   0x20000051       0x20 ./Core/Src/main.o
                0x20000051                Message
 .bss.cptr      0x20000071        0x1 ./Core/Src/main.o
                0x20000071                cptr
 *fill*         0x20000072        0x2 
 .bss.old_blue  0x20000074        0x4 ./Core/Src/main.o
                0x20000074                old_blue
 .bss.blue_mode
                0x20000078        0x4 ./Core/Src/main.o
                0x20000078                blue_mode
 .bss.ticks     0x2000007c        0x4 ./Core/Src/main.o
                0x2000007c                ticks
 *(COMMON)
                0x20000080                        . = ALIGN (0x4)
                0x20000080                        _ebss = .
                0x20000080                        __bss_end__ = _ebss

._user_heap_stack
                0x20000080      0x600 load address 0x080016b0
                0x20000080                        . = ALIGN (0x8)
                [!provide]                        PROVIDE (end = .)
                0x20000080                        PROVIDE (_end = .)
                0x20000280                        . = (. + _Min_Heap_Size)
 *fill*         0x20000080      0x200 
                0x20000680                        . = (. + _Min_Stack_Size)
 *fill*         0x20000280      0x400 
                0x20000680                        . = ALIGN (0x8)

/DISCARD/
 libc.a(*)
 libm.a(*)
 libgcc.a(*)

.ARM.attributes
                0x00000000       0x30
 *(.ARM.attributes)
 .ARM.attributes
                0x00000000       0x22 C:/ST/STM32CubeIDE_1.17.0/STM32CubeIDE/plugins/com.st.stm32cube.ide.mcu.externaltools.gnu-tools-for-stm32.12.3.rel1.win32_1.1.0.202410251130/tools/bin/../lib/gcc/arm-none-eabi/12.3.1/thumb/v7e-m+fp/hard/crti.o
 .ARM.attributes
                0x00000022       0x34 C:/ST/STM32CubeIDE_1.17.0/STM32CubeIDE/plugins/com.st.stm32cube.ide.mcu.externaltools.gnu-tools-for-stm32.12.3.rel1.win32_1.1.0.202410251130/tools/bin/../lib/gcc/arm-none-eabi/12.3.1/thumb/v7e-m+fp/hard/crtbegin.o
 .ARM.attributes
                0x00000056       0x34 ./Core/Src/RadioFunctions.o
 .ARM.attributes
                0x0000008a       0x34 ./Core/Src/clock.o
 .ARM.attributes
                0x000000be       0x34 ./Core/Src/gpio.o
 .ARM.attributes
                0x000000f2       0x34 ./Core/Src/main.o
 .ARM.attributes
                0x00000126       0x34 ./Core/Src/nrf24.o
 .ARM.attributes
                0x0000015a       0x34 ./Core/Src/spi.o
 .ARM.attributes
                0x0000018e       0x34 ./Core/Src/stm32l4xx_it.o
 .ARM.attributes
                0x000001c2       0x34 ./Core/Src/system_stm32l4xx.o
 .ARM.attributes
                0x000001f6       0x34 ./Core/Src/usart.o
 .ARM.attributes
                0x0000022a       0x21 ./Core/Startup/startup_stm32l476rgtx.o
 .ARM.attributes
                0x0000024b       0x34 ./Drivers/STM32L4xx_HAL_Driver/Src/stm32l4xx_ll_exti.o
 .ARM.attributes
                0x0000027f       0x34 ./Drivers/STM32L4xx_HAL_Driver/Src/stm32l4xx_ll_gpio.o
 .ARM.attributes
                0x000002b3       0x34 ./Drivers/STM32L4xx_HAL_Driver/Src/stm32l4xx_ll_spi.o
 .ARM.attributes
                0x000002e7       0x34 ./Drivers/STM32L4xx_HAL_Driver/Src/stm32l4xx_ll_utils.o
 .ARM.attributes
                0x0000031b       0x34 C:/ST/STM32CubeIDE_1.17.0/STM32CubeIDE/plugins/com.st.stm32cube.ide.mcu.externaltools.gnu-tools-for-stm32.12.3.rel1.win32_1.1.0.202410251130/tools/bin/../lib/gcc/arm-none-eabi/12.3.1/../../../../arm-none-eabi/lib/thumb/v7e-m+fp/hard\libc_nano.a(libc_a-memset.o)
 .ARM.attributes
                0x0000034f       0x34 C:/ST/STM32CubeIDE_1.17.0/STM32CubeIDE/plugins/com.st.stm32cube.ide.mcu.externaltools.gnu-tools-for-stm32.12.3.rel1.win32_1.1.0.202410251130/tools/bin/../lib/gcc/arm-none-eabi/12.3.1/../../../../arm-none-eabi/lib/thumb/v7e-m+fp/hard\libc_nano.a(libc_a-init.o)
 .ARM.attributes
                0x00000383       0x22 C:/ST/STM32CubeIDE_1.17.0/STM32CubeIDE/plugins/com.st.stm32cube.ide.mcu.externaltools.gnu-tools-for-stm32.12.3.rel1.win32_1.1.0.202410251130/tools/bin/../lib/gcc/arm-none-eabi/12.3.1/thumb/v7e-m+fp/hard/crtn.o
OUTPUT(L476_LoPoSo_LEDBlink_2024.elf elf32-littlearm)
LOAD linker stubs
LOAD C:/ST/STM32CubeIDE_1.17.0/STM32CubeIDE/plugins/com.st.stm32cube.ide.mcu.externaltools.gnu-tools-for-stm32.12.3.rel1.win32_1.1.0.202410251130/tools/bin/../lib/gcc/arm-none-eabi/12.3.1/../../../../arm-none-eabi/lib/thumb/v7e-m+fp/hard\libc.a
LOAD C:/ST/STM32CubeIDE_1.17.0/STM32CubeIDE/plugins/com.st.stm32cube.ide.mcu.externaltools.gnu-tools-for-stm32.12.3.rel1.win32_1.1.0.202410251130/tools/bin/../lib/gcc/arm-none-eabi/12.3.1/../../../../arm-none-eabi/lib/thumb/v7e-m+fp/hard\libm.a
LOAD C:/ST/STM32CubeIDE_1.17.0/STM32CubeIDE/plugins/com.st.stm32cube.ide.mcu.externaltools.gnu-tools-for-stm32.12.3.rel1.win32_1.1.0.202410251130/tools/bin/../lib/gcc/arm-none-eabi/12.3.1/thumb/v7e-m+fp/hard\libgcc.a

.comment        0x00000000       0x43
 .comment       0x00000000       0x43 ./Core/Src/RadioFunctions.o
                                 0x44 (size before relaxing)
 .comment       0x00000043       0x44 ./Core/Src/clock.o
 .comment       0x00000043       0x44 ./Core/Src/gpio.o
 .comment       0x00000043       0x44 ./Core/Src/main.o
 .comment       0x00000043       0x44 ./Core/Src/nrf24.o
 .comment       0x00000043       0x44 ./Core/Src/spi.o
 .comment       0x00000043       0x44 ./Core/Src/stm32l4xx_it.o
 .comment       0x00000043       0x44 ./Core/Src/system_stm32l4xx.o
 .comment       0x00000043       0x44 ./Core/Src/usart.o
 .comment       0x00000043       0x44 ./Drivers/STM32L4xx_HAL_Driver/Src/stm32l4xx_ll_exti.o
 .comment       0x00000043       0x44 ./Drivers/STM32L4xx_HAL_Driver/Src/stm32l4xx_ll_gpio.o
 .comment       0x00000043       0x44 ./Drivers/STM32L4xx_HAL_Driver/Src/stm32l4xx_ll_spi.o
 .comment       0x00000043       0x44 ./Drivers/STM32L4xx_HAL_Driver/Src/stm32l4xx_ll_utils.o

.debug_frame    0x00000000       0x4c
 .debug_frame   0x00000000       0x20 C:/ST/STM32CubeIDE_1.17.0/STM32CubeIDE/plugins/com.st.stm32cube.ide.mcu.externaltools.gnu-tools-for-stm32.12.3.rel1.win32_1.1.0.202410251130/tools/bin/../lib/gcc/arm-none-eabi/12.3.1/../../../../arm-none-eabi/lib/thumb/v7e-m+fp/hard\libc_nano.a(libc_a-memset.o)
 .debug_frame   0x00000020       0x2c C:/ST/STM32CubeIDE_1.17.0/STM32CubeIDE/plugins/com.st.stm32cube.ide.mcu.externaltools.gnu-tools-for-stm32.12.3.rel1.win32_1.1.0.202410251130/tools/bin/../lib/gcc/arm-none-eabi/12.3.1/../../../../arm-none-eabi/lib/thumb/v7e-m+fp/hard\libc_nano.a(libc_a-init.o)
