../Drivers/CMSIS/Include/core_cm4.h:1679:22:__NVIC_EnableIRQ	16	static,ignoring_inline_asm
../Drivers/CMSIS/Include/core_cm4.h:1809:22:__NVIC_SetPriority	16	static
../Drivers/STM32L4xx_HAL_Driver/Inc/stm32l4xx_ll_cortex.h:310:22:LL_LPM_EnableSleep	4	static
../Core/Src/Mode.c:14:6:INIT_RCC	8	static
../Core/Src/Mode.c:27:6:expe1_blue_mode	8	static,ignoring_inline_asm
../Core/Src/Mode.c:61:6:expe2	8	static
../Core/Src/Mode.c:85:6:expe2_blue_mode	4	static
../Core/Src/Mode.c:94:6:expe3	4	static
../Core/Src/Mode.c:112:6:expe3_blue_mode	8	static,ignoring_inline_asm
../Core/Src/Mode.c:145:6:expe4	8	static
../Core/Src/Mode.c:161:6:expe5	8	static
../Core/Src/Mode.c:185:6:expe5_blue_mode	8	static
../Core/Src/Mode.c:262:6:PWM_50Hz	4	static
