Archive member included to satisfy reference by file (symbol)

C:/ST/STM32CubeIDE_1.18.1/STM32CubeIDE/plugins/com.st.stm32cube.ide.mcu.externaltools.gnu-tools-for-stm32.13.3.rel1.win32_1.0.0.202411081344/tools/bin/../lib/gcc/arm-none-eabi/13.3.1/../../../../arm-none-eabi/lib/thumb/v7e-m+fp/hard\libc_nano.a(libc_a-exit.o)
                              C:/ST/STM32CubeIDE_1.18.1/STM32CubeIDE/plugins/com.st.stm32cube.ide.mcu.externaltools.gnu-tools-for-stm32.13.3.rel1.win32_1.0.0.202411081344/tools/bin/../lib/gcc/arm-none-eabi/13.3.1/../../../../arm-none-eabi/lib/thumb/v7e-m+fp/hard/crt0.o (exit)
C:/ST/STM32CubeIDE_1.18.1/STM32CubeIDE/plugins/com.st.stm32cube.ide.mcu.externaltools.gnu-tools-for-stm32.13.3.rel1.win32_1.0.0.202411081344/tools/bin/../lib/gcc/arm-none-eabi/13.3.1/../../../../arm-none-eabi/lib/thumb/v7e-m+fp/hard\libc_nano.a(libc_a-findfp.o)
                              C:/ST/STM32CubeIDE_1.18.1/STM32CubeIDE/plugins/com.st.stm32cube.ide.mcu.externaltools.gnu-tools-for-stm32.13.3.rel1.win32_1.0.0.202411081344/tools/bin/../lib/gcc/arm-none-eabi/13.3.1/../../../../arm-none-eabi/lib/thumb/v7e-m+fp/hard\libc_nano.a(libc_a-exit.o) (__stdio_exit_handler)
C:/ST/STM32CubeIDE_1.18.1/STM32CubeIDE/plugins/com.st.stm32cube.ide.mcu.externaltools.gnu-tools-for-stm32.13.3.rel1.win32_1.0.0.202411081344/tools/bin/../lib/gcc/arm-none-eabi/13.3.1/../../../../arm-none-eabi/lib/thumb/v7e-m+fp/hard\libc_nano.a(libc_a-fwalk.o)
                              C:/ST/STM32CubeIDE_1.18.1/STM32CubeIDE/plugins/com.st.stm32cube.ide.mcu.externaltools.gnu-tools-for-stm32.13.3.rel1.win32_1.0.0.202411081344/tools/bin/../lib/gcc/arm-none-eabi/13.3.1/../../../../arm-none-eabi/lib/thumb/v7e-m+fp/hard\libc_nano.a(libc_a-findfp.o) (_fwalk_sglue)
C:/ST/STM32CubeIDE_1.18.1/STM32CubeIDE/plugins/com.st.stm32cube.ide.mcu.externaltools.gnu-tools-for-stm32.13.3.rel1.win32_1.0.0.202411081344/tools/bin/../lib/gcc/arm-none-eabi/13.3.1/../../../../arm-none-eabi/lib/thumb/v7e-m+fp/hard\libc_nano.a(libc_a-stdio.o)
                              C:/ST/STM32CubeIDE_1.18.1/STM32CubeIDE/plugins/com.st.stm32cube.ide.mcu.externaltools.gnu-tools-for-stm32.13.3.rel1.win32_1.0.0.202411081344/tools/bin/../lib/gcc/arm-none-eabi/13.3.1/../../../../arm-none-eabi/lib/thumb/v7e-m+fp/hard\libc_nano.a(libc_a-findfp.o) (__sread)
C:/ST/STM32CubeIDE_1.18.1/STM32CubeIDE/plugins/com.st.stm32cube.ide.mcu.externaltools.gnu-tools-for-stm32.13.3.rel1.win32_1.0.0.202411081344/tools/bin/../lib/gcc/arm-none-eabi/13.3.1/../../../../arm-none-eabi/lib/thumb/v7e-m+fp/hard\libc_nano.a(libc_a-memset.o)
                              C:/ST/STM32CubeIDE_1.18.1/STM32CubeIDE/plugins/com.st.stm32cube.ide.mcu.externaltools.gnu-tools-for-stm32.13.3.rel1.win32_1.0.0.202411081344/tools/bin/../lib/gcc/arm-none-eabi/13.3.1/../../../../arm-none-eabi/lib/thumb/v7e-m+fp/hard/crt0.o (memset)
C:/ST/STM32CubeIDE_1.18.1/STM32CubeIDE/plugins/com.st.stm32cube.ide.mcu.externaltools.gnu-tools-for-stm32.13.3.rel1.win32_1.0.0.202411081344/tools/bin/../lib/gcc/arm-none-eabi/13.3.1/../../../../arm-none-eabi/lib/thumb/v7e-m+fp/hard\libc_nano.a(libc_a-closer.o)
                              C:/ST/STM32CubeIDE_1.18.1/STM32CubeIDE/plugins/com.st.stm32cube.ide.mcu.externaltools.gnu-tools-for-stm32.13.3.rel1.win32_1.0.0.202411081344/tools/bin/../lib/gcc/arm-none-eabi/13.3.1/../../../../arm-none-eabi/lib/thumb/v7e-m+fp/hard\libc_nano.a(libc_a-stdio.o) (_close_r)
C:/ST/STM32CubeIDE_1.18.1/STM32CubeIDE/plugins/com.st.stm32cube.ide.mcu.externaltools.gnu-tools-for-stm32.13.3.rel1.win32_1.0.0.202411081344/tools/bin/../lib/gcc/arm-none-eabi/13.3.1/../../../../arm-none-eabi/lib/thumb/v7e-m+fp/hard\libc_nano.a(libc_a-reent.o)
                              C:/ST/STM32CubeIDE_1.18.1/STM32CubeIDE/plugins/com.st.stm32cube.ide.mcu.externaltools.gnu-tools-for-stm32.13.3.rel1.win32_1.0.0.202411081344/tools/bin/../lib/gcc/arm-none-eabi/13.3.1/../../../../arm-none-eabi/lib/thumb/v7e-m+fp/hard\libc_nano.a(libc_a-closer.o) (errno)
C:/ST/STM32CubeIDE_1.18.1/STM32CubeIDE/plugins/com.st.stm32cube.ide.mcu.externaltools.gnu-tools-for-stm32.13.3.rel1.win32_1.0.0.202411081344/tools/bin/../lib/gcc/arm-none-eabi/13.3.1/../../../../arm-none-eabi/lib/thumb/v7e-m+fp/hard\libc_nano.a(libc_a-impure.o)
                              C:/ST/STM32CubeIDE_1.18.1/STM32CubeIDE/plugins/com.st.stm32cube.ide.mcu.externaltools.gnu-tools-for-stm32.13.3.rel1.win32_1.0.0.202411081344/tools/bin/../lib/gcc/arm-none-eabi/13.3.1/../../../../arm-none-eabi/lib/thumb/v7e-m+fp/hard\libc_nano.a(libc_a-reent.o) (_impure_ptr)
C:/ST/STM32CubeIDE_1.18.1/STM32CubeIDE/plugins/com.st.stm32cube.ide.mcu.externaltools.gnu-tools-for-stm32.13.3.rel1.win32_1.0.0.202411081344/tools/bin/../lib/gcc/arm-none-eabi/13.3.1/../../../../arm-none-eabi/lib/thumb/v7e-m+fp/hard\libc_nano.a(libc_a-lseekr.o)
[...]
Memory Configuration

Name             Origin             Length             Attributes
RAM              0x20000000         0x00018000         xrw
RAM2             0x10000000         0x00008000         xrw
FLASH            0x08000000         0x00100000         xr
*default*        0x00000000         0xffffffff

Linker script and memory map

LOAD C:/ST/STM32CubeIDE_1.18.1/STM32CubeIDE/plugins/com.st.stm32cube.ide.mcu.externaltools.gnu-tools-for-stm32.13.3.rel1.win32_1.0.0.202411081344/tools/bin/../lib/gcc/arm-none-eabi/13.3.1/thumb/v7e-m+fp/hard/crti.o
LOAD C:/ST/STM32CubeIDE_1.18.1/STM32CubeIDE/plugins/com.st.stm32cube.ide.mcu.externaltools.gnu-tools-for-stm32.13.3.rel1.win32_1.0.0.202411081344/tools/bin/../lib/gcc/arm-none-eabi/13.3.1/thumb/v7e-m+fp/hard/crtbegin.o
LOAD C:/ST/STM32CubeIDE_1.18.1/STM32CubeIDE/plugins/com.st.stm32cube.ide.mcu.externaltools.gnu-tools-for-stm32.13.3.rel1.win32_1.0.0.202411081344/tools/bin/../lib/gcc/arm-none-eabi/13.3.1/../../../../arm-none-eabi/lib/thumb/v7e-m+fp/hard/crt0.o
LOAD ./Core/Src/RadioFunctions.o
LOAD ./Core/Src/clock.o
LOAD ./Core/Src/gpio.o
LOAD ./Core/Src/main.o
LOAD ./Core/Src/nrf24.o
LOAD ./Core/Src/spi.o
LOAD ./Core/Src/stm32l4xx_it.o
LOAD ./Core/Src/syscalls.o
LOAD ./Core/Src/sysmem.o
LOAD ./Core/Src/system_stm32l4xx.o
LOAD ./Core/Src/usart.o
LOAD ./Core/Startup/startup_stm32l476rgtx.o
LOAD ./Drivers/STM32L4xx_HAL_Driver/Src/stm32l4xx_ll_dma.o
LOAD ./Drivers/STM32L4xx_HAL_Driver/Src/stm32l4xx_ll_exti.o
LOAD ./Drivers/STM32L4xx_HAL_Driver/Src/stm32l4xx_ll_gpio.o
LOAD ./Drivers/STM32L4xx_HAL_Driver/Src/stm32l4xx_ll_pwr.o
LOAD ./Drivers/STM32L4xx_HAL_Driver/Src/stm32l4xx_ll_rcc.o
LOAD ./Drivers/STM32L4xx_HAL_Driver/Src/stm32l4xx_ll_rtc.o
LOAD ./Drivers/STM32L4xx_HAL_Driver/Src/stm32l4xx_ll_spi.o
LOAD ./Drivers/STM32L4xx_HAL_Driver/Src/stm32l4xx_ll_usart.o
LOAD ./Drivers/STM32L4xx_HAL_Driver/Src/stm32l4xx_ll_utils.o
START GROUP
LOAD C:/ST/STM32CubeIDE_1.18.1/STM32CubeIDE/plugins/com.st.stm32cube.ide.mcu.externaltools.gnu-tools-for-stm32.13.3.rel1.win32_1.0.0.202411081344/tools/bin/../lib/gcc/arm-none-eabi/13.3.1/../../../../arm-none-eabi/lib/thumb/v7e-m+fp/hard\libc_nano.a
LOAD C:/ST/STM32CubeIDE_1.18.1/STM32CubeIDE/plugins/com.st.stm32cube.ide.mcu.externaltools.gnu-tools-for-stm32.13.3.rel1.win32_1.0.0.202411081344/tools/bin/../lib/gcc/arm-none-eabi/13.3.1/../../../../arm-none-eabi/lib/thumb/v7e-m+fp/hard\libm.a
END GROUP
START GROUP
LOAD C:/ST/STM32CubeIDE_1.18.1/STM32CubeIDE/plugins/com.st.stm32cube.ide.mcu.externaltools.gnu-tools-for-stm32.13.3.rel1.win32_1.0.0.202411081344/tools/bin/../lib/gcc/arm-none-eabi/13.3.1/thumb/v7e-m+fp/hard\libgcc.a
LOAD C:/ST/STM32CubeIDE_1.18.1/STM32CubeIDE/plugins/com.st.stm32cube.ide.mcu.externaltools.gnu-tools-for-stm32.13.3.rel1.win32_1.0.0.202411081344/tools/bin/../lib/gcc/arm-none-eabi/13.3.1/../../../../arm-none-eabi/lib/thumb/v7e-m+fp/hard\libc_nano.a
END GROUP
START GROUP
LOAD C:/ST/STM32CubeIDE_1.18.1/STM32CubeIDE/plugins/com.st.stm32cube.ide.mcu.externaltools.gnu-tools-for-stm32.13.3.rel1.win32_1.0.0.202411081344/tools/bin/../lib/gcc/arm-none-eabi/13.3.1/thumb/v7e-m+fp/hard\libgcc.a
LOAD C:/ST/STM32CubeIDE_1.18.1/STM32CubeIDE/plugins/com.st.stm32cube.ide.mcu.externaltools.gnu-tools-for-stm32.13.3.rel1.win32_1.0.0.202411081344/tools/bin/../lib/gcc/arm-none-eabi/13.3.1/../../../../arm-none-eabi/lib/thumb/v7e-m+fp/hard\libc_nano.a
LOAD C:/ST/STM32CubeIDE_1.18.1/STM32CubeIDE/plugins/com.st.stm32cube.ide.mcu.externaltools.gnu-tools-for-stm32.13.3.rel1.win32_1.0.0.202411081344/tools/bin/../lib/gcc/arm-none-eabi/13.3.1/../../../../arm-none-eabi/lib/thumb/v7e-m+fp/hard\libnosys.a
END GROUP
START GROUP
LOAD C:/ST/STM32CubeIDE_1.18.1/STM32CubeIDE/plugins/com.st.stm32cube.ide.mcu.externaltools.gnu-tools-for-stm32.13.3.rel1.win32_1.0.0.202411081344/tools/bin/../lib/gcc/arm-none-eabi/13.3.1/thumb/v7e-m+fp/hard\libgcc.a
LOAD C:/ST/STM32CubeIDE_1.18.1/STM32CubeIDE/plugins/com.st.stm32cube.ide.mcu.externaltools.gnu-tools-for-stm32.13.3.rel1.win32_1.0.0.202411081344/tools/bin/../lib/gcc/arm-none-eabi/13.3.1/../../../../arm-none-eabi/lib/thumb/v7e-m+fp/hard\libc_nano.a
LOAD C:/ST/STM32CubeIDE_1.18.1/STM32CubeIDE/plugins/com.st.stm32cube.ide.mcu.externaltools.gnu-tools-for-stm32.13.3.rel1.win32_1.0.0.202411081344/tools/bin/../lib/gcc/arm-none-eabi/13.3.1/../../../../arm-none-eabi/lib/thumb/v7e-m+fp/hard\libnosys.a
END GROUP
LOAD C:/ST/STM32CubeIDE_1.18.1/STM32CubeIDE/plugins/com.st.stm32cube.ide.mcu.externaltools.gnu-tools-for-stm32.13.3.rel1.win32_1.0.0.202411081344/tools/bin/../lib/gcc/arm-none-eabi/13.3.1/thumb/v7e-m+fp/hard/crtend.o
LOAD C:/ST/STM32CubeIDE_1.18.1/STM32CubeIDE/plugins/com.st.stm32cube.ide.mcu.externaltools.gnu-tools-for-stm32.13.3.rel1.win32_1.0.0.202411081344/tools/bin/../lib/gcc/arm-none-eabi/13.3.1/thumb/v7e-m+fp/hard/crtn.o
                0x20018000                        _estack = (ORIGIN (RAM) + LENGTH (RAM))
                0x00000200                        _Min_Heap_Size = 0x200
                0x00000400                        _Min_Stack_Size = 0x400

.isr_vector     0x08000000      0x188
                0x08000000                        . = ALIGN (0x4)
 *(.isr_vector)
 .isr_vector    0x08000000      0x188 ./Core/Startup/startup_stm32l476rgtx.o
                0x08000000                g_pfnVectors
                0x08000188                        . = ALIGN (0x4)

.text           0x08000188     0x2f40
                0x08000188                        . = ALIGN (0x4)
 *(.text)
 .text          0x08000188       0x40 C:/ST/STM32CubeIDE_1.18.1/STM32CubeIDE/plugins/com.st.stm32cube.ide.mcu.externaltools.gnu-tools-for-stm32.13.3.rel1.win32_1.0.0.202411081344/tools/bin/../lib/gcc/arm-none-eabi/13.3.1/thumb/v7e-m+fp/hard/crtbegin.o
 *(.text*)
 .text.LL_GPIO_SetOutputPin
                0x080001c8       0x1c ./Core/Src/RadioFunctions.o
 .text.LL_GPIO_ResetOutputPin
                0x080001e4       0x1c ./Core/Src/RadioFunctions.o
 .text.nRF24_CE_L
                0x08000200       0x14 ./Core/Src/RadioFunctions.o
 .text.nRF24_CE_H
                0x08000214       0x14 ./Core/Src/RadioFunctions.o
 .text.Delay_ms
                0x08000228       0x16 ./Core/Src/RadioFunctions.o
 *fill*         0x0800023e        0x2 
 .text.nRF24_TransmitPacket
                0x08000240       0xa0 ./Core/Src/RadioFunctions.o
                0x08000240                nRF24_TransmitPacket
 .text.Init_Transceiver
                0x080002e0       0x48 ./Core/Src/RadioFunctions.o
                0x080002e0                Init_Transceiver
 .text.Config_RF_channel
                0x08000328       0x32 ./Core/Src/RadioFunctions.o
                0x08000328                Config_RF_channel
 .text.Config_CRC
                0x0800035a       0x3a ./Core/Src/RadioFunctions.o
                0x0800035a                Config_CRC
 .text.Config_PTX_adress
                0x08000394      0x264 ./Core/Src/RadioFunctions.o
                0x08000394                Config_PTX_adress
 .text.Config_ESB_Protocol
                0x080005f8       0x48 ./Core/Src/RadioFunctions.o
                0x080005f8                Config_ESB_Protocol
 .text.StopListen
                0x08000640        0xc ./Core/Src/RadioFunctions.o
                0x08000640                StopListen
 .text.Transmit_Message
                0x0800064c       0xa8 ./Core/Src/RadioFunctions.o
                0x0800064c                Transmit_Message
 .text.__NVIC_SetPriority
                0x080006f4       0x54 ./Core/Src/clock.o
 .text.LL_RCC_LSE_Enable
                0x08000748       0x24 ./Core/Src/clock.o
 .text.LL_RCC_LSE_IsReady
                0x0800076c       0x28 ./Core/Src/clock.o
 .text.LL_RCC_MSI_Enable
                0x08000794       0x20 ./Core/Src/clock.o
 .text.LL_RCC_MSI_IsReady
                0x080007b4       0x24 ./Core/Src/clock.o
 .text.LL_RCC_MSI_EnablePLLMode
                0x080007d8       0x20 ./Core/Src/clock.o
 .text.LL_RCC_MSI_EnableRangeSelection
                0x080007f8       0x20 ./Core/Src/clock.o
 .text.LL_RCC_MSI_SetRange
                0x08000818       0x28 ./Core/Src/clock.o
 .text.LL_RCC_SetSysClkSource
                0x08000840       0x28 ./Core/Src/clock.o
 .text.LL_RCC_GetSysClkSource
                0x08000868       0x1c ./Core/Src/clock.o
 .text.LL_RCC_SetAHBPrescaler
                0x08000884       0x28 ./Core/Src/clock.o
 .text.LL_RCC_SetAPB1Prescaler
                0x080008ac       0x28 ./Core/Src/clock.o
 .text.LL_RCC_SetAPB2Prescaler
                0x080008d4       0x28 ./Core/Src/clock.o
 .text.LL_RCC_PLL_Enable
                0x080008fc       0x20 ./Core/Src/clock.o
 .text.LL_RCC_PLL_IsReady
                0x0800091c       0x28 ./Core/Src/clock.o
 .text.LL_RCC_PLL_ConfigDomain_SYS
                0x08000944       0x40 ./Core/Src/clock.o
 .text.LL_RCC_PLL_EnableDomain_SYS
                0x08000984       0x20 ./Core/Src/clock.o
 .text.LL_PWR_SetRegulVoltageScaling
                0x080009a4       0x28 ./Core/Src/clock.o
 .text.LL_FLASH_SetLatency
                0x080009cc       0x28 ./Core/Src/clock.o
 .text.SystemClock_Config_80M
                0x080009f4       0x74 ./Core/Src/clock.o
                0x080009f4                SystemClock_Config_80M
 .text.mySystick
                0x08000a68       0x40 ./Core/Src/clock.o
                0x08000a68                mySystick
 .text.SystemClock_2
                0x08000aa8       0x48 ./Core/Src/clock.o
                0x08000aa8                SystemClock_2
 .text.SystemClock_3
                0x08000af0       0x48 ./Core/Src/clock.o
                0x08000af0                SystemClock_3
 .text.SystemClock_4
                0x08000b38       0x48 ./Core/Src/clock.o
                0x08000b38                SystemClock_4
 .text.SystemClock_5_6_7_8
                0x08000b80       0x5c ./Core/Src/clock.o
                0x08000b80                SystemClock_5_6_7_8
 .text.__NVIC_GetPriorityGrouping
                0x08000bdc       0x1c ./Core/Src/gpio.o
 .text.__NVIC_EnableIRQ
                0x08000bf8       0x3c ./Core/Src/gpio.o
 .text.__NVIC_SetPriority
                0x08000c34       0x54 ./Core/Src/gpio.o
 .text.NVIC_EncodePriority
                0x08000c88       0x66 ./Core/Src/gpio.o
 *fill*         0x08000cee        0x2 
 .text.LL_AHB2_GRP1_EnableClock
                0x08000cf0       0x30 ./Core/Src/gpio.o
 .text.LL_GPIO_SetPinMode
                0x08000d20       0x7a ./Core/Src/gpio.o
 .text.LL_GPIO_SetPinPull
                0x08000d9a       0x7a ./Core/Src/gpio.o
 .text.LL_GPIO_IsInputPinSet
                0x08000e14       0x2a ./Core/Src/gpio.o
 .text.LL_GPIO_SetOutputPin
                0x08000e3e       0x1c ./Core/Src/gpio.o
 .text.LL_GPIO_ResetOutputPin
                0x08000e5a       0x1c ./Core/Src/gpio.o
 *fill*         0x08000e76        0x2 
 .text.LL_SYSCFG_SetEXTISource
                0x08000e78       0x6c ./Core/Src/gpio.o
 .text.GPIO_init
                0x08000ee4      0x140 ./Core/Src/gpio.o
                0x08000ee4                GPIO_init
 .text.LED_GREEN
                0x08001024       0x30 ./Core/Src/gpio.o
                0x08001024                LED_GREEN
 .text.BLUE_BUTTON
                0x08001054       0x24 ./Core/Src/gpio.o
                0x08001054                BLUE_BUTTON
 .text.__NVIC_SetPriorityGrouping
                0x08001078       0x48 ./Core/Src/main.o
 .text.__NVIC_EnableIRQ
                0x080010c0       0x3c ./Core/Src/main.o
 .text.__NVIC_SetPriority
                0x080010fc       0x54 ./Core/Src/main.o
 .text.LL_RCC_LSE_Enable
                0x08001150       0x24 ./Core/Src/main.o
 .text.LL_RCC_LSE_IsReady
                0x08001174       0x28 ./Core/Src/main.o
 .text.LL_RCC_MSI_EnablePLLMode
                0x0800119c       0x20 ./Core/Src/main.o
 .text.LL_RCC_SetRTCClockSource
                0x080011bc       0x2c ./Core/Src/main.o
 .text.LL_RCC_EnableRTC
                0x080011e8       0x24 ./Core/Src/main.o
 .text.LL_RCC_ForceBackupDomainReset
                0x0800120c       0x24 ./Core/Src/main.o
 .text.LL_RCC_ReleaseBackupDomainReset
                0x08001230       0x24 ./Core/Src/main.o
 .text.LL_APB1_GRP1_EnableClock
                0x08001254       0x30 ./Core/Src/main.o
 .text.LL_APB2_GRP1_EnableClock
                0x08001284       0x30 ./Core/Src/main.o
 .text.LL_SYSCFG_SetEXTISource
                0x080012b4       0x6c ./Core/Src/main.o
 .text.LL_EXTI_EnableIT_0_31
                0x08001320       0x24 ./Core/Src/main.o
 .text.LL_EXTI_EnableRisingTrig_0_31
                0x08001344       0x24 ./Core/Src/main.o
 .text.LL_EXTI_DisableRisingTrig_0_31
                0x08001368       0x28 ./Core/Src/main.o
 .text.LL_EXTI_EnableFallingTrig_0_31
                0x08001390       0x24 ./Core/Src/main.o
 .text.LL_EXTI_ClearFlag_0_31
                0x080013b4       0x20 ./Core/Src/main.o
 .text.LL_LPM_EnableSleep
                0x080013d4       0x20 ./Core/Src/main.o
 .text.LL_LPM_EnableDeepSleep
                0x080013f4       0x20 ./Core/Src/main.o
 .text.LL_PWR_EnableBkUpAccess
                0x08001414       0x20 ./Core/Src/main.o
 .text.LL_PWR_SetPowerMode
                0x08001434       0x28 ./Core/Src/main.o
 .text.LL_PWR_EnableInternWU
                0x0800145c       0x20 ./Core/Src/main.o
 .text.LL_RTC_EnableInitMode
                0x0800147c       0x1c ./Core/Src/main.o
 .text.LL_RTC_DisableInitMode
                0x08001498       0x1c ./Core/Src/main.o
 .text.LL_RTC_SetAsynchPrescaler
                0x080014b4       0x28 ./Core/Src/main.o
 .text.LL_RTC_SetSynchPrescaler
                0x080014dc       0x2a ./Core/Src/main.o
 .text.LL_RTC_EnableWriteProtection
                0x08001506       0x1a ./Core/Src/main.o
 .text.LL_RTC_DisableWriteProtection
                0x08001520       0x20 ./Core/Src/main.o
 .text.LL_RTC_WAKEUP_Enable
                0x08001540       0x20 ./Core/Src/main.o
 .text.LL_RTC_WAKEUP_Disable
                0x08001560       0x20 ./Core/Src/main.o
 .text.LL_RTC_WAKEUP_SetClock
                0x08001580       0x26 ./Core/Src/main.o
 .text.LL_RTC_WAKEUP_SetAutoReload
                0x080015a6       0x26 ./Core/Src/main.o
 .text.LL_RTC_BAK_SetRegister
                0x080015cc       0x32 ./Core/Src/main.o
 .text.LL_RTC_BAK_GetRegister
                0x080015fe       0x2e ./Core/Src/main.o
 .text.LL_RTC_ClearFlag_WUT
                0x0800162c       0x22 ./Core/Src/main.o
 .text.LL_RTC_IsActiveFlag_WUTW
                0x0800164e       0x26 ./Core/Src/main.o
 .text.LL_RTC_EnableIT_WUT
                0x08001674       0x20 ./Core/Src/main.o
 .text.Delay_ms
                0x08001694       0x16 ./Core/Src/main.o
 *fill*         0x080016aa        0x2 
 .text.RTC_wakeup_init
                0x080016ac       0x58 ./Core/Src/main.o
 .text.RTC_wakeup_init_from_standby_or_shutdown
                0x08001704       0x1a ./Core/Src/main.o
                0x08001704                RTC_wakeup_init_from_standby_or_shutdown
 .text.RTC_wakeup_init_from_stop
                0x0800171e       0x34 ./Core/Src/main.o
                0x0800171e                RTC_wakeup_init_from_stop
 *fill*         0x08001752        0x2 
 .text.Button_EXTI_Config
                0x08001754       0x3c ./Core/Src/main.o
                0x08001754                Button_EXTI_Config
 .text.EXTI15_10_IRQHandler
                0x08001790      0x13c ./Core/Src/main.o
                0x08001790                EXTI15_10_IRQHandler
 .text.main     0x080018cc      0x1b4 ./Core/Src/main.o
                0x080018cc                main
 .text.SysTick_Handler
                0x08001a80       0xf0 ./Core/Src/main.o
                0x08001a80                SysTick_Handler
 .text.RTC_WKUP_IRQHandler
                0x08001b70       0x10 ./Core/Src/main.o
                0x08001b70                RTC_WKUP_IRQHandler
 .text.LL_GPIO_SetOutputPin
                0x08001b80       0x1c ./Core/Src/nrf24.o
 .text.LL_GPIO_ResetOutputPin
                0x08001b9c       0x1c ./Core/Src/nrf24.o
 .text.LL_SPI_Enable
                0x08001bb8       0x20 ./Core/Src/nrf24.o
 .text.LL_SPI_SetRxFIFOThreshold
                0x08001bd8       0x26 ./Core/Src/nrf24.o
 .text.LL_SPI_IsActiveFlag_RXNE
                0x08001bfe       0x26 ./Core/Src/nrf24.o
 .text.LL_SPI_IsActiveFlag_TXE
                0x08001c24       0x26 ./Core/Src/nrf24.o
 .text.LL_SPI_IsActiveFlag_BSY
                0x08001c4a       0x26 ./Core/Src/nrf24.o
 .text.LL_SPI_ReceiveData8
                0x08001c70       0x1a ./Core/Src/nrf24.o
 .text.LL_SPI_TransmitData8
                0x08001c8a       0x24 ./Core/Src/nrf24.o
 .text.nRF24_CSN_L
                0x08001cae       0x12 ./Core/Src/nrf24.o
 .text.nRF24_CSN_H
                0x08001cc0       0x12 ./Core/Src/nrf24.o
 *fill*         0x08001cd2        0x2 
 .text.nRF24_LL_RW
                0x08001cd4       0x64 ./Core/Src/nrf24.o
 .text.nRF24_ReadReg
                0x08001d38       0x34 ./Core/Src/nrf24.o
 .text.nRF24_WriteReg
                0x08001d6c       0x70 ./Core/Src/nrf24.o
 .text.nRF24_ReadMBReg
                0x08001ddc       0x44 ./Core/Src/nrf24.o
 .text.nRF24_WriteMBReg
                0x08001e20       0x42 ./Core/Src/nrf24.o
 .text.ReadReg  0x08001e62       0x1c ./Core/Src/nrf24.o
                0x08001e62                ReadReg
 .text.ReadMBReg
                0x08001e7e       0x24 ./Core/Src/nrf24.o
                0x08001e7e                ReadMBReg
 .text.nRF24_Init
                0x08001ea2       0x98 ./Core/Src/nrf24.o
                0x08001ea2                nRF24_Init
 *fill*         0x08001f3a        0x2 
 .text.nRF24_Check
                0x08001f3c       0x5c ./Core/Src/nrf24.o
                0x08001f3c                nRF24_Check
 .text.nRF24_SetPowerMode
                0x08001f98       0x3e ./Core/Src/nrf24.o
                0x08001f98                nRF24_SetPowerMode
 .text.nRF24_SetOperationalMode
                0x08001fd6       0x42 ./Core/Src/nrf24.o
                0x08001fd6                nRF24_SetOperationalMode
 .text.nRF24_SetCRCScheme
                0x08002018       0x42 ./Core/Src/nrf24.o
                0x08002018                nRF24_SetCRCScheme
 .text.nRF24_SetRFChannel
                0x0800205a       0x1c ./Core/Src/nrf24.o
                0x0800205a                nRF24_SetRFChannel
 .text.nRF24_SetAutoRetr
                0x08002076       0x38 ./Core/Src/nrf24.o
                0x08002076                nRF24_SetAutoRetr
 .text.nRF24_SetAddrWidth
                0x080020ae       0x20 ./Core/Src/nrf24.o
                0x080020ae                nRF24_SetAddrWidth
 *fill*         0x080020ce        0x2 
 .text.nRF24_SetAddr
                0x080020d0       0x94 ./Core/Src/nrf24.o
                0x080020d0                nRF24_SetAddr
 .text.nRF24_SetTXPower
                0x08002164       0x3a ./Core/Src/nrf24.o
                0x08002164                nRF24_SetTXPower
 .text.nRF24_SetDataRate
                0x0800219e       0x36 ./Core/Src/nrf24.o
                0x0800219e                nRF24_SetDataRate
 .text.nRF24_SetRXPipe
                0x080021d4       0xa8 ./Core/Src/nrf24.o
                0x080021d4                nRF24_SetRXPipe
 .text.nRF24_EnableAA
                0x0800227c       0x3a ./Core/Src/nrf24.o
                0x0800227c                nRF24_EnableAA
 .text.nRF24_GetStatus
                0x080022b6       0x10 ./Core/Src/nrf24.o
                0x080022b6                nRF24_GetStatus
 .text.nRF24_FlushTX
                0x080022c6       0x10 ./Core/Src/nrf24.o
                0x080022c6                nRF24_FlushTX
 .text.nRF24_FlushRX
                0x080022d6       0x10 ./Core/Src/nrf24.o
                0x080022d6                nRF24_FlushRX
 .text.nRF24_ClearIRQFlags
                0x080022e6       0x2a ./Core/Src/nrf24.o
                0x080022e6                nRF24_ClearIRQFlags
 .text.nRF24_WritePayload
                0x08002310       0x20 ./Core/Src/nrf24.o
                0x08002310                nRF24_WritePayload
 .text.LL_AHB2_GRP1_EnableClock
                0x08002330       0x30 ./Core/Src/spi.o
 .text.LL_APB2_GRP1_EnableClock
                0x08002360       0x30 ./Core/Src/spi.o
 .text.LL_SPI_SetStandard
                0x08002390       0x26 ./Core/Src/spi.o
 .text.LL_SPI_DisableNSSPulseMgt
                0x080023b6       0x20 ./Core/Src/spi.o
 *fill*         0x080023d6        0x2 
 .text.SPI1_Init
                0x080023d8       0xac ./Core/Src/spi.o
                0x080023d8                SPI1_Init
 .text.LL_EXTI_IsActiveFlag_0_31
                0x08002484       0x2c ./Core/Src/stm32l4xx_it.o
 .text.LL_EXTI_ClearFlag_0_31
                0x080024b0       0x20 ./Core/Src/stm32l4xx_it.o
 .text.NMI_Handler
                0x080024d0        0xe ./Core/Src/stm32l4xx_it.o
                0x080024d0                NMI_Handler
 .text.HardFault_Handler
                0x080024de        0x8 ./Core/Src/stm32l4xx_it.o
                0x080024de                HardFault_Handler
 .text.MemManage_Handler
                0x080024e6        0x8 ./Core/Src/stm32l4xx_it.o
                0x080024e6                MemManage_Handler
 .text.BusFault_Handler
                0x080024ee        0x8 ./Core/Src/stm32l4xx_it.o
                0x080024ee                BusFault_Handler
 .text.UsageFault_Handler
                0x080024f6        0x8 ./Core/Src/stm32l4xx_it.o
                0x080024f6                UsageFault_Handler
 .text.SVC_Handler
                0x080024fe        0xe ./Core/Src/stm32l4xx_it.o
                0x080024fe                SVC_Handler
 .text.DebugMon_Handler
                0x0800250c        0xe ./Core/Src/stm32l4xx_it.o
                0x0800250c                DebugMon_Handler
 .text.PendSV_Handler
                0x0800251a        0xe ./Core/Src/stm32l4xx_it.o
                0x0800251a                PendSV_Handler
 .text.EXTI0_IRQHandler
                0x08002528       0x1a ./Core/Src/stm32l4xx_it.o
                0x08002528                EXTI0_IRQHandler
 *fill*         0x08002542        0x2 
 .text.SystemInit
                0x08002544       0x6c ./Core/Src/system_stm32l4xx.o
                0x08002544                SystemInit
 .text.LL_USART_IsActiveFlag_TXE
                0x080025b0       0x26 ./Core/Src/usart.o
 .text.LL_USART_TransmitData8
                0x080025d6       0x20 ./Core/Src/usart.o
 *fill*         0x080025f6        0x2 
 .text.UART_SendChar
                0x080025f8       0x30 ./Core/Src/usart.o
                0x080025f8                UART_SendChar
 .text.UART_SendStr
                0x08002628       0x2c ./Core/Src/usart.o
                0x08002628                UART_SendStr
 .text.UART_SendBufHex
                0x08002654       0x5c ./Core/Src/usart.o
                0x08002654                UART_SendBufHex
 .text.UART_SendHex8
                0x080026b0       0x38 ./Core/Src/usart.o
                0x080026b0                UART_SendHex8
 .text.Reset_Handler
                0x080026e8       0x50 ./Core/Startup/startup_stm32l476rgtx.o
                0x080026e8                Reset_Handler
 .text.Default_Handler
                0x08002738        0x2 ./Core/Startup/startup_stm32l476rgtx.o
                0x08002738                RTC_Alarm_IRQHandler
                0x08002738                EXTI2_IRQHandler
                0x08002738                TIM8_TRG_COM_IRQHandler
                0x08002738                TIM8_CC_IRQHandler
                0x08002738                TIM1_CC_IRQHandler
                0x08002738                TSC_IRQHandler
                0x08002738                TAMP_STAMP_IRQHandler
                0x08002738                EXTI3_IRQHandler
                0x08002738                LPTIM2_IRQHandler
                0x08002738                DFSDM1_FLT1_IRQHandler
                0x08002738                I2C3_ER_IRQHandler
                0x08002738                DFSDM1_FLT2_IRQHandler
                0x08002738                I2C2_EV_IRQHandler
                0x08002738                CAN1_RX0_IRQHandler
                0x08002738                FPU_IRQHandler
                0x08002738                TIM1_UP_TIM16_IRQHandler
                0x08002738                ADC1_2_IRQHandler
                0x08002738                SPI1_IRQHandler
                0x08002738                TIM6_DAC_IRQHandler
                0x08002738                TIM8_UP_IRQHandler
                0x08002738                DMA2_Channel2_IRQHandler
                0x08002738                DMA1_Channel4_IRQHandler
                0x08002738                SAI2_IRQHandler
                0x08002738                DFSDM1_FLT3_IRQHandler
                0x08002738                USART3_IRQHandler
                0x08002738                DMA1_Channel7_IRQHandler
                0x08002738                CAN1_RX1_IRQHandler
                0x08002738                LCD_IRQHandler
                0x08002738                UART5_IRQHandler
                0x08002738                ADC3_IRQHandler
                0x08002738                TIM4_IRQHandler
                0x08002738                DMA2_Channel1_IRQHandler
                0x08002738                QUADSPI_IRQHandler
                0x08002738                I2C1_EV_IRQHandler
                0x08002738                DMA1_Channel6_IRQHandler
                0x08002738                UART4_IRQHandler
                0x08002738                DMA2_Channel4_IRQHandler
                0x08002738                TIM3_IRQHandler
                0x08002738                RCC_IRQHandler
                0x08002738                DMA1_Channel1_IRQHandler
                0x08002738                Default_Handler
                0x08002738                DMA2_Channel7_IRQHandler
                0x08002738                TIM7_IRQHandler
                0x08002738                SDMMC1_IRQHandler
                0x08002738                TIM5_IRQHandler
                0x08002738                I2C3_EV_IRQHandler
                0x08002738                EXTI9_5_IRQHandler
                0x08002738                PVD_PVM_IRQHandler
                0x08002738                SPI2_IRQHandler
                0x08002738                CAN1_TX_IRQHandler
                0x08002738                DMA2_Channel5_IRQHandler
                0x08002738                DMA1_Channel5_IRQHandler
                0x08002738                EXTI4_IRQHandler
                0x08002738                RNG_IRQHandler
                0x08002738                TIM1_TRG_COM_TIM17_IRQHandler
                0x08002738                DMA1_Channel3_IRQHandler
                0x08002738                COMP_IRQHandler
                0x08002738                WWDG_IRQHandler
                0x08002738                LPUART1_IRQHandler
                0x08002738                DMA2_Channel6_IRQHandler
                0x08002738                TIM2_IRQHandler
                0x08002738                EXTI1_IRQHandler
                0x08002738                USART2_IRQHandler
                0x08002738                DFSDM1_FLT0_IRQHandler
                0x08002738                I2C2_ER_IRQHandler
                0x08002738                DMA1_Channel2_IRQHandler
                0x08002738                TIM8_BRK_IRQHandler
                0x08002738                CAN1_SCE_IRQHandler
                0x08002738                FLASH_IRQHandler
                0x08002738                USART1_IRQHandler
                0x08002738                OTG_FS_IRQHandler
                0x08002738                SPI3_IRQHandler
                0x08002738                I2C1_ER_IRQHandler
                0x08002738                FMC_IRQHandler
                0x08002738                SWPMI1_IRQHandler
                0x08002738                LPTIM1_IRQHandler
                0x08002738                SAI1_IRQHandler
                0x08002738                DMA2_Channel3_IRQHandler
                0x08002738                TIM1_BRK_TIM15_IRQHandler
 *fill*         0x0800273a        0x2 
 .text.LL_EXTI_EnableIT_0_31
                0x0800273c       0x24 ./Drivers/STM32L4xx_HAL_Driver/Src/stm32l4xx_ll_exti.o
 .text.LL_EXTI_EnableIT_32_63
                0x08002760       0x24 ./Drivers/STM32L4xx_HAL_Driver/Src/stm32l4xx_ll_exti.o
 .text.LL_EXTI_DisableIT_0_31
                0x08002784       0x28 ./Drivers/STM32L4xx_HAL_Driver/Src/stm32l4xx_ll_exti.o
 .text.LL_EXTI_DisableIT_32_63
                0x080027ac       0x28 ./Drivers/STM32L4xx_HAL_Driver/Src/stm32l4xx_ll_exti.o
 .text.LL_EXTI_EnableEvent_0_31
                0x080027d4       0x24 ./Drivers/STM32L4xx_HAL_Driver/Src/stm32l4xx_ll_exti.o
 .text.LL_EXTI_EnableEvent_32_63
                0x080027f8       0x24 ./Drivers/STM32L4xx_HAL_Driver/Src/stm32l4xx_ll_exti.o
 .text.LL_EXTI_DisableEvent_0_31
                0x0800281c       0x28 ./Drivers/STM32L4xx_HAL_Driver/Src/stm32l4xx_ll_exti.o
 .text.LL_EXTI_DisableEvent_32_63
                0x08002844       0x28 ./Drivers/STM32L4xx_HAL_Driver/Src/stm32l4xx_ll_exti.o
 .text.LL_EXTI_EnableRisingTrig_0_31
                0x0800286c       0x24 ./Drivers/STM32L4xx_HAL_Driver/Src/stm32l4xx_ll_exti.o
 .text.LL_EXTI_EnableRisingTrig_32_63
                0x08002890       0x24 ./Drivers/STM32L4xx_HAL_Driver/Src/stm32l4xx_ll_exti.o
 .text.LL_EXTI_DisableRisingTrig_0_31
                0x080028b4       0x28 ./Drivers/STM32L4xx_HAL_Driver/Src/stm32l4xx_ll_exti.o
 .text.LL_EXTI_DisableRisingTrig_32_63
                0x080028dc       0x28 ./Drivers/STM32L4xx_HAL_Driver/Src/stm32l4xx_ll_exti.o
 .text.LL_EXTI_EnableFallingTrig_0_31
                0x08002904       0x24 ./Drivers/STM32L4xx_HAL_Driver/Src/stm32l4xx_ll_exti.o
 .text.LL_EXTI_EnableFallingTrig_32_63
                0x08002928       0x24 ./Drivers/STM32L4xx_HAL_Driver/Src/stm32l4xx_ll_exti.o
 .text.LL_EXTI_DisableFallingTrig_0_31
                0x0800294c       0x28 ./Drivers/STM32L4xx_HAL_Driver/Src/stm32l4xx_ll_exti.o
 .text.LL_EXTI_DisableFallingTrig_32_63
                0x08002974       0x28 ./Drivers/STM32L4xx_HAL_Driver/Src/stm32l4xx_ll_exti.o
 .text.LL_EXTI_Init
                0x0800299c      0x1e8 ./Drivers/STM32L4xx_HAL_Driver/Src/stm32l4xx_ll_exti.o
                0x0800299c                LL_EXTI_Init
 .text.LL_GPIO_SetPinMode
                0x08002b84       0x7a ./Drivers/STM32L4xx_HAL_Driver/Src/stm32l4xx_ll_gpio.o
 .text.LL_GPIO_SetPinOutputType
                0x08002bfe       0x30 ./Drivers/STM32L4xx_HAL_Driver/Src/stm32l4xx_ll_gpio.o
 .text.LL_GPIO_SetPinSpeed
                0x08002c2e       0x7a ./Drivers/STM32L4xx_HAL_Driver/Src/stm32l4xx_ll_gpio.o
 .text.LL_GPIO_SetPinPull
                0x08002ca8       0x7a ./Drivers/STM32L4xx_HAL_Driver/Src/stm32l4xx_ll_gpio.o
 .text.LL_GPIO_SetAFPin_0_7
                0x08002d22       0x7a ./Drivers/STM32L4xx_HAL_Driver/Src/stm32l4xx_ll_gpio.o
 .text.LL_GPIO_SetAFPin_8_15
                0x08002d9c       0x7e ./Drivers/STM32L4xx_HAL_Driver/Src/stm32l4xx_ll_gpio.o
 .text.LL_GPIO_Init
                0x08002e1a       0xec ./Drivers/STM32L4xx_HAL_Driver/Src/stm32l4xx_ll_gpio.o
                0x08002e1a                LL_GPIO_Init
 .text.LL_SPI_IsEnabled
                0x08002f06       0x26 ./Drivers/STM32L4xx_HAL_Driver/Src/stm32l4xx_ll_spi.o
 .text.LL_SPI_SetCRCPolynomial
                0x08002f2c       0x20 ./Drivers/STM32L4xx_HAL_Driver/Src/stm32l4xx_ll_spi.o
 .text.LL_SPI_Init
                0x08002f4c       0x9c ./Drivers/STM32L4xx_HAL_Driver/Src/stm32l4xx_ll_spi.o
                0x08002f4c                LL_SPI_Init
 .text.LL_mDelay
                0x08002fe8       0x50 ./Drivers/STM32L4xx_HAL_Driver/Src/stm32l4xx_ll_utils.o
                0x08002fe8                LL_mDelay
 .text.LL_SetSystemCoreClock
                0x08003038       0x20 ./Drivers/STM32L4xx_HAL_Driver/Src/stm32l4xx_ll_utils.o
                0x08003038                LL_SetSystemCoreClock
 .text.memset   0x08003058       0x10 C:/ST/STM32CubeIDE_1.18.1/STM32CubeIDE/plugins/com.st.stm32cube.ide.mcu.externaltools.gnu-tools-for-stm32.13.3.rel1.win32_1.0.0.202411081344/tools/bin/../lib/gcc/arm-none-eabi/13.3.1/../../../../arm-none-eabi/lib/thumb/v7e-m+fp/hard\libc_nano.a(libc_a-memset.o)
                0x08003058                memset
 .text.__libc_init_array
                0x08003068       0x48 C:/ST/STM32CubeIDE_1.18.1/STM32CubeIDE/plugins/com.st.stm32cube.ide.mcu.externaltools.gnu-tools-for-stm32.13.3.rel1.win32_1.0.0.202411081344/tools/bin/../lib/gcc/arm-none-eabi/13.3.1/../../../../arm-none-eabi/lib/thumb/v7e-m+fp/hard\libc_nano.a(libc_a-init.o)
                0x08003068                __libc_init_array
 *(.glue_7)
 .glue_7        0x080030b0        0x0 linker stubs
 *(.glue_7t)
 .glue_7t       0x080030b0        0x0 linker stubs
 *(.eh_frame)
 .eh_frame      0x080030b0        0x0 C:/ST/STM32CubeIDE_1.18.1/STM32CubeIDE/plugins/com.st.stm32cube.ide.mcu.externaltools.gnu-tools-for-stm32.13.3.rel1.win32_1.0.0.202411081344/tools/bin/../lib/gcc/arm-none-eabi/13.3.1/thumb/v7e-m+fp/hard/crtbegin.o
 *(.init)
 .init          0x080030b0        0x4 C:/ST/STM32CubeIDE_1.18.1/STM32CubeIDE/plugins/com.st.stm32cube.ide.mcu.externaltools.gnu-tools-for-stm32.13.3.rel1.win32_1.0.0.202411081344/tools/bin/../lib/gcc/arm-none-eabi/13.3.1/thumb/v7e-m+fp/hard/crti.o
                0x080030b0                _init
 .init          0x080030b4        0x8 C:/ST/STM32CubeIDE_1.18.1/STM32CubeIDE/plugins/com.st.stm32cube.ide.mcu.externaltools.gnu-tools-for-stm32.13.3.rel1.win32_1.0.0.202411081344/tools/bin/../lib/gcc/arm-none-eabi/13.3.1/thumb/v7e-m+fp/hard/crtn.o
 *(.fini)
 .fini          0x080030bc        0x4 C:/ST/STM32CubeIDE_1.18.1/STM32CubeIDE/plugins/com.st.stm32cube.ide.mcu.externaltools.gnu-tools-for-stm32.13.3.rel1.win32_1.0.0.202411081344/tools/bin/../lib/gcc/arm-none-eabi/13.3.1/thumb/v7e-m+fp/hard/crti.o
                0x080030bc                _fini
 .fini          0x080030c0        0x8 C:/ST/STM32CubeIDE_1.18.1/STM32CubeIDE/plugins/com.st.stm32cube.ide.mcu.externaltools.gnu-tools-for-stm32.13.3.rel1.win32_1.0.0.202411081344/tools/bin/../lib/gcc/arm-none-eabi/13.3.1/thumb/v7e-m+fp/hard/crtn.o
                0x080030c8                        . = ALIGN (0x4)
                0x080030c8                        _etext = .

.vfp11_veneer   0x080030c8        0x0
 .vfp11_veneer  0x080030c8        0x0 linker stubs

.v4_bx          0x080030c8        0x0
 .v4_bx         0x080030c8        0x0 linker stubs

.iplt           0x080030c8        0x0
 .iplt          0x080030c8        0x0 C:/ST/STM32CubeIDE_1.18.1/STM32CubeIDE/plugins/com.st.stm32cube.ide.mcu.externaltools.gnu-tools-for-stm32.13.3.rel1.win32_1.0.0.202411081344/tools/bin/../lib/gcc/arm-none-eabi/13.3.1/thumb/v7e-m+fp/hard/crtbegin.o

.rodata         0x080030c8      0x134
                0x080030c8                        . = ALIGN (0x4)
 *(.rodata)
 .rodata        0x080030c8       0xf3 ./Core/Src/RadioFunctions.o
 *fill*         0x080031bb        0x1 
 .rodata        0x080031bc        0x6 ./Core/Src/nrf24.o
 *fill*         0x080031c2        0x2 
 .rodata        0x080031c4       0x11 ./Core/Src/usart.o
 *(.rodata*)
 *fill*         0x080031d5        0x3 
 .rodata.entete_message
                0x080031d8       0x11 ./Core/Src/main.o
                0x080031d8                entete_message
 *fill*         0x080031e9        0x3 
 .rodata.nRF24_RX_PW_PIPE
                0x080031ec        0x6 ./Core/Src/nrf24.o
 *fill*         0x080031f2        0x2 
 .rodata.nRF24_ADDR_REGS
                0x080031f4        0x7 ./Core/Src/nrf24.o
                0x080031fc                        . = ALIGN (0x4)
 *fill*         0x080031fb        0x1 

.rel.dyn        0x080031fc        0x0
 .rel.iplt      0x080031fc        0x0 C:/ST/STM32CubeIDE_1.18.1/STM32CubeIDE/plugins/com.st.stm32cube.ide.mcu.externaltools.gnu-tools-for-stm32.13.3.rel1.win32_1.0.0.202411081344/tools/bin/../lib/gcc/arm-none-eabi/13.3.1/thumb/v7e-m+fp/hard/crtbegin.o

.ARM.extab      0x080031fc        0x0
                0x080031fc                        . = ALIGN (0x4)
 *(.ARM.extab* .gnu.linkonce.armextab.*)
                0x080031fc                        . = ALIGN (0x4)

.ARM            0x080031fc        0x0
                0x080031fc                        . = ALIGN (0x4)
                0x080031fc                        __exidx_start = .
 *(.ARM.exidx*)
                0x080031fc                        __exidx_end = .
                0x080031fc                        . = ALIGN (0x4)

.preinit_array  0x080031fc        0x0
                0x080031fc                        . = ALIGN (0x4)
                0x080031fc                        PROVIDE (__preinit_array_start = .)
 *(.preinit_array*)
                0x080031fc                        PROVIDE (__preinit_array_end = .)
                0x080031fc                        . = ALIGN (0x4)

.init_array     0x080031fc        0x4
                0x080031fc                        . = ALIGN (0x4)
                0x080031fc                        PROVIDE (__init_array_start = .)
 *(SORT_BY_NAME(.init_array.*))
 *(.init_array*)
 .init_array    0x080031fc        0x4 C:/ST/STM32CubeIDE_1.18.1/STM32CubeIDE/plugins/com.st.stm32cube.ide.mcu.externaltools.gnu-tools-for-stm32.13.3.rel1.win32_1.0.0.202411081344/tools/bin/../lib/gcc/arm-none-eabi/13.3.1/thumb/v7e-m+fp/hard/crtbegin.o
                0x08003200                        PROVIDE (__init_array_end = .)
                0x08003200                        . = ALIGN (0x4)

.fini_array     0x08003200        0x4
                0x08003200                        . = ALIGN (0x4)
                [!provide]                        PROVIDE (__fini_array_start = .)
 *(SORT_BY_NAME(.fini_array.*))
 *(.fini_array*)
 .fini_array    0x08003200        0x4 C:/ST/STM32CubeIDE_1.18.1/STM32CubeIDE/plugins/com.st.stm32cube.ide.mcu.externaltools.gnu-tools-for-stm32.13.3.rel1.win32_1.0.0.202411081344/tools/bin/../lib/gcc/arm-none-eabi/13.3.1/thumb/v7e-m+fp/hard/crtbegin.o
                [!provide]                        PROVIDE (__fini_array_end = .)
                0x08003204                        . = ALIGN (0x4)
                0x08003204                        _sidata = LOADADDR (.data)

.data           0x20000000       0x34 load address 0x08003204
                0x20000000                        . = ALIGN (0x4)
                0x20000000                        _sdata = .
 *(.data)
 *(.data*)
 .data.payload_length
                0x20000000        0x1 ./Core/Src/RadioFunctions.o
                0x20000000                payload_length
 *fill*         0x20000001        0x3 
 .data.addresses_TX
                0x20000004       0x24 ./Core/Src/RadioFunctions.o
                0x20000004                addresses_TX
 .data.expe     0x20000028        0x4 ./Core/Src/main.o
                0x20000028                expe
 .data.cptr_transmit
                0x2000002c        0x1 ./Core/Src/main.o
                0x2000002c                cptr_transmit
 .data.period_transmit
                0x2000002d        0x1 ./Core/Src/main.o
                0x2000002d                period_transmit
 .data.channel_nb
                0x2000002e        0x1 ./Core/Src/main.o
                0x2000002e                channel_nb
 .data.adr_data_pipe_used
                0x2000002f        0x1 ./Core/Src/main.o
                0x2000002f                adr_data_pipe_used
 .data.SystemCoreClock
                0x20000030        0x4 ./Core/Src/system_stm32l4xx.o
                0x20000030                SystemCoreClock
                0x20000034                        . = ALIGN (0x4)
                0x20000034                        _edata = .

.igot.plt       0x20000034        0x0 load address 0x08003238
 .igot.plt      0x20000034        0x0 C:/ST/STM32CubeIDE_1.18.1/STM32CubeIDE/plugins/com.st.stm32cube.ide.mcu.externaltools.gnu-tools-for-stm32.13.3.rel1.win32_1.0.0.202411081344/tools/bin/../lib/gcc/arm-none-eabi/13.3.1/thumb/v7e-m+fp/hard/crtbegin.o
                0x20000034                        . = ALIGN (0x4)

.bss            0x20000034       0x50 load address 0x08003238
                0x20000034                        _sbss = .
                0x20000034                        __bss_start__ = _sbss
 *(.bss)
 .bss           0x20000034       0x1c C:/ST/STM32CubeIDE_1.18.1/STM32CubeIDE/plugins/com.st.stm32cube.ide.mcu.externaltools.gnu-tools-for-stm32.13.3.rel1.win32_1.0.0.202411081344/tools/bin/../lib/gcc/arm-none-eabi/13.3.1/thumb/v7e-m+fp/hard/crtbegin.o
 *(.bss*)
 .bss.tx_result
                0x20000050        0x1 ./Core/Src/RadioFunctions.o
                0x20000050                tx_result
 *fill*         0x20000051        0x3 
 .bss.ticks     0x20000054        0x4 ./Core/Src/main.o
                0x20000054                ticks
 .bss.blue_mode
                0x20000058        0x4 ./Core/Src/main.o
                0x20000058                blue_mode
 .bss.old_blue  0x2000005c        0x4 ./Core/Src/main.o
                0x2000005c                old_blue
 .bss.cptr      0x20000060        0x1 ./Core/Src/main.o
                0x20000060                cptr
 *fill*         0x20000061        0x3 
 .bss.Message   0x20000064       0x20 ./Core/Src/main.o
                0x20000064                Message
 *(COMMON)
                0x20000084                        . = ALIGN (0x4)
                0x20000084                        _ebss = .
                0x20000084                        __bss_end__ = _ebss

._user_heap_stack
                0x20000084      0x604 load address 0x08003238
                0x20000088                        . = ALIGN (0x8)
 *fill*         0x20000084        0x4 
                [!provide]                        PROVIDE (end = .)
                0x20000088                        PROVIDE (_end = .)
                0x20000288                        . = (. + _Min_Heap_Size)
 *fill*         0x20000088      0x200 
                0x20000688                        . = (. + _Min_Stack_Size)
 *fill*         0x20000288      0x400 
                0x20000688                        . = ALIGN (0x8)

/DISCARD/
 libc.a(*)
 libm.a(*)
 libgcc.a(*)

.ARM.attributes
                0x00000000       0x30
 *(.ARM.attributes)
 .ARM.attributes
                0x00000000       0x22 C:/ST/STM32CubeIDE_1.18.1/STM32CubeIDE/plugins/com.st.stm32cube.ide.mcu.externaltools.gnu-tools-for-stm32.13.3.rel1.win32_1.0.0.202411081344/tools/bin/../lib/gcc/arm-none-eabi/13.3.1/thumb/v7e-m+fp/hard/crti.o
 .ARM.attributes
                0x00000022       0x34 C:/ST/STM32CubeIDE_1.18.1/STM32CubeIDE/plugins/com.st.stm32cube.ide.mcu.externaltools.gnu-tools-for-stm32.13.3.rel1.win32_1.0.0.202411081344/tools/bin/../lib/gcc/arm-none-eabi/13.3.1/thumb/v7e-m+fp/hard/crtbegin.o
 .ARM.attributes
                0x00000056       0x34 ./Core/Src/RadioFunctions.o
 .ARM.attributes
                0x0000008a       0x34 ./Core/Src/clock.o
 .ARM.attributes
                0x000000be       0x34 ./Core/Src/gpio.o
 .ARM.attributes
                0x000000f2       0x34 ./Core/Src/main.o
 .ARM.attributes
                0x00000126       0x34 ./Core/Src/nrf24.o
 .ARM.attributes
                0x0000015a       0x34 ./Core/Src/spi.o
 .ARM.attributes
                0x0000018e       0x34 ./Core/Src/stm32l4xx_it.o
 .ARM.attributes
                0x000001c2       0x34 ./Core/Src/system_stm32l4xx.o
 .ARM.attributes
                0x000001f6       0x34 ./Core/Src/usart.o
 .ARM.attributes
                0x0000022a       0x21 ./Core/Startup/startup_stm32l476rgtx.o
 .ARM.attributes
                0x0000024b       0x34 ./Drivers/STM32L4xx_HAL_Driver/Src/stm32l4xx_ll_exti.o
 .ARM.attributes
                0x0000027f       0x34 ./Drivers/STM32L4xx_HAL_Driver/Src/stm32l4xx_ll_gpio.o
 .ARM.attributes
                0x000002b3       0x34 ./Drivers/STM32L4xx_HAL_Driver/Src/stm32l4xx_ll_spi.o
 .ARM.attributes
                0x000002e7       0x34 ./Drivers/STM32L4xx_HAL_Driver/Src/stm32l4xx_ll_utils.o
 .ARM.attributes
                0x0000031b       0x34 C:/ST/STM32CubeIDE_1.18.1/STM32CubeIDE/plugins/com.st.stm32cube.ide.mcu.externaltools.gnu-tools-for-stm32.13.3.rel1.win32_1.0.0.202411081344/tools/bin/../lib/gcc/arm-none-eabi/13.3.1/../../../../arm-none-eabi/lib/thumb/v7e-m+fp/hard\libc_nano.a(libc_a-memset.o)
 .ARM.attributes
                0x0000034f       0x34 C:/ST/STM32CubeIDE_1.18.1/STM32CubeIDE/plugins/com.st.stm32cube.ide.mcu.externaltools.gnu-tools-for-stm32.13.3.rel1.win32_1.0.0.202411081344/tools/bin/../lib/gcc/arm-none-eabi/13.3.1/../../../../arm-none-eabi/lib/thumb/v7e-m+fp/hard\libc_nano.a(libc_a-init.o)
 .ARM.attributes
                0x00000383       0x22 C:/ST/STM32CubeIDE_1.18.1/STM32CubeIDE/plugins/com.st.stm32cube.ide.mcu.externaltools.gnu-tools-for-stm32.13.3.rel1.win32_1.0.0.202411081344/tools/bin/../lib/gcc/arm-none-eabi/13.3.1/thumb/v7e-m+fp/hard/crtn.o
OUTPUT(L476_LoPoSo_LEDBlink_2024.elf elf32-littlearm)
LOAD linker stubs
LOAD C:/ST/STM32CubeIDE_1.18.1/STM32CubeIDE/plugins/com.st.stm32cube.ide.mcu.externaltools.gnu-tools-for-stm32.13.3.rel1.win32_1.0.0.202411081344/tools/bin/../lib/gcc/arm-none-eabi/13.3.1/../../../../arm-none-eabi/lib/thumb/v7e-m+fp/hard\libc.a
LOAD C:/ST/STM32CubeIDE_1.18.1/STM32CubeIDE/plugins/com.st.stm32cube.ide.mcu.externaltools.gnu-tools-for-stm32.13.3.rel1.win32_1.0.0.202411081344/tools/bin/../lib/gcc/arm-none-eabi/13.3.1/../../../../arm-none-eabi/lib/thumb/v7e-m+fp/hard\libm.a
LOAD C:/ST/STM32CubeIDE_1.18.1/STM32CubeIDE/plugins/com.st.stm32cube.ide.mcu.externaltools.gnu-tools-for-stm32.13.3.rel1.win32_1.0.0.202411081344/tools/bin/../lib/gcc/arm-none-eabi/13.3.1/thumb/v7e-m+fp/hard\libgcc.a

.debug_info     0x00000000     0x8028
 .debug_info    0x00000000      0x885 ./Core/Src/RadioFunctions.o
 .debug_info    0x00000885      0xdb1 ./Core/Src/clock.o
 .debug_info    0x00001636      0xf13 ./Core/Src/gpio.o
 .debug_info    0x00002549     0x1900 ./Core/Src/main.o
 .debug_info    0x00003e49      0xc2f ./Core/Src/nrf24.o
 .debug_info    0x00004a78      0x5d0 ./Core/Src/spi.o
 .debug_info    0x00005048      0x28d ./Core/Src/stm32l4xx_it.o
 .debug_info    0x000052d5      0x5c7 ./Core/Src/system_stm32l4xx.o
 .debug_info    0x0000589c      0x7cf ./Core/Src/usart.o
 .debug_info    0x0000606b       0x30 ./Core/Startup/startup_stm32l476rgtx.o
 .debug_info    0x0000609b      0x4cd ./Drivers/STM32L4xx_HAL_Driver/Src/stm32l4xx_ll_exti.o
 .debug_info    0x00006568      0x94b ./Drivers/STM32L4xx_HAL_Driver/Src/stm32l4xx_ll_gpio.o
 .debug_info    0x00006eb3      0x537 ./Drivers/STM32L4xx_HAL_Driver/Src/stm32l4xx_ll_spi.o
 .debug_info    0x000073ea      0xc3e ./Drivers/STM32L4xx_HAL_Driver/Src/stm32l4xx_ll_utils.o

.debug_abbrev   0x00000000     0x1baa
 .debug_abbrev  0x00000000      0x2ae ./Core/Src/RadioFunctions.o
 .debug_abbrev  0x000002ae      0x1d6 ./Core/Src/clock.o
 .debug_abbrev  0x00000484      0x2b5 ./Core/Src/gpio.o
 .debug_abbrev  0x00000739      0x3b1 ./Core/Src/main.o
 .debug_abbrev  0x00000aea      0x2ef ./Core/Src/nrf24.o
 .debug_abbrev  0x00000dd9      0x197 ./Core/Src/spi.o
 .debug_abbrev  0x00000f70      0x14d ./Core/Src/stm32l4xx_it.o
 .debug_abbrev  0x000010bd      0x13f ./Core/Src/system_stm32l4xx.o
 .debug_abbrev  0x000011fc      0x1e8 ./Core/Src/usart.o
 .debug_abbrev  0x000013e4       0x24 ./Core/Startup/startup_stm32l476rgtx.o
 .debug_abbrev  0x00001408      0x188 ./Drivers/STM32L4xx_HAL_Driver/Src/stm32l4xx_ll_exti.o
 .debug_abbrev  0x00001590      0x235 ./Drivers/STM32L4xx_HAL_Driver/Src/stm32l4xx_ll_gpio.o
 .debug_abbrev  0x000017c5      0x186 ./Drivers/STM32L4xx_HAL_Driver/Src/stm32l4xx_ll_spi.o
 .debug_abbrev  0x0000194b      0x25f ./Drivers/STM32L4xx_HAL_Driver/Src/stm32l4xx_ll_utils.o

.debug_aranges  0x00000000      0x988
 .debug_aranges
                0x00000000       0x98 ./Core/Src/RadioFunctions.o
 .debug_aranges
                0x00000098       0xe0 ./Core/Src/clock.o
 .debug_aranges
                0x00000178       0x88 ./Core/Src/gpio.o
 .debug_aranges
                0x00000200      0x198 ./Core/Src/main.o
 .debug_aranges
                0x00000398      0x1c0 ./Core/Src/nrf24.o
 .debug_aranges
                0x00000558       0x40 ./Core/Src/spi.o
 .debug_aranges
                0x00000598       0x70 ./Core/Src/stm32l4xx_it.o
 .debug_aranges
                0x00000608       0x28 ./Core/Src/system_stm32l4xx.o
 .debug_aranges
                0x00000630       0x78 ./Core/Src/usart.o
 .debug_aranges
                0x000006a8       0x28 ./Core/Startup/startup_stm32l476rgtx.o
 .debug_aranges
                0x000006d0       0xb0 ./Drivers/STM32L4xx_HAL_Driver/Src/stm32l4xx_ll_exti.o
 .debug_aranges
                0x00000780       0x70 ./Drivers/STM32L4xx_HAL_Driver/Src/stm32l4xx_ll_gpio.o
 .debug_aranges
                0x000007f0       0x60 ./Drivers/STM32L4xx_HAL_Driver/Src/stm32l4xx_ll_spi.o
 .debug_aranges
                0x00000850      0x138 ./Drivers/STM32L4xx_HAL_Driver/Src/stm32l4xx_ll_utils.o

.debug_rnglists
                0x00000000      0x6f7
 .debug_rnglists
                0x00000000       0x72 ./Core/Src/RadioFunctions.o
 .debug_rnglists
                0x00000072       0xa3 ./Core/Src/clock.o
 .debug_rnglists
                0x00000115       0x62 ./Core/Src/gpio.o
 .debug_rnglists
                0x00000177      0x130 ./Core/Src/main.o
 .debug_rnglists
                0x000002a7      0x14f ./Core/Src/nrf24.o
 .debug_rnglists
                0x000003f6       0x2c ./Core/Src/spi.o
 .debug_rnglists
                0x00000422       0x4f ./Core/Src/stm32l4xx_it.o
 .debug_rnglists
                0x00000471       0x1a ./Core/Src/system_stm32l4xx.o
 .debug_rnglists
                0x0000048b       0x56 ./Core/Src/usart.o
 .debug_rnglists
                0x000004e1       0x19 ./Core/Startup/startup_stm32l476rgtx.o
 .debug_rnglists
                0x000004fa       0x80 ./Drivers/STM32L4xx_HAL_Driver/Src/stm32l4xx_ll_exti.o
 .debug_rnglists
                0x0000057a       0x51 ./Drivers/STM32L4xx_HAL_Driver/Src/stm32l4xx_ll_gpio.o
 .debug_rnglists
                0x000005cb       0x44 ./Drivers/STM32L4xx_HAL_Driver/Src/stm32l4xx_ll_spi.o
 .debug_rnglists
                0x0000060f       0xe8 ./Drivers/STM32L4xx_HAL_Driver/Src/stm32l4xx_ll_utils.o

.debug_macro    0x00000000    0x1feaf
 .debug_macro   0x00000000      0x132 ./Core/Src/RadioFunctions.o
 .debug_macro   0x00000132      0xb26 ./Core/Src/RadioFunctions.o
 .debug_macro   0x00000c58       0x76 ./Core/Src/RadioFunctions.o
 .debug_macro   0x00000cce       0x2e ./Core/Src/RadioFunctions.o
 .debug_macro   0x00000cfc       0x28 ./Core/Src/RadioFunctions.o
 .debug_macro   0x00000d24       0x22 ./Core/Src/RadioFunctions.o
 .debug_macro   0x00000d46       0x8e ./Core/Src/RadioFunctions.o
 .debug_macro   0x00000dd4       0x51 ./Core/Src/RadioFunctions.o
 .debug_macro   0x00000e25      0x103 ./Core/Src/RadioFunctions.o
 .debug_macro   0x00000f28       0x6a ./Core/Src/RadioFunctions.o
 .debug_macro   0x00000f92      0x1df ./Core/Src/RadioFunctions.o
 .debug_macro   0x00001171       0x1c ./Core/Src/RadioFunctions.o
 .debug_macro   0x0000118d       0x22 ./Core/Src/RadioFunctions.o
 .debug_macro   0x000011af       0xfb ./Core/Src/RadioFunctions.o
 .debug_macro   0x000012aa     0x1011 ./Core/Src/RadioFunctions.o
 .debug_macro   0x000022bb      0x11f ./Core/Src/RadioFunctions.o
 .debug_macro   0x000023da    0x1a13d ./Core/Src/RadioFunctions.o
 .debug_macro   0x0001c517       0x43 ./Core/Src/RadioFunctions.o
 .debug_macro   0x0001c55a      0x164 ./Core/Src/RadioFunctions.o
 .debug_macro   0x0001c6be      0x1d3 ./Core/Src/RadioFunctions.o
 .debug_macro   0x0001c891      0x2f7 ./Core/Src/RadioFunctions.o
 .debug_macro   0x0001cb88       0xa7 ./Core/Src/RadioFunctions.o
 .debug_macro   0x0001cc2f       0x76 ./Core/Src/RadioFunctions.o
 .debug_macro   0x0001cca5      0x186 ./Core/Src/RadioFunctions.o
 .debug_macro   0x0001ce2b       0x10 ./Core/Src/RadioFunctions.o
 .debug_macro   0x0001ce3b      0x117 ./Core/Src/clock.o
 .debug_macro   0x0001cf52      0x1b9 ./Core/Src/clock.o
 .debug_macro   0x0001d10b      0x716 ./Core/Src/clock.o
 .debug_macro   0x0001d821      0x208 ./Core/Src/clock.o
 .debug_macro   0x0001da29      0x4e5 ./Core/Src/clock.o
 .debug_macro   0x0001df0e      0x1a7 ./Core/Src/clock.o
 .debug_macro   0x0001e0b5      0x2f5 ./Core/Src/clock.o
 .debug_macro   0x0001e3aa      0x101 ./Core/Src/gpio.o
 .debug_macro   0x0001e4ab      0x16a ./Core/Src/gpio.o
 .debug_macro   0x0001e615      0x164 ./Core/Src/gpio.o
 .debug_macro   0x0001e779      0x1a4 ./Core/Src/main.o
 .debug_macro   0x0001e91d      0x1bf ./Core/Src/main.o
 .debug_macro   0x0001eadc      0x2cb ./Core/Src/main.o
 .debug_macro   0x0001eda7       0x22 ./Core/Src/main.o
 .debug_macro   0x0001edc9      0x11f ./Core/Src/nrf24.o
 .debug_macro   0x0001eee8      0x102 ./Core/Src/spi.o
 .debug_macro   0x0001efea      0x15d ./Core/Src/stm32l4xx_it.o
 .debug_macro   0x0001f147       0xd4 ./Core/Src/system_stm32l4xx.o
 .debug_macro   0x0001f21b       0xff ./Core/Src/usart.o
 .debug_macro   0x0001f31a      0x2f1 ./Core/Src/usart.o
 .debug_macro   0x0001f60b       0xfb ./Drivers/STM32L4xx_HAL_Driver/Src/stm32l4xx_ll_exti.o
 .debug_macro   0x0001f706      0x15e ./Drivers/STM32L4xx_HAL_Driver/Src/stm32l4xx_ll_exti.o
 .debug_macro   0x0001f864      0x110 ./Drivers/STM32L4xx_HAL_Driver/Src/stm32l4xx_ll_gpio.o
 .debug_macro   0x0001f974      0x12e ./Drivers/STM32L4xx_HAL_Driver/Src/stm32l4xx_ll_spi.o
 .debug_macro   0x0001faa2      0x1cd ./Drivers/STM32L4xx_HAL_Driver/Src/stm32l4xx_ll_spi.o
 .debug_macro   0x0001fc6f      0x19f ./Drivers/STM32L4xx_HAL_Driver/Src/stm32l4xx_ll_utils.o
 .debug_macro   0x0001fe0e       0xa1 ./Drivers/STM32L4xx_HAL_Driver/Src/stm32l4xx_ll_utils.o

.debug_line     0x00000000     0x7378
 .debug_line    0x00000000      0x8f4 ./Core/Src/RadioFunctions.o
 .debug_line    0x000008f4      0x94b ./Core/Src/clock.o
 .debug_line    0x0000123f      0x893 ./Core/Src/gpio.o
 .debug_line    0x00001ad2      0xdf1 ./Core/Src/main.o
 .debug_line    0x000028c3      0xd14 ./Core/Src/nrf24.o
 .debug_line    0x000035d7      0x614 ./Core/Src/spi.o
 .debug_line    0x00003beb      0x745 ./Core/Src/stm32l4xx_it.o
 .debug_line    0x00004330      0x5ca ./Core/Src/system_stm32l4xx.o
 .debug_line    0x000048fa      0x764 ./Core/Src/usart.o
 .debug_line    0x0000505e       0x79 ./Core/Startup/startup_stm32l476rgtx.o
 .debug_line    0x000050d7      0x7a2 ./Drivers/STM32L4xx_HAL_Driver/Src/stm32l4xx_ll_exti.o
 .debug_line    0x00005879      0x8ce ./Drivers/STM32L4xx_HAL_Driver/Src/stm32l4xx_ll_gpio.o
 .debug_line    0x00006147      0x677 ./Drivers/STM32L4xx_HAL_Driver/Src/stm32l4xx_ll_spi.o
 .debug_line    0x000067be      0xbba ./Drivers/STM32L4xx_HAL_Driver/Src/stm32l4xx_ll_utils.o

.debug_str      0x00000000    0xb07b9
 .debug_str     0x00000000    0xb07b9 ./Core/Src/RadioFunctions.o
                              0xa1fcb (size before relaxing)
 .debug_str     0x000b07b9    0xa8100 ./Core/Src/clock.o
 .debug_str     0x000b07b9    0xa206c ./Core/Src/gpio.o
 .debug_str     0x000b07b9    0xada13 ./Core/Src/main.o
 .debug_str     0x000b07b9    0xa1f5d ./Core/Src/nrf24.o
 .debug_str     0x000b07b9    0xa095f ./Core/Src/spi.o
 .debug_str     0x000b07b9    0xabd66 ./Core/Src/stm32l4xx_it.o
 .debug_str     0x000b07b9    0x9e7b3 ./Core/Src/system_stm32l4xx.o
 .debug_str     0x000b07b9    0xa0dbb ./Core/Src/usart.o
 .debug_str     0x000b07b9       0xaa ./Core/Startup/startup_stm32l476rgtx.o
 .debug_str     0x000b07b9    0x9f18a ./Drivers/STM32L4xx_HAL_Driver/Src/stm32l4xx_ll_exti.o
 .debug_str     0x000b07b9    0xa015a ./Drivers/STM32L4xx_HAL_Driver/Src/stm32l4xx_ll_gpio.o
 .debug_str     0x000b07b9    0xa07fe ./Drivers/STM32L4xx_HAL_Driver/Src/stm32l4xx_ll_spi.o
 .debug_str     0x000b07b9    0xa546b ./Drivers/STM32L4xx_HAL_Driver/Src/stm32l4xx_ll_utils.o

.comment        0x00000000       0x43
 .comment       0x00000000       0x43 ./Core/Src/RadioFunctions.o
                                 0x44 (size before relaxing)
 .comment       0x00000043       0x44 ./Core/Src/clock.o
 .comment       0x00000043       0x44 ./Core/Src/gpio.o
 .comment       0x00000043       0x44 ./Core/Src/main.o
 .comment       0x00000043       0x44 ./Core/Src/nrf24.o
 .comment       0x00000043       0x44 ./Core/Src/spi.o
 .comment       0x00000043       0x44 ./Core/Src/stm32l4xx_it.o
 .comment       0x00000043       0x44 ./Core/Src/system_stm32l4xx.o
 .comment       0x00000043       0x44 ./Core/Src/usart.o
 .comment       0x00000043       0x44 ./Drivers/STM32L4xx_HAL_Driver/Src/stm32l4xx_ll_exti.o
 .comment       0x00000043       0x44 ./Drivers/STM32L4xx_HAL_Driver/Src/stm32l4xx_ll_gpio.o
 .comment       0x00000043       0x44 ./Drivers/STM32L4xx_HAL_Driver/Src/stm32l4xx_ll_spi.o
 .comment       0x00000043       0x44 ./Drivers/STM32L4xx_HAL_Driver/Src/stm32l4xx_ll_utils.o

.debug_frame    0x00000000     0x25d0
 .debug_frame   0x00000000      0x238 ./Core/Src/RadioFunctions.o
 .debug_frame   0x00000238      0x368 ./Core/Src/clock.o
 .debug_frame   0x000005a0      0x224 ./Core/Src/gpio.o
 .debug_frame   0x000007c4      0x6f4 ./Core/Src/main.o
 .debug_frame   0x00000eb8      0x744 ./Core/Src/nrf24.o
 .debug_frame   0x000015fc       0xd4 ./Core/Src/spi.o
 .debug_frame   0x000016d0      0x15c ./Core/Src/stm32l4xx_it.o
 .debug_frame   0x0000182c       0x58 ./Core/Src/system_stm32l4xx.o
 .debug_frame   0x00001884      0x1d8 ./Core/Src/usart.o
 .debug_frame   0x00001a5c      0x2fc ./Drivers/STM32L4xx_HAL_Driver/Src/stm32l4xx_ll_exti.o
 .debug_frame   0x00001d58      0x1c0 ./Drivers/STM32L4xx_HAL_Driver/Src/stm32l4xx_ll_gpio.o
 .debug_frame   0x00001f18      0x170 ./Drivers/STM32L4xx_HAL_Driver/Src/stm32l4xx_ll_spi.o
 .debug_frame   0x00002088      0x4fc ./Drivers/STM32L4xx_HAL_Driver/Src/stm32l4xx_ll_utils.o
 .debug_frame   0x00002584       0x20 C:/ST/STM32CubeIDE_1.18.1/STM32CubeIDE/plugins/com.st.stm32cube.ide.mcu.externaltools.gnu-tools-for-stm32.13.3.rel1.win32_1.0.0.202411081344/tools/bin/../lib/gcc/arm-none-eabi/13.3.1/../../../../arm-none-eabi/lib/thumb/v7e-m+fp/hard\libc_nano.a(libc_a-memset.o)
 .debug_frame   0x000025a4       0x2c C:/ST/STM32CubeIDE_1.18.1/STM32CubeIDE/plugins/com.st.stm32cube.ide.mcu.externaltools.gnu-tools-for-stm32.13.3.rel1.win32_1.0.0.202411081344/tools/bin/../lib/gcc/arm-none-eabi/13.3.1/../../../../arm-none-eabi/lib/thumb/v7e-m+fp/hard\libc_nano.a(libc_a-init.o)

.debug_line_str
                0x00000000       0x8e
 .debug_line_str
                0x00000000       0x8e ./Core/Startup/startup_stm32l476rgtx.o
