Archive member included to satisfy reference by file (symbol)

C:/ST/STM32CubeIDE_1.13.2/STM32CubeIDE/plugins/com.st.stm32cube.ide.mcu.externaltools.gnu-tools-for-stm32.11.3.rel1.win32_1.1.1.202309131626/tools/bin/../lib/gcc/arm-none-eabi/11.3.1/../../../../arm-none-eabi/lib/thumb/v7e-m+fp/hard\libc_nano.a(libc_a-exit.o)
                              C:/ST/STM32CubeIDE_1.13.2/STM32CubeIDE/plugins/com.st.stm32cube.ide.mcu.externaltools.gnu-tools-for-stm32.11.3.rel1.win32_1.1.1.202309131626/tools/bin/../lib/gcc/arm-none-eabi/11.3.1/../../../../arm-none-eabi/lib/thumb/v7e-m+fp/hard/crt0.o (exit)
C:/ST/STM32CubeIDE_1.13.2/STM32CubeIDE/plugins/com.st.stm32cube.ide.mcu.externaltools.gnu-tools-for-stm32.11.3.rel1.win32_1.1.1.202309131626/tools/bin/../lib/gcc/arm-none-eabi/11.3.1/../../../../arm-none-eabi/lib/thumb/v7e-m+fp/hard\libc_nano.a(libc_a-findfp.o)
                              C:/ST/STM32CubeIDE_1.13.2/STM32CubeIDE/plugins/com.st.stm32cube.ide.mcu.externaltools.gnu-tools-for-stm32.11.3.rel1.win32_1.1.1.202309131626/tools/bin/../lib/gcc/arm-none-eabi/11.3.1/../../../../arm-none-eabi/lib/thumb/v7e-m+fp/hard\libc_nano.a(libc_a-exit.o) (__stdio_exit_handler)
C:/ST/STM32CubeIDE_1.13.2/STM32CubeIDE/plugins/com.st.stm32cube.ide.mcu.externaltools.gnu-tools-for-stm32.11.3.rel1.win32_1.1.1.202309131626/tools/bin/../lib/gcc/arm-none-eabi/11.3.1/../../../../arm-none-eabi/lib/thumb/v7e-m+fp/hard\libc_nano.a(libc_a-fwalk.o)
                              C:/ST/STM32CubeIDE_1.13.2/STM32CubeIDE/plugins/com.st.stm32cube.ide.mcu.externaltools.gnu-tools-for-stm32.11.3.rel1.win32_1.1.1.202309131626/tools/bin/../lib/gcc/arm-none-eabi/11.3.1/../../../../arm-none-eabi/lib/thumb/v7e-m+fp/hard\libc_nano.a(libc_a-findfp.o) (_fwalk_sglue)
C:/ST/STM32CubeIDE_1.13.2/STM32CubeIDE/plugins/com.st.stm32cube.ide.mcu.externaltools.gnu-tools-for-stm32.11.3.rel1.win32_1.1.1.202309131626/tools/bin/../lib/gcc/arm-none-eabi/11.3.1/../../../../arm-none-eabi/lib/thumb/v7e-m+fp/hard\libc_nano.a(libc_a-stdio.o)
                              C:/ST/STM32CubeIDE_1.13.2/STM32CubeIDE/plugins/com.st.stm32cube.ide.mcu.externaltools.gnu-tools-for-stm32.11.3.rel1.win32_1.1.1.202309131626/tools/bin/../lib/gcc/arm-none-eabi/11.3.1/../../../../arm-none-eabi/lib/thumb/v7e-m+fp/hard\libc_nano.a(libc_a-findfp.o) (__sread)
C:/ST/STM32CubeIDE_1.13.2/STM32CubeIDE/plugins/com.st.stm32cube.ide.mcu.externaltools.gnu-tools-for-stm32.11.3.rel1.win32_1.1.1.202309131626/tools/bin/../lib/gcc/arm-none-eabi/11.3.1/../../../../arm-none-eabi/lib/thumb/v7e-m+fp/hard\libc_nano.a(libc_a-memset.o)
                              C:/ST/STM32CubeIDE_1.13.2/STM32CubeIDE/plugins/com.st.stm32cube.ide.mcu.externaltools.gnu-tools-for-stm32.11.3.rel1.win32_1.1.1.202309131626/tools/bin/../lib/gcc/arm-none-eabi/11.3.1/../../../../arm-none-eabi/lib/thumb/v7e-m+fp/hard/crt0.o (memset)
C:/ST/STM32CubeIDE_1.13.2/STM32CubeIDE/plugins/com.st.stm32cube.ide.mcu.externaltools.gnu-tools-for-stm32.11.3.rel1.win32_1.1.1.202309131626/tools/bin/../lib/gcc/arm-none-eabi/11.3.1/../../../../arm-none-eabi/lib/thumb/v7e-m+fp/hard\libc_nano.a(libc_a-closer.o)
                              C:/ST/STM32CubeIDE_1.13.2/STM32CubeIDE/plugins/com.st.stm32cube.ide.mcu.externaltools.gnu-tools-for-stm32.11.3.rel1.win32_1.1.1.202309131626/tools/bin/../lib/gcc/arm-none-eabi/11.3.1/../../../../arm-none-eabi/lib/thumb/v7e-m+fp/hard\libc_nano.a(libc_a-stdio.o) (_close_r)
C:/ST/STM32CubeIDE_1.13.2/STM32CubeIDE/plugins/com.st.stm32cube.ide.mcu.externaltools.gnu-tools-for-stm32.11.3.rel1.win32_1.1.1.202309131626/tools/bin/../lib/gcc/arm-none-eabi/11.3.1/../../../../arm-none-eabi/lib/thumb/v7e-m+fp/hard\libc_nano.a(libc_a-reent.o)
                              C:/ST/STM32CubeIDE_1.13.2/STM32CubeIDE/plugins/com.st.stm32cube.ide.mcu.externaltools.gnu-tools-for-stm32.11.3.rel1.win32_1.1.1.202309131626/tools/bin/../lib/gcc/arm-none-eabi/11.3.1/../../../../arm-none-eabi/lib/thumb/v7e-m+fp/hard\libc_nano.a(libc_a-closer.o) (errno)
C:/ST/STM32CubeIDE_1.13.2/STM32CubeIDE/plugins/com.st.stm32cube.ide.mcu.externaltools.gnu-tools-for-stm32.11.3.rel1.win32_1.1.1.202309131626/tools/bin/../lib/gcc/arm-none-eabi/11.3.1/../../../../arm-none-eabi/lib/thumb/v7e-m+fp/hard\libc_nano.a(libc_a-impure.o)
                              C:/ST/STM32CubeIDE_1.13.2/STM32CubeIDE/plugins/com.st.stm32cube.ide.mcu.externaltools.gnu-tools-for-stm32.11.3.rel1.win32_1.1.1.202309131626/tools/bin/../lib/gcc/arm-none-eabi/11.3.1/../../../../arm-none-eabi/lib/thumb/v7e-m+fp/hard\libc_nano.a(libc_a-reent.o) (_impure_ptr)
C:/ST/STM32CubeIDE_1.13.2/STM32CubeIDE/plugins/com.st.stm32cube.ide.mcu.externaltools.gnu-tools-for-stm32.11.3.rel1.win32_1.1.1.202309131626/tools/bin/../lib/gcc/arm-none-eabi/11.3.1/../../../../arm-none-eabi/lib/thumb/v7e-m+fp/hard\libc_nano.a(libc_a-lseekr.o)
[...]
Memory Configuration

Name             Origin             Length             Attributes
RAM              0x0000000020000000 0x0000000000018000 xrw
RAM2             0x0000000010000000 0x0000000000008000 xrw
FLASH            0x0000000008000000 0x0000000000100000 xr
*default*        0x0000000000000000 0xffffffffffffffff

Linker script and memory map

LOAD C:/ST/STM32CubeIDE_1.13.2/STM32CubeIDE/plugins/com.st.stm32cube.ide.mcu.externaltools.gnu-tools-for-stm32.11.3.rel1.win32_1.1.1.202309131626/tools/bin/../lib/gcc/arm-none-eabi/11.3.1/thumb/v7e-m+fp/hard/crti.o
LOAD C:/ST/STM32CubeIDE_1.13.2/STM32CubeIDE/plugins/com.st.stm32cube.ide.mcu.externaltools.gnu-tools-for-stm32.11.3.rel1.win32_1.1.1.202309131626/tools/bin/../lib/gcc/arm-none-eabi/11.3.1/thumb/v7e-m+fp/hard/crtbegin.o
LOAD C:/ST/STM32CubeIDE_1.13.2/STM32CubeIDE/plugins/com.st.stm32cube.ide.mcu.externaltools.gnu-tools-for-stm32.11.3.rel1.win32_1.1.1.202309131626/tools/bin/../lib/gcc/arm-none-eabi/11.3.1/../../../../arm-none-eabi/lib/thumb/v7e-m+fp/hard/crt0.o
LOAD ./Core/Src/RadioFunctions.o
LOAD ./Core/Src/clock.o
LOAD ./Core/Src/gpio.o
LOAD ./Core/Src/main.o
LOAD ./Core/Src/nrf24.o
LOAD ./Core/Src/spi.o
LOAD ./Core/Src/stm32l4xx_it.o
LOAD ./Core/Src/syscalls.o
LOAD ./Core/Src/sysmem.o
LOAD ./Core/Src/system_stm32l4xx.o
LOAD ./Core/Src/usart.o
LOAD ./Core/Startup/startup_stm32l476rgtx.o
LOAD ./Drivers/STM32L4xx_HAL_Driver/Src/stm32l4xx_ll_dma.o
LOAD ./Drivers/STM32L4xx_HAL_Driver/Src/stm32l4xx_ll_exti.o
LOAD ./Drivers/STM32L4xx_HAL_Driver/Src/stm32l4xx_ll_gpio.o
LOAD ./Drivers/STM32L4xx_HAL_Driver/Src/stm32l4xx_ll_pwr.o
LOAD ./Drivers/STM32L4xx_HAL_Driver/Src/stm32l4xx_ll_rcc.o
LOAD ./Drivers/STM32L4xx_HAL_Driver/Src/stm32l4xx_ll_rtc.o
LOAD ./Drivers/STM32L4xx_HAL_Driver/Src/stm32l4xx_ll_spi.o
LOAD ./Drivers/STM32L4xx_HAL_Driver/Src/stm32l4xx_ll_usart.o
LOAD ./Drivers/STM32L4xx_HAL_Driver/Src/stm32l4xx_ll_utils.o
START GROUP
LOAD C:/ST/STM32CubeIDE_1.13.2/STM32CubeIDE/plugins/com.st.stm32cube.ide.mcu.externaltools.gnu-tools-for-stm32.11.3.rel1.win32_1.1.1.202309131626/tools/bin/../lib/gcc/arm-none-eabi/11.3.1/../../../../arm-none-eabi/lib/thumb/v7e-m+fp/hard\libc_nano.a
LOAD C:/ST/STM32CubeIDE_1.13.2/STM32CubeIDE/plugins/com.st.stm32cube.ide.mcu.externaltools.gnu-tools-for-stm32.11.3.rel1.win32_1.1.1.202309131626/tools/bin/../lib/gcc/arm-none-eabi/11.3.1/../../../../arm-none-eabi/lib/thumb/v7e-m+fp/hard\libm.a
END GROUP
START GROUP
LOAD C:/ST/STM32CubeIDE_1.13.2/STM32CubeIDE/plugins/com.st.stm32cube.ide.mcu.externaltools.gnu-tools-for-stm32.11.3.rel1.win32_1.1.1.202309131626/tools/bin/../lib/gcc/arm-none-eabi/11.3.1/thumb/v7e-m+fp/hard\libgcc.a
LOAD C:/ST/STM32CubeIDE_1.13.2/STM32CubeIDE/plugins/com.st.stm32cube.ide.mcu.externaltools.gnu-tools-for-stm32.11.3.rel1.win32_1.1.1.202309131626/tools/bin/../lib/gcc/arm-none-eabi/11.3.1/../../../../arm-none-eabi/lib/thumb/v7e-m+fp/hard\libc_nano.a
END GROUP
START GROUP
LOAD C:/ST/STM32CubeIDE_1.13.2/STM32CubeIDE/plugins/com.st.stm32cube.ide.mcu.externaltools.gnu-tools-for-stm32.11.3.rel1.win32_1.1.1.202309131626/tools/bin/../lib/gcc/arm-none-eabi/11.3.1/thumb/v7e-m+fp/hard\libgcc.a
LOAD C:/ST/STM32CubeIDE_1.13.2/STM32CubeIDE/plugins/com.st.stm32cube.ide.mcu.externaltools.gnu-tools-for-stm32.11.3.rel1.win32_1.1.1.202309131626/tools/bin/../lib/gcc/arm-none-eabi/11.3.1/../../../../arm-none-eabi/lib/thumb/v7e-m+fp/hard\libc_nano.a
LOAD C:/ST/STM32CubeIDE_1.13.2/STM32CubeIDE/plugins/com.st.stm32cube.ide.mcu.externaltools.gnu-tools-for-stm32.11.3.rel1.win32_1.1.1.202309131626/tools/bin/../lib/gcc/arm-none-eabi/11.3.1/../../../../arm-none-eabi/lib/thumb/v7e-m+fp/hard\libnosys.a
END GROUP
START GROUP
LOAD C:/ST/STM32CubeIDE_1.13.2/STM32CubeIDE/plugins/com.st.stm32cube.ide.mcu.externaltools.gnu-tools-for-stm32.11.3.rel1.win32_1.1.1.202309131626/tools/bin/../lib/gcc/arm-none-eabi/11.3.1/thumb/v7e-m+fp/hard\libgcc.a
LOAD C:/ST/STM32CubeIDE_1.13.2/STM32CubeIDE/plugins/com.st.stm32cube.ide.mcu.externaltools.gnu-tools-for-stm32.11.3.rel1.win32_1.1.1.202309131626/tools/bin/../lib/gcc/arm-none-eabi/11.3.1/../../../../arm-none-eabi/lib/thumb/v7e-m+fp/hard\libc_nano.a
LOAD C:/ST/STM32CubeIDE_1.13.2/STM32CubeIDE/plugins/com.st.stm32cube.ide.mcu.externaltools.gnu-tools-for-stm32.11.3.rel1.win32_1.1.1.202309131626/tools/bin/../lib/gcc/arm-none-eabi/11.3.1/../../../../arm-none-eabi/lib/thumb/v7e-m+fp/hard\libnosys.a
END GROUP
LOAD C:/ST/STM32CubeIDE_1.13.2/STM32CubeIDE/plugins/com.st.stm32cube.ide.mcu.externaltools.gnu-tools-for-stm32.11.3.rel1.win32_1.1.1.202309131626/tools/bin/../lib/gcc/arm-none-eabi/11.3.1/thumb/v7e-m+fp/hard/crtend.o
LOAD C:/ST/STM32CubeIDE_1.13.2/STM32CubeIDE/plugins/com.st.stm32cube.ide.mcu.externaltools.gnu-tools-for-stm32.11.3.rel1.win32_1.1.1.202309131626/tools/bin/../lib/gcc/arm-none-eabi/11.3.1/thumb/v7e-m+fp/hard/crtn.o
                0x0000000020018000                _estack = (ORIGIN (RAM) + LENGTH (RAM))
                0x0000000000000200                _Min_Heap_Size = 0x200
                0x0000000000000400                _Min_Stack_Size = 0x400

.isr_vector     0x0000000008000000      0x188
                0x0000000008000000                . = ALIGN (0x4)
 *(.isr_vector)
 .isr_vector    0x0000000008000000      0x188 ./Core/Startup/startup_stm32l476rgtx.o
                0x0000000008000000                g_pfnVectors
                0x0000000008000188                . = ALIGN (0x4)

.text           0x0000000008000188     0x2bec
                0x0000000008000188                . = ALIGN (0x4)
 *(.text)
 .text          0x0000000008000188       0x40 C:/ST/STM32CubeIDE_1.13.2/STM32CubeIDE/plugins/com.st.stm32cube.ide.mcu.externaltools.gnu-tools-for-stm32.11.3.rel1.win32_1.1.1.202309131626/tools/bin/../lib/gcc/arm-none-eabi/11.3.1/thumb/v7e-m+fp/hard/crtbegin.o
 *(.text*)
 .text.__NVIC_EnableIRQ
                0x00000000080001c8       0x3c ./Core/Src/clock.o
 .text.__NVIC_DisableIRQ
                0x0000000008000204       0x48 ./Core/Src/clock.o
 .text.__NVIC_SetPriority
                0x000000000800024c       0x54 ./Core/Src/clock.o
 .text.LL_APB1_GRP1_EnableClock
                0x00000000080002a0       0x30 ./Core/Src/clock.o
 .text.LL_APB1_GRP1_DisableClock
                0x00000000080002d0       0x28 ./Core/Src/clock.o
 .text.LL_RCC_LSE_Enable
                0x00000000080002f8       0x24 ./Core/Src/clock.o
 .text.LL_RCC_LSE_IsReady
                0x000000000800031c       0x28 ./Core/Src/clock.o
 .text.LL_RCC_MSI_Enable
                0x0000000008000344       0x20 ./Core/Src/clock.o
 .text.LL_RCC_MSI_IsReady
                0x0000000008000364       0x24 ./Core/Src/clock.o
 .text.LL_RCC_MSI_EnablePLLMode
                0x0000000008000388       0x20 ./Core/Src/clock.o
 .text.LL_RCC_SetSysClkSource
                0x00000000080003a8       0x28 ./Core/Src/clock.o
 .text.LL_RCC_GetSysClkSource
                0x00000000080003d0       0x1c ./Core/Src/clock.o
 .text.LL_RCC_SetAHBPrescaler
                0x00000000080003ec       0x28 ./Core/Src/clock.o
 .text.LL_RCC_SetAPB1Prescaler
                0x0000000008000414       0x28 ./Core/Src/clock.o
 .text.LL_RCC_SetAPB2Prescaler
                0x000000000800043c       0x28 ./Core/Src/clock.o
 .text.LL_RCC_PLL_Enable
                0x0000000008000464       0x20 ./Core/Src/clock.o
 .text.LL_RCC_PLL_IsReady
                0x0000000008000484       0x28 ./Core/Src/clock.o
 .text.LL_RCC_PLL_ConfigDomain_SYS
                0x00000000080004ac       0x40 ./Core/Src/clock.o
 .text.LL_RCC_PLL_EnableDomain_SYS
                0x00000000080004ec       0x20 ./Core/Src/clock.o
 .text.LL_PWR_SetRegulVoltageScaling
                0x000000000800050c       0x28 ./Core/Src/clock.o
 .text.LL_LPM_EnableSleep
                0x0000000008000534       0x20 ./Core/Src/clock.o
 .text.LL_FLASH_SetLatency
                0x0000000008000554       0x28 ./Core/Src/clock.o
 .text.SystemClock_Config_80M
                0x000000000800057c       0x74 ./Core/Src/clock.o
                0x000000000800057c                SystemClock_Config_80M
 .text.Enable_MSI_LSE_Calibration
                0x00000000080005f0       0x1c ./Core/Src/clock.o
                0x00000000080005f0                Enable_MSI_LSE_Calibration
 .text.Enter_Sleep_100Hz
                0x000000000800060c       0x74 ./Core/Src/clock.o
                0x000000000800060c                Enter_Sleep_100Hz
 .text.Exit_Sleep_100Hz
                0x0000000008000680       0x4c ./Core/Src/clock.o
                0x0000000008000680                Exit_Sleep_100Hz
 .text.mySystick
                0x00000000080006cc       0x40 ./Core/Src/clock.o
                0x00000000080006cc                mySystick
 .text.__NVIC_GetPriorityGrouping
                0x000000000800070c       0x1c ./Core/Src/gpio.o
 .text.__NVIC_EnableIRQ
                0x0000000008000728       0x3c ./Core/Src/gpio.o
 .text.__NVIC_SetPriority
                0x0000000008000764       0x54 ./Core/Src/gpio.o
 .text.NVIC_EncodePriority
                0x00000000080007b8       0x66 ./Core/Src/gpio.o
 *fill*         0x000000000800081e        0x2 
 .text.LL_AHB2_GRP1_EnableClock
                0x0000000008000820       0x30 ./Core/Src/gpio.o
 .text.LL_GPIO_SetPinMode
                0x0000000008000850       0x7a ./Core/Src/gpio.o
 .text.LL_GPIO_SetPinPull
                0x00000000080008ca       0x7a ./Core/Src/gpio.o
 .text.LL_GPIO_IsInputPinSet
                0x0000000008000944       0x2a ./Core/Src/gpio.o
 .text.LL_GPIO_SetOutputPin
                0x000000000800096e       0x1c ./Core/Src/gpio.o
 .text.LL_GPIO_ResetOutputPin
                0x000000000800098a       0x1c ./Core/Src/gpio.o
 *fill*         0x00000000080009a6        0x2 
 .text.LL_SYSCFG_SetEXTISource
                0x00000000080009a8       0x6c ./Core/Src/gpio.o
 .text.GPIO_init
                0x0000000008000a14      0x140 ./Core/Src/gpio.o
                0x0000000008000a14                GPIO_init
 .text.LED_GREEN
                0x0000000008000b54       0x2c ./Core/Src/gpio.o
                0x0000000008000b54                LED_GREEN
 .text.PWM_STATE
                0x0000000008000b80       0x30 ./Core/Src/gpio.o
                0x0000000008000b80                PWM_STATE
 .text.BLUE_BUTTON
                0x0000000008000bb0       0x24 ./Core/Src/gpio.o
                0x0000000008000bb0                BLUE_BUTTON
 .text.__NVIC_SetPriorityGrouping
                0x0000000008000bd4       0x48 ./Core/Src/main.o
 .text.__NVIC_EnableIRQ
                0x0000000008000c1c       0x3c ./Core/Src/main.o
 .text.__NVIC_SetPriority
                0x0000000008000c58       0x54 ./Core/Src/main.o
 .text.LL_APB1_GRP1_EnableClock
                0x0000000008000cac       0x30 ./Core/Src/main.o
 .text.LL_APB2_GRP1_EnableClock
                0x0000000008000cdc       0x30 ./Core/Src/main.o
 .text.LL_SYSCFG_SetEXTISource
                0x0000000008000d0c       0x6c ./Core/Src/main.o
 .text.LL_EXTI_EnableIT_0_31
                0x0000000008000d78       0x24 ./Core/Src/main.o
 .text.LL_EXTI_EnableRisingTrig_0_31
                0x0000000008000d9c       0x24 ./Core/Src/main.o
 .text.LL_EXTI_DisableRisingTrig_0_31
                0x0000000008000dc0       0x28 ./Core/Src/main.o
 .text.LL_EXTI_EnableFallingTrig_0_31
                0x0000000008000de8       0x24 ./Core/Src/main.o
 .text.LL_EXTI_IsActiveFlag_0_31
                0x0000000008000e0c       0x2c ./Core/Src/main.o
 .text.LL_EXTI_ClearFlag_0_31
                0x0000000008000e38       0x20 ./Core/Src/main.o
 .text.LL_PWR_EnableBkUpAccess
                0x0000000008000e58       0x20 ./Core/Src/main.o
 .text.LL_PWR_EnableInternWU
                0x0000000008000e78       0x20 ./Core/Src/main.o
 .text.LL_RTC_EnableWriteProtection
                0x0000000008000e98       0x1a ./Core/Src/main.o
 .text.LL_RTC_DisableWriteProtection
                0x0000000008000eb2       0x20 ./Core/Src/main.o
 .text.LL_RTC_WAKEUP_Enable
                0x0000000008000ed2       0x20 ./Core/Src/main.o
 .text.LL_RTC_WAKEUP_Disable
                0x0000000008000ef2       0x20 ./Core/Src/main.o
 .text.LL_RTC_WAKEUP_SetClock
                0x0000000008000f12       0x26 ./Core/Src/main.o
 .text.LL_RTC_WAKEUP_SetAutoReload
                0x0000000008000f38       0x26 ./Core/Src/main.o
 .text.LL_RTC_BAK_SetRegister
                0x0000000008000f5e       0x32 ./Core/Src/main.o
 .text.LL_RTC_BAK_GetRegister
                0x0000000008000f90       0x2e ./Core/Src/main.o
 .text.LL_RTC_ClearFlag_WUT
                0x0000000008000fbe       0x22 ./Core/Src/main.o
 .text.LL_RTC_IsActiveFlag_WUTW
                0x0000000008000fe0       0x26 ./Core/Src/main.o
 .text.LL_RTC_EnableIT_WUT
                0x0000000008001006       0x20 ./Core/Src/main.o
 *fill*         0x0000000008001026        0x2 
 .text._flavien_MSI_4Mhz
                0x0000000008001028       0x70 ./Core/Src/main.o
                0x0000000008001028                _flavien_MSI_4Mhz
 .text._flavien_MSI_24Mhz
                0x0000000008001098       0x68 ./Core/Src/main.o
                0x0000000008001098                _flavien_MSI_24Mhz
 .text._flavien_PLL_80Mhz
                0x0000000008001100       0xb4 ./Core/Src/main.o
                0x0000000008001100                _flavien_PLL_80Mhz
 .text._flavien_PLL_off
                0x00000000080011b4       0x4c ./Core/Src/main.o
                0x00000000080011b4                _flavien_PLL_off
 .text._flavien_voltage_scaling_1
                0x0000000008001200       0x4c ./Core/Src/main.o
                0x0000000008001200                _flavien_voltage_scaling_1
 .text._flavien_voltage_scaling_2
                0x000000000800124c       0x4c ./Core/Src/main.o
                0x000000000800124c                _flavien_voltage_scaling_2
 .text._flavien_flash_latency
                0x0000000008001298       0x3c ./Core/Src/main.o
                0x0000000008001298                _flavien_flash_latency
 .text._flavien_calibration_MSI_vs_LSE_off
                0x00000000080012d4       0x30 ./Core/Src/main.o
                0x00000000080012d4                _flavien_calibration_MSI_vs_LSE_off
 .text.main     0x0000000008001304      0x13c ./Core/Src/main.o
                0x0000000008001304                main
 .text.RTC_wakeup_init
                0x0000000008001440       0x58 ./Core/Src/main.o
 .text.RTC_wakeup_init_from_standby_or_shutdown
                0x0000000008001498       0x1a ./Core/Src/main.o
                0x0000000008001498                RTC_wakeup_init_from_standby_or_shutdown
 .text.RTC_wakeup_init_from_stop
                0x00000000080014b2       0x34 ./Core/Src/main.o
                0x00000000080014b2                RTC_wakeup_init_from_stop
 .text.RTC_WKUP_IRQHandler
                0x00000000080014e6       0x10 ./Core/Src/main.o
                0x00000000080014e6                RTC_WKUP_IRQHandler
 *fill*         0x00000000080014f6        0x2 
 .text.Button_EXTI_Config
                0x00000000080014f8       0x3c ./Core/Src/main.o
                0x00000000080014f8                Button_EXTI_Config
 .text.TIM2_IRQHandler
                0x0000000008001534       0x1e ./Core/Src/main.o
                0x0000000008001534                TIM2_IRQHandler
 *fill*         0x0000000008001552        0x2 
 .text.EXTI15_10_IRQHandler
                0x0000000008001554       0xcc ./Core/Src/main.o
                0x0000000008001554                EXTI15_10_IRQHandler
 .text.SysTick_Handler
                0x0000000008001620       0xa8 ./Core/Src/main.o
                0x0000000008001620                SysTick_Handler
 .text.LL_AHB2_GRP1_EnableClock
                0x00000000080016c8       0x30 ./Core/Src/spi.o
 .text.LL_APB2_GRP1_EnableClock
                0x00000000080016f8       0x30 ./Core/Src/spi.o
 .text.LL_SPI_SetStandard
                0x0000000008001728       0x26 ./Core/Src/spi.o
 .text.LL_SPI_DisableNSSPulseMgt
                0x000000000800174e       0x20 ./Core/Src/spi.o
 *fill*         0x000000000800176e        0x2 
 .text.SPI1_Init
                0x0000000008001770       0xac ./Core/Src/spi.o
                0x0000000008001770                SPI1_Init
 .text.LL_EXTI_IsActiveFlag_0_31
                0x000000000800181c       0x2c ./Core/Src/stm32l4xx_it.o
 .text.LL_EXTI_ClearFlag_0_31
                0x0000000008001848       0x20 ./Core/Src/stm32l4xx_it.o
 .text.NMI_Handler
                0x0000000008001868        0xe ./Core/Src/stm32l4xx_it.o
                0x0000000008001868                NMI_Handler
 .text.HardFault_Handler
                0x0000000008001876        0x6 ./Core/Src/stm32l4xx_it.o
                0x0000000008001876                HardFault_Handler
 .text.MemManage_Handler
                0x000000000800187c        0x6 ./Core/Src/stm32l4xx_it.o
                0x000000000800187c                MemManage_Handler
 .text.BusFault_Handler
                0x0000000008001882        0x6 ./Core/Src/stm32l4xx_it.o
                0x0000000008001882                BusFault_Handler
 .text.UsageFault_Handler
                0x0000000008001888        0x6 ./Core/Src/stm32l4xx_it.o
                0x0000000008001888                UsageFault_Handler
 .text.SVC_Handler
                0x000000000800188e        0xe ./Core/Src/stm32l4xx_it.o
                0x000000000800188e                SVC_Handler
 .text.DebugMon_Handler
                0x000000000800189c        0xe ./Core/Src/stm32l4xx_it.o
                0x000000000800189c                DebugMon_Handler
 .text.PendSV_Handler
                0x00000000080018aa        0xe ./Core/Src/stm32l4xx_it.o
                0x00000000080018aa                PendSV_Handler
 .text.EXTI0_IRQHandler
                0x00000000080018b8       0x1a ./Core/Src/stm32l4xx_it.o
                0x00000000080018b8                EXTI0_IRQHandler
 *fill*         0x00000000080018d2        0x2 
 .text.SystemInit
                0x00000000080018d4       0x6c ./Core/Src/system_stm32l4xx.o
                0x00000000080018d4                SystemInit
 .text.LL_USART_Enable
                0x0000000008001940       0x20 ./Core/Src/usart.o
 .text.LL_USART_ConfigAsyncMode
                0x0000000008001960       0x2c ./Core/Src/usart.o
 .text.LL_AHB2_GRP1_EnableClock
                0x000000000800198c       0x30 ./Core/Src/usart.o
 .text.LL_APB1_GRP1_EnableClock
                0x00000000080019bc       0x30 ./Core/Src/usart.o
 .text.USART2_Init
                0x00000000080019ec       0xa0 ./Core/Src/usart.o
                0x00000000080019ec                USART2_Init
 .text.Reset_Handler
                0x0000000008001a8c       0x50 ./Core/Startup/startup_stm32l476rgtx.o
                0x0000000008001a8c                Reset_Handler
 .text.Default_Handler
                0x0000000008001adc        0x2 ./Core/Startup/startup_stm32l476rgtx.o
                0x0000000008001adc                RTC_Alarm_IRQHandler
                0x0000000008001adc                EXTI2_IRQHandler
                0x0000000008001adc                TIM8_TRG_COM_IRQHandler
                0x0000000008001adc                TIM8_CC_IRQHandler
                0x0000000008001adc                TIM1_CC_IRQHandler
                0x0000000008001adc                TSC_IRQHandler
                0x0000000008001adc                TAMP_STAMP_IRQHandler
                0x0000000008001adc                EXTI3_IRQHandler
                0x0000000008001adc                LPTIM2_IRQHandler
                0x0000000008001adc                DFSDM1_FLT1_IRQHandler
                0x0000000008001adc                I2C3_ER_IRQHandler
                0x0000000008001adc                DFSDM1_FLT2_IRQHandler
                0x0000000008001adc                I2C2_EV_IRQHandler
                0x0000000008001adc                CAN1_RX0_IRQHandler
                0x0000000008001adc                FPU_IRQHandler
                0x0000000008001adc                TIM1_UP_TIM16_IRQHandler
                0x0000000008001adc                ADC1_2_IRQHandler
                0x0000000008001adc                SPI1_IRQHandler
                0x0000000008001adc                TIM6_DAC_IRQHandler
                0x0000000008001adc                TIM8_UP_IRQHandler
                0x0000000008001adc                DMA2_Channel2_IRQHandler
                0x0000000008001adc                DMA1_Channel4_IRQHandler
                0x0000000008001adc                SAI2_IRQHandler
                0x0000000008001adc                DFSDM1_FLT3_IRQHandler
                0x0000000008001adc                USART3_IRQHandler
                0x0000000008001adc                DMA1_Channel7_IRQHandler
                0x0000000008001adc                CAN1_RX1_IRQHandler
                0x0000000008001adc                LCD_IRQHandler
                0x0000000008001adc                UART5_IRQHandler
                0x0000000008001adc                ADC3_IRQHandler
                0x0000000008001adc                TIM4_IRQHandler
                0x0000000008001adc                DMA2_Channel1_IRQHandler
                0x0000000008001adc                QUADSPI_IRQHandler
                0x0000000008001adc                I2C1_EV_IRQHandler
                0x0000000008001adc                DMA1_Channel6_IRQHandler
                0x0000000008001adc                UART4_IRQHandler
                0x0000000008001adc                DMA2_Channel4_IRQHandler
                0x0000000008001adc                TIM3_IRQHandler
                0x0000000008001adc                RCC_IRQHandler
                0x0000000008001adc                DMA1_Channel1_IRQHandler
                0x0000000008001adc                Default_Handler
                0x0000000008001adc                DMA2_Channel7_IRQHandler
                0x0000000008001adc                TIM7_IRQHandler
                0x0000000008001adc                SDMMC1_IRQHandler
                0x0000000008001adc                TIM5_IRQHandler
                0x0000000008001adc                I2C3_EV_IRQHandler
                0x0000000008001adc                EXTI9_5_IRQHandler
                0x0000000008001adc                PVD_PVM_IRQHandler
                0x0000000008001adc                SPI2_IRQHandler
                0x0000000008001adc                CAN1_TX_IRQHandler
                0x0000000008001adc                DMA2_Channel5_IRQHandler
                0x0000000008001adc                DMA1_Channel5_IRQHandler
                0x0000000008001adc                EXTI4_IRQHandler
                0x0000000008001adc                RNG_IRQHandler
                0x0000000008001adc                TIM1_TRG_COM_TIM17_IRQHandler
                0x0000000008001adc                DMA1_Channel3_IRQHandler
                0x0000000008001adc                COMP_IRQHandler
                0x0000000008001adc                WWDG_IRQHandler
                0x0000000008001adc                LPUART1_IRQHandler
                0x0000000008001adc                DMA2_Channel6_IRQHandler
                0x0000000008001adc                EXTI1_IRQHandler
                0x0000000008001adc                USART2_IRQHandler
                0x0000000008001adc                DFSDM1_FLT0_IRQHandler
                0x0000000008001adc                I2C2_ER_IRQHandler
                0x0000000008001adc                DMA1_Channel2_IRQHandler
                0x0000000008001adc                TIM8_BRK_IRQHandler
                0x0000000008001adc                CAN1_SCE_IRQHandler
                0x0000000008001adc                FLASH_IRQHandler
                0x0000000008001adc                USART1_IRQHandler
                0x0000000008001adc                OTG_FS_IRQHandler
                0x0000000008001adc                SPI3_IRQHandler
                0x0000000008001adc                I2C1_ER_IRQHandler
                0x0000000008001adc                FMC_IRQHandler
                0x0000000008001adc                SWPMI1_IRQHandler
                0x0000000008001adc                LPTIM1_IRQHandler
                0x0000000008001adc                SAI1_IRQHandler
                0x0000000008001adc                DMA2_Channel3_IRQHandler
                0x0000000008001adc                TIM1_BRK_TIM15_IRQHandler
 *fill*         0x0000000008001ade        0x2 
 .text.LL_EXTI_EnableIT_0_31
                0x0000000008001ae0       0x24 ./Drivers/STM32L4xx_HAL_Driver/Src/stm32l4xx_ll_exti.o
 .text.LL_EXTI_EnableIT_32_63
                0x0000000008001b04       0x24 ./Drivers/STM32L4xx_HAL_Driver/Src/stm32l4xx_ll_exti.o
 .text.LL_EXTI_DisableIT_0_31
                0x0000000008001b28       0x28 ./Drivers/STM32L4xx_HAL_Driver/Src/stm32l4xx_ll_exti.o
 .text.LL_EXTI_DisableIT_32_63
                0x0000000008001b50       0x28 ./Drivers/STM32L4xx_HAL_Driver/Src/stm32l4xx_ll_exti.o
 .text.LL_EXTI_EnableEvent_0_31
                0x0000000008001b78       0x24 ./Drivers/STM32L4xx_HAL_Driver/Src/stm32l4xx_ll_exti.o
 .text.LL_EXTI_EnableEvent_32_63
                0x0000000008001b9c       0x24 ./Drivers/STM32L4xx_HAL_Driver/Src/stm32l4xx_ll_exti.o
 .text.LL_EXTI_DisableEvent_0_31
                0x0000000008001bc0       0x28 ./Drivers/STM32L4xx_HAL_Driver/Src/stm32l4xx_ll_exti.o
 .text.LL_EXTI_DisableEvent_32_63
                0x0000000008001be8       0x28 ./Drivers/STM32L4xx_HAL_Driver/Src/stm32l4xx_ll_exti.o
 .text.LL_EXTI_EnableRisingTrig_0_31
                0x0000000008001c10       0x24 ./Drivers/STM32L4xx_HAL_Driver/Src/stm32l4xx_ll_exti.o
 .text.LL_EXTI_EnableRisingTrig_32_63
                0x0000000008001c34       0x24 ./Drivers/STM32L4xx_HAL_Driver/Src/stm32l4xx_ll_exti.o
 .text.LL_EXTI_DisableRisingTrig_0_31
                0x0000000008001c58       0x28 ./Drivers/STM32L4xx_HAL_Driver/Src/stm32l4xx_ll_exti.o
 .text.LL_EXTI_DisableRisingTrig_32_63
                0x0000000008001c80       0x28 ./Drivers/STM32L4xx_HAL_Driver/Src/stm32l4xx_ll_exti.o
 .text.LL_EXTI_EnableFallingTrig_0_31
                0x0000000008001ca8       0x24 ./Drivers/STM32L4xx_HAL_Driver/Src/stm32l4xx_ll_exti.o
 .text.LL_EXTI_EnableFallingTrig_32_63
                0x0000000008001ccc       0x24 ./Drivers/STM32L4xx_HAL_Driver/Src/stm32l4xx_ll_exti.o
 .text.LL_EXTI_DisableFallingTrig_0_31
                0x0000000008001cf0       0x28 ./Drivers/STM32L4xx_HAL_Driver/Src/stm32l4xx_ll_exti.o
 .text.LL_EXTI_DisableFallingTrig_32_63
                0x0000000008001d18       0x28 ./Drivers/STM32L4xx_HAL_Driver/Src/stm32l4xx_ll_exti.o
 .text.LL_EXTI_Init
                0x0000000008001d40      0x1e8 ./Drivers/STM32L4xx_HAL_Driver/Src/stm32l4xx_ll_exti.o
                0x0000000008001d40                LL_EXTI_Init
 .text.LL_GPIO_SetPinMode
                0x0000000008001f28       0x7a ./Drivers/STM32L4xx_HAL_Driver/Src/stm32l4xx_ll_gpio.o
 .text.LL_GPIO_SetPinOutputType
                0x0000000008001fa2       0x30 ./Drivers/STM32L4xx_HAL_Driver/Src/stm32l4xx_ll_gpio.o
 .text.LL_GPIO_SetPinSpeed
                0x0000000008001fd2       0x7a ./Drivers/STM32L4xx_HAL_Driver/Src/stm32l4xx_ll_gpio.o
 .text.LL_GPIO_SetPinPull
                0x000000000800204c       0x7a ./Drivers/STM32L4xx_HAL_Driver/Src/stm32l4xx_ll_gpio.o
 .text.LL_GPIO_SetAFPin_0_7
                0x00000000080020c6       0x7a ./Drivers/STM32L4xx_HAL_Driver/Src/stm32l4xx_ll_gpio.o
 .text.LL_GPIO_SetAFPin_8_15
                0x0000000008002140       0x7e ./Drivers/STM32L4xx_HAL_Driver/Src/stm32l4xx_ll_gpio.o
 .text.LL_GPIO_Init
                0x00000000080021be       0xec ./Drivers/STM32L4xx_HAL_Driver/Src/stm32l4xx_ll_gpio.o
                0x00000000080021be                LL_GPIO_Init
 *fill*         0x00000000080022aa        0x2 
 .text.LL_RCC_HSI_IsReady
                0x00000000080022ac       0x28 ./Drivers/STM32L4xx_HAL_Driver/Src/stm32l4xx_ll_rcc.o
 .text.LL_RCC_LSE_IsReady
                0x00000000080022d4       0x28 ./Drivers/STM32L4xx_HAL_Driver/Src/stm32l4xx_ll_rcc.o
 .text.LL_RCC_MSI_IsEnabledRangeSelect
                0x00000000080022fc       0x24 ./Drivers/STM32L4xx_HAL_Driver/Src/stm32l4xx_ll_rcc.o
 .text.LL_RCC_MSI_GetRange
                0x0000000008002320       0x1c ./Drivers/STM32L4xx_HAL_Driver/Src/stm32l4xx_ll_rcc.o
 .text.LL_RCC_MSI_GetRangeAfterStandby
                0x000000000800233c       0x1c ./Drivers/STM32L4xx_HAL_Driver/Src/stm32l4xx_ll_rcc.o
 .text.LL_RCC_GetSysClkSource
                0x0000000008002358       0x1c ./Drivers/STM32L4xx_HAL_Driver/Src/stm32l4xx_ll_rcc.o
 .text.LL_RCC_GetAHBPrescaler
                0x0000000008002374       0x1c ./Drivers/STM32L4xx_HAL_Driver/Src/stm32l4xx_ll_rcc.o
 .text.LL_RCC_GetAPB1Prescaler
                0x0000000008002390       0x1c ./Drivers/STM32L4xx_HAL_Driver/Src/stm32l4xx_ll_rcc.o
 .text.LL_RCC_GetAPB2Prescaler
                0x00000000080023ac       0x1c ./Drivers/STM32L4xx_HAL_Driver/Src/stm32l4xx_ll_rcc.o
 .text.LL_RCC_GetUSARTClockSource
                0x00000000080023c8       0x28 ./Drivers/STM32L4xx_HAL_Driver/Src/stm32l4xx_ll_rcc.o
 .text.LL_RCC_GetUARTClockSource
                0x00000000080023f0       0x28 ./Drivers/STM32L4xx_HAL_Driver/Src/stm32l4xx_ll_rcc.o
 .text.LL_RCC_PLL_GetMainSource
                0x0000000008002418       0x1c ./Drivers/STM32L4xx_HAL_Driver/Src/stm32l4xx_ll_rcc.o
 .text.LL_RCC_PLL_GetN
                0x0000000008002434       0x1c ./Drivers/STM32L4xx_HAL_Driver/Src/stm32l4xx_ll_rcc.o
 .text.LL_RCC_PLL_GetR
                0x0000000008002450       0x1c ./Drivers/STM32L4xx_HAL_Driver/Src/stm32l4xx_ll_rcc.o
 .text.LL_RCC_PLL_GetDivider
                0x000000000800246c       0x1c ./Drivers/STM32L4xx_HAL_Driver/Src/stm32l4xx_ll_rcc.o
 .text.LL_RCC_GetUSARTClockFreq
                0x0000000008002488      0x1c4 ./Drivers/STM32L4xx_HAL_Driver/Src/stm32l4xx_ll_rcc.o
                0x0000000008002488                LL_RCC_GetUSARTClockFreq
 .text.LL_RCC_GetUARTClockFreq
                0x000000000800264c      0x128 ./Drivers/STM32L4xx_HAL_Driver/Src/stm32l4xx_ll_rcc.o
                0x000000000800264c                LL_RCC_GetUARTClockFreq
 .text.RCC_GetSystemClockFreq
                0x0000000008002774      0x120 ./Drivers/STM32L4xx_HAL_Driver/Src/stm32l4xx_ll_rcc.o
                0x0000000008002774                RCC_GetSystemClockFreq
 .text.RCC_GetHCLKClockFreq
                0x0000000008002894       0x2c ./Drivers/STM32L4xx_HAL_Driver/Src/stm32l4xx_ll_rcc.o
                0x0000000008002894                RCC_GetHCLKClockFreq
 .text.RCC_GetPCLK1ClockFreq
                0x00000000080028c0       0x28 ./Drivers/STM32L4xx_HAL_Driver/Src/stm32l4xx_ll_rcc.o
                0x00000000080028c0                RCC_GetPCLK1ClockFreq
 .text.RCC_GetPCLK2ClockFreq
                0x00000000080028e8       0x28 ./Drivers/STM32L4xx_HAL_Driver/Src/stm32l4xx_ll_rcc.o
                0x00000000080028e8                RCC_GetPCLK2ClockFreq
 .text.RCC_PLL_GetFreqDomain_SYS
                0x0000000008002910      0x118 ./Drivers/STM32L4xx_HAL_Driver/Src/stm32l4xx_ll_rcc.o
                0x0000000008002910                RCC_PLL_GetFreqDomain_SYS
 .text.LL_SPI_IsEnabled
                0x0000000008002a28       0x26 ./Drivers/STM32L4xx_HAL_Driver/Src/stm32l4xx_ll_spi.o
 .text.LL_SPI_SetCRCPolynomial
                0x0000000008002a4e       0x20 ./Drivers/STM32L4xx_HAL_Driver/Src/stm32l4xx_ll_spi.o
 .text.LL_SPI_Init
                0x0000000008002a6e       0x9c ./Drivers/STM32L4xx_HAL_Driver/Src/stm32l4xx_ll_spi.o
                0x0000000008002a6e                LL_SPI_Init
 .text.LL_USART_IsEnabled
                0x0000000008002b0a       0x26 ./Drivers/STM32L4xx_HAL_Driver/Src/stm32l4xx_ll_usart.o
 .text.LL_USART_SetStopBitsLength
                0x0000000008002b30       0x26 ./Drivers/STM32L4xx_HAL_Driver/Src/stm32l4xx_ll_usart.o
 .text.LL_USART_SetHWFlowCtrl
                0x0000000008002b56       0x26 ./Drivers/STM32L4xx_HAL_Driver/Src/stm32l4xx_ll_usart.o
 .text.LL_USART_SetBaudRate
                0x0000000008002b7c       0x6e ./Drivers/STM32L4xx_HAL_Driver/Src/stm32l4xx_ll_usart.o
 *fill*         0x0000000008002bea        0x2 
 .text.LL_USART_Init
                0x0000000008002bec       0xf8 ./Drivers/STM32L4xx_HAL_Driver/Src/stm32l4xx_ll_usart.o
                0x0000000008002bec                LL_USART_Init
 .text.LL_SetSystemCoreClock
                0x0000000008002ce4       0x20 ./Drivers/STM32L4xx_HAL_Driver/Src/stm32l4xx_ll_utils.o
                0x0000000008002ce4                LL_SetSystemCoreClock
 .text.memset   0x0000000008002d04       0x10 C:/ST/STM32CubeIDE_1.13.2/STM32CubeIDE/plugins/com.st.stm32cube.ide.mcu.externaltools.gnu-tools-for-stm32.11.3.rel1.win32_1.1.1.202309131626/tools/bin/../lib/gcc/arm-none-eabi/11.3.1/../../../../arm-none-eabi/lib/thumb/v7e-m+fp/hard\libc_nano.a(libc_a-memset.o)
                0x0000000008002d04                memset
 .text.__libc_init_array
                0x0000000008002d14       0x48 C:/ST/STM32CubeIDE_1.13.2/STM32CubeIDE/plugins/com.st.stm32cube.ide.mcu.externaltools.gnu-tools-for-stm32.11.3.rel1.win32_1.1.1.202309131626/tools/bin/../lib/gcc/arm-none-eabi/11.3.1/../../../../arm-none-eabi/lib/thumb/v7e-m+fp/hard\libc_nano.a(libc_a-init.o)
                0x0000000008002d14                __libc_init_array
 *(.glue_7)
 .glue_7        0x0000000008002d5c        0x0 linker stubs
 *(.glue_7t)
 .glue_7t       0x0000000008002d5c        0x0 linker stubs
 *(.eh_frame)
 .eh_frame      0x0000000008002d5c        0x0 C:/ST/STM32CubeIDE_1.13.2/STM32CubeIDE/plugins/com.st.stm32cube.ide.mcu.externaltools.gnu-tools-for-stm32.11.3.rel1.win32_1.1.1.202309131626/tools/bin/../lib/gcc/arm-none-eabi/11.3.1/thumb/v7e-m+fp/hard/crtbegin.o
 *(.init)
 .init          0x0000000008002d5c        0x4 C:/ST/STM32CubeIDE_1.13.2/STM32CubeIDE/plugins/com.st.stm32cube.ide.mcu.externaltools.gnu-tools-for-stm32.11.3.rel1.win32_1.1.1.202309131626/tools/bin/../lib/gcc/arm-none-eabi/11.3.1/thumb/v7e-m+fp/hard/crti.o
                0x0000000008002d5c                _init
 .init          0x0000000008002d60        0x8 C:/ST/STM32CubeIDE_1.13.2/STM32CubeIDE/plugins/com.st.stm32cube.ide.mcu.externaltools.gnu-tools-for-stm32.11.3.rel1.win32_1.1.1.202309131626/tools/bin/../lib/gcc/arm-none-eabi/11.3.1/thumb/v7e-m+fp/hard/crtn.o
 *(.fini)
 .fini          0x0000000008002d68        0x4 C:/ST/STM32CubeIDE_1.13.2/STM32CubeIDE/plugins/com.st.stm32cube.ide.mcu.externaltools.gnu-tools-for-stm32.11.3.rel1.win32_1.1.1.202309131626/tools/bin/../lib/gcc/arm-none-eabi/11.3.1/thumb/v7e-m+fp/hard/crti.o
                0x0000000008002d68                _fini
 .fini          0x0000000008002d6c        0x8 C:/ST/STM32CubeIDE_1.13.2/STM32CubeIDE/plugins/com.st.stm32cube.ide.mcu.externaltools.gnu-tools-for-stm32.11.3.rel1.win32_1.1.1.202309131626/tools/bin/../lib/gcc/arm-none-eabi/11.3.1/thumb/v7e-m+fp/hard/crtn.o
                0x0000000008002d74                . = ALIGN (0x4)
                0x0000000008002d74                _etext = .

.vfp11_veneer   0x0000000008002d74        0x0
 .vfp11_veneer  0x0000000008002d74        0x0 linker stubs

.v4_bx          0x0000000008002d74        0x0
 .v4_bx         0x0000000008002d74        0x0 linker stubs

.iplt           0x0000000008002d74        0x0
 .iplt          0x0000000008002d74        0x0 C:/ST/STM32CubeIDE_1.13.2/STM32CubeIDE/plugins/com.st.stm32cube.ide.mcu.externaltools.gnu-tools-for-stm32.11.3.rel1.win32_1.1.1.202309131626/tools/bin/../lib/gcc/arm-none-eabi/11.3.1/thumb/v7e-m+fp/hard/crtbegin.o

.rodata         0x0000000008002d74       0x48
                0x0000000008002d74                . = ALIGN (0x4)
 *(.rodata)
 *(.rodata*)
 .rodata.AHBPrescTable
                0x0000000008002d74       0x10 ./Core/Src/system_stm32l4xx.o
                0x0000000008002d74                AHBPrescTable
 .rodata.APBPrescTable
                0x0000000008002d84        0x8 ./Core/Src/system_stm32l4xx.o
                0x0000000008002d84                APBPrescTable
 .rodata.MSIRangeTable
                0x0000000008002d8c       0x30 ./Core/Src/system_stm32l4xx.o
                0x0000000008002d8c                MSIRangeTable
                0x0000000008002dbc                . = ALIGN (0x4)

.rel.dyn        0x0000000008002dbc        0x0
 .rel.iplt      0x0000000008002dbc        0x0 C:/ST/STM32CubeIDE_1.13.2/STM32CubeIDE/plugins/com.st.stm32cube.ide.mcu.externaltools.gnu-tools-for-stm32.11.3.rel1.win32_1.1.1.202309131626/tools/bin/../lib/gcc/arm-none-eabi/11.3.1/thumb/v7e-m+fp/hard/crtbegin.o

.ARM.extab      0x0000000008002dbc        0x0
                0x0000000008002dbc                . = ALIGN (0x4)
 *(.ARM.extab* .gnu.linkonce.armextab.*)
                0x0000000008002dbc                . = ALIGN (0x4)

.ARM            0x0000000008002dbc        0x0
                0x0000000008002dbc                . = ALIGN (0x4)
                0x0000000008002dbc                __exidx_start = .
 *(.ARM.exidx*)
                0x0000000008002dbc                __exidx_end = .
                0x0000000008002dbc                . = ALIGN (0x4)

.preinit_array  0x0000000008002dbc        0x0
                0x0000000008002dbc                . = ALIGN (0x4)
                0x0000000008002dbc                PROVIDE (__preinit_array_start = .)
 *(.preinit_array*)
                0x0000000008002dbc                PROVIDE (__preinit_array_end = .)
                0x0000000008002dbc                . = ALIGN (0x4)

.init_array     0x0000000008002dbc        0x4
                0x0000000008002dbc                . = ALIGN (0x4)
                0x0000000008002dbc                PROVIDE (__init_array_start = .)
 *(SORT_BY_NAME(.init_array.*))
 *(.init_array*)
 .init_array    0x0000000008002dbc        0x4 C:/ST/STM32CubeIDE_1.13.2/STM32CubeIDE/plugins/com.st.stm32cube.ide.mcu.externaltools.gnu-tools-for-stm32.11.3.rel1.win32_1.1.1.202309131626/tools/bin/../lib/gcc/arm-none-eabi/11.3.1/thumb/v7e-m+fp/hard/crtbegin.o
                0x0000000008002dc0                PROVIDE (__init_array_end = .)
                0x0000000008002dc0                . = ALIGN (0x4)

.fini_array     0x0000000008002dc0        0x4
                0x0000000008002dc0                . = ALIGN (0x4)
                [!provide]                        PROVIDE (__fini_array_start = .)
 *(SORT_BY_NAME(.fini_array.*))
 *(.fini_array*)
 .fini_array    0x0000000008002dc0        0x4 C:/ST/STM32CubeIDE_1.13.2/STM32CubeIDE/plugins/com.st.stm32cube.ide.mcu.externaltools.gnu-tools-for-stm32.11.3.rel1.win32_1.1.1.202309131626/tools/bin/../lib/gcc/arm-none-eabi/11.3.1/thumb/v7e-m+fp/hard/crtbegin.o
                [!provide]                        PROVIDE (__fini_array_end = .)
                0x0000000008002dc4                . = ALIGN (0x4)
                0x0000000008002dc4                _sidata = LOADADDR (.data)

.data           0x0000000020000000        0x4 load address 0x0000000008002dc4
                0x0000000020000000                . = ALIGN (0x4)
                0x0000000020000000                _sdata = .
 *(.data)
 *(.data*)
 .data.SystemCoreClock
                0x0000000020000000        0x4 ./Core/Src/system_stm32l4xx.o
                0x0000000020000000                SystemCoreClock
                0x0000000020000004                . = ALIGN (0x4)
                0x0000000020000004                _edata = .

.igot.plt       0x0000000020000004        0x0 load address 0x0000000008002dc8
 .igot.plt      0x0000000020000004        0x0 C:/ST/STM32CubeIDE_1.13.2/STM32CubeIDE/plugins/com.st.stm32cube.ide.mcu.externaltools.gnu-tools-for-stm32.11.3.rel1.win32_1.1.1.202309131626/tools/bin/../lib/gcc/arm-none-eabi/11.3.1/thumb/v7e-m+fp/hard/crtbegin.o
                0x0000000020000004                . = ALIGN (0x4)

.bss            0x0000000020000004       0x2c load address 0x0000000008002dc8
                0x0000000020000004                _sbss = .
                0x0000000020000004                __bss_start__ = _sbss
 *(.bss)
 .bss           0x0000000020000004       0x1c C:/ST/STM32CubeIDE_1.13.2/STM32CubeIDE/plugins/com.st.stm32cube.ide.mcu.externaltools.gnu-tools-for-stm32.11.3.rel1.win32_1.1.1.202309131626/tools/bin/../lib/gcc/arm-none-eabi/11.3.1/thumb/v7e-m+fp/hard/crtbegin.o
 *(.bss*)
 .bss.ticks     0x0000000020000020        0x4 ./Core/Src/main.o
                0x0000000020000020                ticks
 .bss.blue_mode
                0x0000000020000024        0x4 ./Core/Src/main.o
                0x0000000020000024                blue_mode
 .bss.old_blue  0x0000000020000028        0x4 ./Core/Src/main.o
                0x0000000020000028                old_blue
 .bss.expe      0x000000002000002c        0x4 ./Core/Src/main.o
                0x000000002000002c                expe
 *(COMMON)
                0x0000000020000030                . = ALIGN (0x4)
                0x0000000020000030                _ebss = .
                0x0000000020000030                __bss_end__ = _ebss

._user_heap_stack
                0x0000000020000030      0x600 load address 0x0000000008002dc8
                0x0000000020000030                . = ALIGN (0x8)
                [!provide]                        PROVIDE (end = .)
                0x0000000020000030                PROVIDE (_end = .)
                0x0000000020000230                . = (. + _Min_Heap_Size)
 *fill*         0x0000000020000030      0x200 
                0x0000000020000630                . = (. + _Min_Stack_Size)
 *fill*         0x0000000020000230      0x400 
                0x0000000020000630                . = ALIGN (0x8)

/DISCARD/
 libc.a(*)
 libm.a(*)
 libgcc.a(*)

.ARM.attributes
                0x0000000000000000       0x30
 *(.ARM.attributes)
 .ARM.attributes
                0x0000000000000000       0x1e C:/ST/STM32CubeIDE_1.13.2/STM32CubeIDE/plugins/com.st.stm32cube.ide.mcu.externaltools.gnu-tools-for-stm32.11.3.rel1.win32_1.1.1.202309131626/tools/bin/../lib/gcc/arm-none-eabi/11.3.1/thumb/v7e-m+fp/hard/crti.o
 .ARM.attributes
                0x000000000000001e       0x34 C:/ST/STM32CubeIDE_1.13.2/STM32CubeIDE/plugins/com.st.stm32cube.ide.mcu.externaltools.gnu-tools-for-stm32.11.3.rel1.win32_1.1.1.202309131626/tools/bin/../lib/gcc/arm-none-eabi/11.3.1/thumb/v7e-m+fp/hard/crtbegin.o
 .ARM.attributes
                0x0000000000000052       0x34 ./Core/Src/clock.o
 .ARM.attributes
                0x0000000000000086       0x34 ./Core/Src/gpio.o
 .ARM.attributes
                0x00000000000000ba       0x34 ./Core/Src/main.o
 .ARM.attributes
                0x00000000000000ee       0x34 ./Core/Src/spi.o
 .ARM.attributes
                0x0000000000000122       0x34 ./Core/Src/stm32l4xx_it.o
 .ARM.attributes
                0x0000000000000156       0x34 ./Core/Src/system_stm32l4xx.o
 .ARM.attributes
                0x000000000000018a       0x34 ./Core/Src/usart.o
 .ARM.attributes
                0x00000000000001be       0x21 ./Core/Startup/startup_stm32l476rgtx.o
 .ARM.attributes
                0x00000000000001df       0x34 ./Drivers/STM32L4xx_HAL_Driver/Src/stm32l4xx_ll_exti.o
 .ARM.attributes
                0x0000000000000213       0x34 ./Drivers/STM32L4xx_HAL_Driver/Src/stm32l4xx_ll_gpio.o
 .ARM.attributes
                0x0000000000000247       0x34 ./Drivers/STM32L4xx_HAL_Driver/Src/stm32l4xx_ll_rcc.o
 .ARM.attributes
                0x000000000000027b       0x34 ./Drivers/STM32L4xx_HAL_Driver/Src/stm32l4xx_ll_spi.o
 .ARM.attributes
                0x00000000000002af       0x34 ./Drivers/STM32L4xx_HAL_Driver/Src/stm32l4xx_ll_usart.o
 .ARM.attributes
                0x00000000000002e3       0x34 ./Drivers/STM32L4xx_HAL_Driver/Src/stm32l4xx_ll_utils.o
 .ARM.attributes
                0x0000000000000317       0x34 C:/ST/STM32CubeIDE_1.13.2/STM32CubeIDE/plugins/com.st.stm32cube.ide.mcu.externaltools.gnu-tools-for-stm32.11.3.rel1.win32_1.1.1.202309131626/tools/bin/../lib/gcc/arm-none-eabi/11.3.1/../../../../arm-none-eabi/lib/thumb/v7e-m+fp/hard\libc_nano.a(libc_a-memset.o)
 .ARM.attributes
                0x000000000000034b       0x34 C:/ST/STM32CubeIDE_1.13.2/STM32CubeIDE/plugins/com.st.stm32cube.ide.mcu.externaltools.gnu-tools-for-stm32.11.3.rel1.win32_1.1.1.202309131626/tools/bin/../lib/gcc/arm-none-eabi/11.3.1/../../../../arm-none-eabi/lib/thumb/v7e-m+fp/hard\libc_nano.a(libc_a-init.o)
 .ARM.attributes
                0x000000000000037f       0x1e C:/ST/STM32CubeIDE_1.13.2/STM32CubeIDE/plugins/com.st.stm32cube.ide.mcu.externaltools.gnu-tools-for-stm32.11.3.rel1.win32_1.1.1.202309131626/tools/bin/../lib/gcc/arm-none-eabi/11.3.1/thumb/v7e-m+fp/hard/crtn.o
OUTPUT(L476_LoPoSo_LEDBlink_2024.elf elf32-littlearm)
LOAD linker stubs
LOAD C:/ST/STM32CubeIDE_1.13.2/STM32CubeIDE/plugins/com.st.stm32cube.ide.mcu.externaltools.gnu-tools-for-stm32.11.3.rel1.win32_1.1.1.202309131626/tools/bin/../lib/gcc/arm-none-eabi/11.3.1/../../../../arm-none-eabi/lib/thumb/v7e-m+fp/hard\libc.a
LOAD C:/ST/STM32CubeIDE_1.13.2/STM32CubeIDE/plugins/com.st.stm32cube.ide.mcu.externaltools.gnu-tools-for-stm32.11.3.rel1.win32_1.1.1.202309131626/tools/bin/../lib/gcc/arm-none-eabi/11.3.1/../../../../arm-none-eabi/lib/thumb/v7e-m+fp/hard\libm.a
LOAD C:/ST/STM32CubeIDE_1.13.2/STM32CubeIDE/plugins/com.st.stm32cube.ide.mcu.externaltools.gnu-tools-for-stm32.11.3.rel1.win32_1.1.1.202309131626/tools/bin/../lib/gcc/arm-none-eabi/11.3.1/thumb/v7e-m+fp/hard\libgcc.a

.comment        0x0000000000000000       0x43
 .comment       0x0000000000000000       0x43 C:/ST/STM32CubeIDE_1.13.2/STM32CubeIDE/plugins/com.st.stm32cube.ide.mcu.externaltools.gnu-tools-for-stm32.11.3.rel1.win32_1.1.1.202309131626/tools/bin/../lib/gcc/arm-none-eabi/11.3.1/thumb/v7e-m+fp/hard/crtbegin.o
                                         0x44 (size before relaxing)
 .comment       0x0000000000000043       0x44 ./Core/Src/clock.o
 .comment       0x0000000000000043       0x44 ./Core/Src/gpio.o
 .comment       0x0000000000000043       0x44 ./Core/Src/main.o
 .comment       0x0000000000000043       0x44 ./Core/Src/spi.o
 .comment       0x0000000000000043       0x44 ./Core/Src/stm32l4xx_it.o
 .comment       0x0000000000000043       0x44 ./Core/Src/system_stm32l4xx.o
 .comment       0x0000000000000043       0x44 ./Core/Src/usart.o
 .comment       0x0000000000000043       0x44 ./Drivers/STM32L4xx_HAL_Driver/Src/stm32l4xx_ll_exti.o
 .comment       0x0000000000000043       0x44 ./Drivers/STM32L4xx_HAL_Driver/Src/stm32l4xx_ll_gpio.o
 .comment       0x0000000000000043       0x44 ./Drivers/STM32L4xx_HAL_Driver/Src/stm32l4xx_ll_rcc.o
 .comment       0x0000000000000043       0x44 ./Drivers/STM32L4xx_HAL_Driver/Src/stm32l4xx_ll_spi.o
 .comment       0x0000000000000043       0x44 ./Drivers/STM32L4xx_HAL_Driver/Src/stm32l4xx_ll_usart.o
 .comment       0x0000000000000043       0x44 ./Drivers/STM32L4xx_HAL_Driver/Src/stm32l4xx_ll_utils.o

.debug_info     0x0000000000000000     0x8467
 .debug_info    0x0000000000000000     0x1102 ./Core/Src/clock.o
 .debug_info    0x0000000000001102      0xf55 ./Core/Src/gpio.o
 .debug_info    0x0000000000002057     0x1959 ./Core/Src/main.o
 .debug_info    0x00000000000039b0      0x5d0 ./Core/Src/spi.o
 .debug_info    0x0000000000003f80      0x28d ./Core/Src/stm32l4xx_it.o
 .debug_info    0x000000000000420d      0x5c7 ./Core/Src/system_stm32l4xx.o
 .debug_info    0x00000000000047d4      0x7cf ./Core/Src/usart.o
 .debug_info    0x0000000000004fa3       0x23 ./Core/Startup/startup_stm32l476rgtx.o
 .debug_info    0x0000000000004fc6      0x4cd ./Drivers/STM32L4xx_HAL_Driver/Src/stm32l4xx_ll_exti.o
 .debug_info    0x0000000000005493      0x94b ./Drivers/STM32L4xx_HAL_Driver/Src/stm32l4xx_ll_gpio.o
 .debug_info    0x0000000000005dde      0xdad ./Drivers/STM32L4xx_HAL_Driver/Src/stm32l4xx_ll_rcc.o
 .debug_info    0x0000000000006b8b      0x537 ./Drivers/STM32L4xx_HAL_Driver/Src/stm32l4xx_ll_spi.o
 .debug_info    0x00000000000070c2      0x767 ./Drivers/STM32L4xx_HAL_Driver/Src/stm32l4xx_ll_usart.o
 .debug_info    0x0000000000007829      0xc3e ./Drivers/STM32L4xx_HAL_Driver/Src/stm32l4xx_ll_utils.o

.debug_abbrev   0x0000000000000000     0x1a1b
 .debug_abbrev  0x0000000000000000      0x213 ./Core/Src/clock.o
 .debug_abbrev  0x0000000000000213      0x2b7 ./Core/Src/gpio.o
 .debug_abbrev  0x00000000000004ca      0x3c9 ./Core/Src/main.o
 .debug_abbrev  0x0000000000000893      0x197 ./Core/Src/spi.o
 .debug_abbrev  0x0000000000000a2a      0x14d ./Core/Src/stm32l4xx_it.o
 .debug_abbrev  0x0000000000000b77      0x13f ./Core/Src/system_stm32l4xx.o
 .debug_abbrev  0x0000000000000cb6      0x1e8 ./Core/Src/usart.o
 .debug_abbrev  0x0000000000000e9e       0x12 ./Core/Startup/startup_stm32l476rgtx.o
 .debug_abbrev  0x0000000000000eb0      0x188 ./Drivers/STM32L4xx_HAL_Driver/Src/stm32l4xx_ll_exti.o
 .debug_abbrev  0x0000000000001038      0x235 ./Drivers/STM32L4xx_HAL_Driver/Src/stm32l4xx_ll_gpio.o
 .debug_abbrev  0x000000000000126d      0x204 ./Drivers/STM32L4xx_HAL_Driver/Src/stm32l4xx_ll_rcc.o
 .debug_abbrev  0x0000000000001471      0x186 ./Drivers/STM32L4xx_HAL_Driver/Src/stm32l4xx_ll_spi.o
 .debug_abbrev  0x00000000000015f7      0x1c5 ./Drivers/STM32L4xx_HAL_Driver/Src/stm32l4xx_ll_usart.o
 .debug_abbrev  0x00000000000017bc      0x25f ./Drivers/STM32L4xx_HAL_Driver/Src/stm32l4xx_ll_utils.o

.debug_aranges  0x0000000000000000      0xa80
 .debug_aranges
                0x0000000000000000      0x158 ./Core/Src/clock.o
 .debug_aranges
                0x0000000000000158       0x98 ./Core/Src/gpio.o
 .debug_aranges
                0x00000000000001f0      0x188 ./Core/Src/main.o
 .debug_aranges
                0x0000000000000378       0x40 ./Core/Src/spi.o
 .debug_aranges
                0x00000000000003b8       0x70 ./Core/Src/stm32l4xx_it.o
 .debug_aranges
                0x0000000000000428       0x28 ./Core/Src/system_stm32l4xx.o
 .debug_aranges
                0x0000000000000450       0x78 ./Core/Src/usart.o
 .debug_aranges
                0x00000000000004c8       0x28 ./Core/Startup/startup_stm32l476rgtx.o
 .debug_aranges
                0x00000000000004f0       0xb0 ./Drivers/STM32L4xx_HAL_Driver/Src/stm32l4xx_ll_exti.o
 .debug_aranges
                0x00000000000005a0       0x70 ./Drivers/STM32L4xx_HAL_Driver/Src/stm32l4xx_ll_gpio.o
 .debug_aranges
                0x0000000000000610      0x250 ./Drivers/STM32L4xx_HAL_Driver/Src/stm32l4xx_ll_rcc.o
 .debug_aranges
                0x0000000000000860       0x60 ./Drivers/STM32L4xx_HAL_Driver/Src/stm32l4xx_ll_spi.o
 .debug_aranges
                0x00000000000008c0       0x88 ./Drivers/STM32L4xx_HAL_Driver/Src/stm32l4xx_ll_usart.o
 .debug_aranges
                0x0000000000000948      0x138 ./Drivers/STM32L4xx_HAL_Driver/Src/stm32l4xx_ll_utils.o

.debug_rnglists
                0x0000000000000000      0x7be
 .debug_rnglists
                0x0000000000000000       0xfd ./Core/Src/clock.o
 .debug_rnglists
                0x00000000000000fd       0x6e ./Core/Src/gpio.o
 .debug_rnglists
                0x000000000000016b      0x125 ./Core/Src/main.o
 .debug_rnglists
                0x0000000000000290       0x2c ./Core/Src/spi.o
 .debug_rnglists
                0x00000000000002bc       0x4f ./Core/Src/stm32l4xx_it.o
 .debug_rnglists
                0x000000000000030b       0x1a ./Core/Src/system_stm32l4xx.o
 .debug_rnglists
                0x0000000000000325       0x56 ./Core/Src/usart.o
 .debug_rnglists
                0x000000000000037b       0x19 ./Core/Startup/startup_stm32l476rgtx.o
 .debug_rnglists
                0x0000000000000394       0x80 ./Drivers/STM32L4xx_HAL_Driver/Src/stm32l4xx_ll_exti.o
 .debug_rnglists
                0x0000000000000414       0x51 ./Drivers/STM32L4xx_HAL_Driver/Src/stm32l4xx_ll_gpio.o
 .debug_rnglists
                0x0000000000000465      0x1ca ./Drivers/STM32L4xx_HAL_Driver/Src/stm32l4xx_ll_rcc.o
 .debug_rnglists
                0x000000000000062f       0x44 ./Drivers/STM32L4xx_HAL_Driver/Src/stm32l4xx_ll_spi.o
 .debug_rnglists
                0x0000000000000673       0x63 ./Drivers/STM32L4xx_HAL_Driver/Src/stm32l4xx_ll_usart.o
 .debug_rnglists
                0x00000000000006d6       0xe8 ./Drivers/STM32L4xx_HAL_Driver/Src/stm32l4xx_ll_utils.o

.debug_macro    0x0000000000000000     0x38e3
 .debug_macro   0x0000000000000000      0x120 ./Core/Src/clock.o
 .debug_macro   0x0000000000000120      0x1b9 ./Core/Src/clock.o
 .debug_macro   0x00000000000002d9      0x716 ./Core/Src/clock.o
 .debug_macro   0x00000000000009ef      0x208 ./Core/Src/clock.o
 .debug_macro   0x0000000000000bf7      0x4e5 ./Core/Src/clock.o
 .debug_macro   0x00000000000010dc      0x1a7 ./Core/Src/clock.o
 .debug_macro   0x0000000000001283      0x2f5 ./Core/Src/clock.o
 .debug_macro   0x0000000000001578      0x16a ./Core/Src/clock.o
 .debug_macro   0x00000000000016e2      0x101 ./Core/Src/gpio.o
 .debug_macro   0x00000000000017e3      0x164 ./Core/Src/gpio.o
 .debug_macro   0x0000000000001947      0x1ab ./Core/Src/main.o
 .debug_macro   0x0000000000001af2      0x1bf ./Core/Src/main.o
 .debug_macro   0x0000000000001cb1      0x2cb ./Core/Src/main.o
 .debug_macro   0x0000000000001f7c       0x22 ./Core/Src/main.o
 .debug_macro   0x0000000000001f9e      0x102 ./Core/Src/spi.o
 .debug_macro   0x00000000000020a0      0x15d ./Core/Src/stm32l4xx_it.o
 .debug_macro   0x00000000000021fd       0xd4 ./Core/Src/system_stm32l4xx.o
 .debug_macro   0x00000000000022d1       0xff ./Core/Src/usart.o
 .debug_macro   0x00000000000023d0      0x2f1 ./Core/Src/usart.o
 .debug_macro   0x00000000000026c1       0xfb ./Drivers/STM32L4xx_HAL_Driver/Src/stm32l4xx_ll_exti.o
 .debug_macro   0x00000000000027bc      0x15e ./Drivers/STM32L4xx_HAL_Driver/Src/stm32l4xx_ll_exti.o
 .debug_macro   0x000000000000291a      0x110 ./Drivers/STM32L4xx_HAL_Driver/Src/stm32l4xx_ll_gpio.o
 .debug_macro   0x0000000000002a2a      0x12b ./Drivers/STM32L4xx_HAL_Driver/Src/stm32l4xx_ll_rcc.o
 .debug_macro   0x0000000000002b55      0x710 ./Drivers/STM32L4xx_HAL_Driver/Src/stm32l4xx_ll_rcc.o
 .debug_macro   0x0000000000003265      0x12e ./Drivers/STM32L4xx_HAL_Driver/Src/stm32l4xx_ll_spi.o
 .debug_macro   0x0000000000003393      0x1cd ./Drivers/STM32L4xx_HAL_Driver/Src/stm32l4xx_ll_spi.o
 .debug_macro   0x0000000000003560      0x143 ./Drivers/STM32L4xx_HAL_Driver/Src/stm32l4xx_ll_usart.o
 .debug_macro   0x00000000000036a3      0x19f ./Drivers/STM32L4xx_HAL_Driver/Src/stm32l4xx_ll_utils.o
 .debug_macro   0x0000000000003842       0xa1 ./Drivers/STM32L4xx_HAL_Driver/Src/stm32l4xx_ll_utils.o

.debug_line     0x0000000000000000     0x7f65
 .debug_line    0x0000000000000000      0xc3b ./Core/Src/clock.o
 .debug_line    0x0000000000000c3b      0x8ae ./Core/Src/gpio.o
 .debug_line    0x00000000000014e9      0xe90 ./Core/Src/main.o
 .debug_line    0x0000000000002379      0x612 ./Core/Src/spi.o
 .debug_line    0x000000000000298b      0x762 ./Core/Src/stm32l4xx_it.o
 .debug_line    0x00000000000030ed      0x5bb ./Core/Src/system_stm32l4xx.o
 .debug_line    0x00000000000036a8      0x787 ./Core/Src/usart.o
 .debug_line    0x0000000000003e2f       0x79 ./Core/Startup/startup_stm32l476rgtx.o
 .debug_line    0x0000000000003ea8      0x788 ./Drivers/STM32L4xx_HAL_Driver/Src/stm32l4xx_ll_exti.o
 .debug_line    0x0000000000004630      0x84f ./Drivers/STM32L4xx_HAL_Driver/Src/stm32l4xx_ll_gpio.o
 .debug_line    0x0000000000004e7f     0x1737 ./Drivers/STM32L4xx_HAL_Driver/Src/stm32l4xx_ll_rcc.o
 .debug_line    0x00000000000065b6      0x678 ./Drivers/STM32L4xx_HAL_Driver/Src/stm32l4xx_ll_spi.o
 .debug_line    0x0000000000006c2e      0x782 ./Drivers/STM32L4xx_HAL_Driver/Src/stm32l4xx_ll_usart.o
 .debug_line    0x00000000000073b0      0xbb5 ./Drivers/STM32L4xx_HAL_Driver/Src/stm32l4xx_ll_utils.o

.debug_str      0x0000000000000000    0xb1343
 .debug_str     0x0000000000000000    0xa874c ./Core/Src/clock.o
                                      0xa8a1e (size before relaxing)
 .debug_str     0x00000000000a874c      0xba5 ./Core/Src/gpio.o
                                      0xa1fbb (size before relaxing)
 .debug_str     0x00000000000a92f1     0x46fe ./Core/Src/main.o
                                      0xad76b (size before relaxing)
 .debug_str     0x00000000000ad9ef       0xe7 ./Core/Src/spi.o
                                      0xa0893 (size before relaxing)
 .debug_str     0x00000000000adad6       0xc4 ./Core/Src/stm32l4xx_it.o
                                      0xabc9b (size before relaxing)
 .debug_str     0x00000000000adb9a       0xa3 ./Core/Src/system_stm32l4xx.o
                                      0x9e6e8 (size before relaxing)
 .debug_str     0x00000000000adc3d      0x152 ./Core/Src/usart.o
                                      0xa0cf0 (size before relaxing)
 .debug_str     0x00000000000add8f       0x34 ./Core/Startup/startup_stm32l476rgtx.o
                                         0x83 (size before relaxing)
 .debug_str     0x00000000000addc3      0x3de ./Drivers/STM32L4xx_HAL_Driver/Src/stm32l4xx_ll_exti.o
                                      0x9f0bf (size before relaxing)
 .debug_str     0x00000000000ae1a1      0x624 ./Drivers/STM32L4xx_HAL_Driver/Src/stm32l4xx_ll_gpio.o
                                      0xa008f (size before relaxing)
 .debug_str     0x00000000000ae7c5      0xcff ./Drivers/STM32L4xx_HAL_Driver/Src/stm32l4xx_ll_rcc.o
                                      0xa2de2 (size before relaxing)
 .debug_str     0x00000000000af4c4      0x97d ./Drivers/STM32L4xx_HAL_Driver/Src/stm32l4xx_ll_spi.o
                                      0xa0733 (size before relaxing)
 .debug_str     0x00000000000afe41      0x823 ./Drivers/STM32L4xx_HAL_Driver/Src/stm32l4xx_ll_usart.o
                                      0xa45fe (size before relaxing)
 .debug_str     0x00000000000b0664      0xcdf ./Drivers/STM32L4xx_HAL_Driver/Src/stm32l4xx_ll_utils.o
                                      0xa53a0 (size before relaxing)

.debug_frame    0x0000000000000000     0x2a5c
 .debug_frame   0x0000000000000000      0x560 ./Core/Src/clock.o
 .debug_frame   0x0000000000000560      0x26c ./Core/Src/gpio.o
 .debug_frame   0x00000000000007cc      0x698 ./Core/Src/main.o
 .debug_frame   0x0000000000000e64       0xd4 ./Core/Src/spi.o
 .debug_frame   0x0000000000000f38      0x15c ./Core/Src/stm32l4xx_it.o
 .debug_frame   0x0000000000001094       0x58 ./Core/Src/system_stm32l4xx.o
 .debug_frame   0x00000000000010ec      0x1d8 ./Core/Src/usart.o
 .debug_frame   0x00000000000012c4      0x2fc ./Drivers/STM32L4xx_HAL_Driver/Src/stm32l4xx_ll_exti.o
 .debug_frame   0x00000000000015c0      0x1c0 ./Drivers/STM32L4xx_HAL_Driver/Src/stm32l4xx_ll_gpio.o
 .debug_frame   0x0000000000001780      0x9f0 ./Drivers/STM32L4xx_HAL_Driver/Src/stm32l4xx_ll_rcc.o
 .debug_frame   0x0000000000002170      0x170 ./Drivers/STM32L4xx_HAL_Driver/Src/stm32l4xx_ll_spi.o
 .debug_frame   0x00000000000022e0      0x234 ./Drivers/STM32L4xx_HAL_Driver/Src/stm32l4xx_ll_usart.o
 .debug_frame   0x0000000000002514      0x4fc ./Drivers/STM32L4xx_HAL_Driver/Src/stm32l4xx_ll_utils.o
 .debug_frame   0x0000000000002a10       0x20 C:/ST/STM32CubeIDE_1.13.2/STM32CubeIDE/plugins/com.st.stm32cube.ide.mcu.externaltools.gnu-tools-for-stm32.11.3.rel1.win32_1.1.1.202309131626/tools/bin/../lib/gcc/arm-none-eabi/11.3.1/../../../../arm-none-eabi/lib/thumb/v7e-m+fp/hard\libc_nano.a(libc_a-memset.o)
 .debug_frame   0x0000000000002a30       0x2c C:/ST/STM32CubeIDE_1.13.2/STM32CubeIDE/plugins/com.st.stm32cube.ide.mcu.externaltools.gnu-tools-for-stm32.11.3.rel1.win32_1.1.1.202309131626/tools/bin/../lib/gcc/arm-none-eabi/11.3.1/../../../../arm-none-eabi/lib/thumb/v7e-m+fp/hard\libc_nano.a(libc_a-init.o)

.debug_line_str
                0x0000000000000000       0x77
 .debug_line_str
                0x0000000000000000       0x77 ./Core/Startup/startup_stm32l476rgtx.o
                                         0x8f (size before relaxing)
