Archive member included to satisfy reference by file (symbol)

C:/ST/STM32CubeIDE_1.18.1/STM32CubeIDE/plugins/com.st.stm32cube.ide.mcu.externaltools.gnu-tools-for-stm32.13.3.rel1.win32_1.0.0.202411081344/tools/bin/../lib/gcc/arm-none-eabi/13.3.1/../../../../arm-none-eabi/lib/thumb/v7e-m+fp/hard\libc_nano.a(libc_a-exit.o)
                              C:/ST/STM32CubeIDE_1.18.1/STM32CubeIDE/plugins/com.st.stm32cube.ide.mcu.externaltools.gnu-tools-for-stm32.13.3.rel1.win32_1.0.0.202411081344/tools/bin/../lib/gcc/arm-none-eabi/13.3.1/../../../../arm-none-eabi/lib/thumb/v7e-m+fp/hard/crt0.o (exit)
C:/ST/STM32CubeIDE_1.18.1/STM32CubeIDE/plugins/com.st.stm32cube.ide.mcu.externaltools.gnu-tools-for-stm32.13.3.rel1.win32_1.0.0.202411081344/tools/bin/../lib/gcc/arm-none-eabi/13.3.1/../../../../arm-none-eabi/lib/thumb/v7e-m+fp/hard\libc_nano.a(libc_a-findfp.o)
                              C:/ST/STM32CubeIDE_1.18.1/STM32CubeIDE/plugins/com.st.stm32cube.ide.mcu.externaltools.gnu-tools-for-stm32.13.3.rel1.win32_1.0.0.202411081344/tools/bin/../lib/gcc/arm-none-eabi/13.3.1/../../../../arm-none-eabi/lib/thumb/v7e-m+fp/hard\libc_nano.a(libc_a-exit.o) (__stdio_exit_handler)
C:/ST/STM32CubeIDE_1.18.1/STM32CubeIDE/plugins/com.st.stm32cube.ide.mcu.externaltools.gnu-tools-for-stm32.13.3.rel1.win32_1.0.0.202411081344/tools/bin/../lib/gcc/arm-none-eabi/13.3.1/../../../../arm-none-eabi/lib/thumb/v7e-m+fp/hard\libc_nano.a(libc_a-fwalk.o)
                              C:/ST/STM32CubeIDE_1.18.1/STM32CubeIDE/plugins/com.st.stm32cube.ide.mcu.externaltools.gnu-tools-for-stm32.13.3.rel1.win32_1.0.0.202411081344/tools/bin/../lib/gcc/arm-none-eabi/13.3.1/../../../../arm-none-eabi/lib/thumb/v7e-m+fp/hard\libc_nano.a(libc_a-findfp.o) (_fwalk_sglue)
C:/ST/STM32CubeIDE_1.18.1/STM32CubeIDE/plugins/com.st.stm32cube.ide.mcu.externaltools.gnu-tools-for-stm32.13.3.rel1.win32_1.0.0.202411081344/tools/bin/../lib/gcc/arm-none-eabi/13.3.1/../../../../arm-none-eabi/lib/thumb/v7e-m+fp/hard\libc_nano.a(libc_a-stdio.o)
                              C:/ST/STM32CubeIDE_1.18.1/STM32CubeIDE/plugins/com.st.stm32cube.ide.mcu.externaltools.gnu-tools-for-stm32.13.3.rel1.win32_1.0.0.202411081344/tools/bin/../lib/gcc/arm-none-eabi/13.3.1/../../../../arm-none-eabi/lib/thumb/v7e-m+fp/hard\libc_nano.a(libc_a-findfp.o) (__sread)
C:/ST/STM32CubeIDE_1.18.1/STM32CubeIDE/plugins/com.st.stm32cube.ide.mcu.externaltools.gnu-tools-for-stm32.13.3.rel1.win32_1.0.0.202411081344/tools/bin/../lib/gcc/arm-none-eabi/13.3.1/../../../../arm-none-eabi/lib/thumb/v7e-m+fp/hard\libc_nano.a(libc_a-memset.o)
                              C:/ST/STM32CubeIDE_1.18.1/STM32CubeIDE/plugins/com.st.stm32cube.ide.mcu.externaltools.gnu-tools-for-stm32.13.3.rel1.win32_1.0.0.202411081344/tools/bin/../lib/gcc/arm-none-eabi/13.3.1/../../../../arm-none-eabi/lib/thumb/v7e-m+fp/hard/crt0.o (memset)
C:/ST/STM32CubeIDE_1.18.1/STM32CubeIDE/plugins/com.st.stm32cube.ide.mcu.externaltools.gnu-tools-for-stm32.13.3.rel1.win32_1.0.0.202411081344/tools/bin/../lib/gcc/arm-none-eabi/13.3.1/../../../../arm-none-eabi/lib/thumb/v7e-m+fp/hard\libc_nano.a(libc_a-closer.o)
                              C:/ST/STM32CubeIDE_1.18.1/STM32CubeIDE/plugins/com.st.stm32cube.ide.mcu.externaltools.gnu-tools-for-stm32.13.3.rel1.win32_1.0.0.202411081344/tools/bin/../lib/gcc/arm-none-eabi/13.3.1/../../../../arm-none-eabi/lib/thumb/v7e-m+fp/hard\libc_nano.a(libc_a-stdio.o) (_close_r)
C:/ST/STM32CubeIDE_1.18.1/STM32CubeIDE/plugins/com.st.stm32cube.ide.mcu.externaltools.gnu-tools-for-stm32.13.3.rel1.win32_1.0.0.202411081344/tools/bin/../lib/gcc/arm-none-eabi/13.3.1/../../../../arm-none-eabi/lib/thumb/v7e-m+fp/hard\libc_nano.a(libc_a-reent.o)
                              C:/ST/STM32CubeIDE_1.18.1/STM32CubeIDE/plugins/com.st.stm32cube.ide.mcu.externaltools.gnu-tools-for-stm32.13.3.rel1.win32_1.0.0.202411081344/tools/bin/../lib/gcc/arm-none-eabi/13.3.1/../../../../arm-none-eabi/lib/thumb/v7e-m+fp/hard\libc_nano.a(libc_a-closer.o) (errno)
C:/ST/STM32CubeIDE_1.18.1/STM32CubeIDE/plugins/com.st.stm32cube.ide.mcu.externaltools.gnu-tools-for-stm32.13.3.rel1.win32_1.0.0.202411081344/tools/bin/../lib/gcc/arm-none-eabi/13.3.1/../../../../arm-none-eabi/lib/thumb/v7e-m+fp/hard\libc_nano.a(libc_a-impure.o)
                              C:/ST/STM32CubeIDE_1.18.1/STM32CubeIDE/plugins/com.st.stm32cube.ide.mcu.externaltools.gnu-tools-for-stm32.13.3.rel1.win32_1.0.0.202411081344/tools/bin/../lib/gcc/arm-none-eabi/13.3.1/../../../../arm-none-eabi/lib/thumb/v7e-m+fp/hard\libc_nano.a(libc_a-reent.o) (_impure_ptr)
C:/ST/STM32CubeIDE_1.18.1/STM32CubeIDE/plugins/com.st.stm32cube.ide.mcu.externaltools.gnu-tools-for-stm32.13.3.rel1.win32_1.0.0.202411081344/tools/bin/../lib/gcc/arm-none-eabi/13.3.1/../../../../arm-none-eabi/lib/thumb/v7e-m+fp/hard\libc_nano.a(libc_a-lseekr.o)
[...]
Memory Configuration

Name             Origin             Length             Attributes
RAM              0x20000000         0x00018000         xrw
RAM2             0x10000000         0x00008000         xrw
FLASH            0x08000000         0x00100000         xr
*default*        0x00000000         0xffffffff

Linker script and memory map

LOAD C:/ST/STM32CubeIDE_1.18.1/STM32CubeIDE/plugins/com.st.stm32cube.ide.mcu.externaltools.gnu-tools-for-stm32.13.3.rel1.win32_1.0.0.202411081344/tools/bin/../lib/gcc/arm-none-eabi/13.3.1/thumb/v7e-m+fp/hard/crti.o
LOAD C:/ST/STM32CubeIDE_1.18.1/STM32CubeIDE/plugins/com.st.stm32cube.ide.mcu.externaltools.gnu-tools-for-stm32.13.3.rel1.win32_1.0.0.202411081344/tools/bin/../lib/gcc/arm-none-eabi/13.3.1/thumb/v7e-m+fp/hard/crtbegin.o
LOAD C:/ST/STM32CubeIDE_1.18.1/STM32CubeIDE/plugins/com.st.stm32cube.ide.mcu.externaltools.gnu-tools-for-stm32.13.3.rel1.win32_1.0.0.202411081344/tools/bin/../lib/gcc/arm-none-eabi/13.3.1/../../../../arm-none-eabi/lib/thumb/v7e-m+fp/hard/crt0.o
LOAD ./Core/Src/RadioFunctions.o
LOAD ./Core/Src/clock.o
LOAD ./Core/Src/gpio.o
LOAD ./Core/Src/main.o
LOAD ./Core/Src/nrf24.o
LOAD ./Core/Src/spi.o
LOAD ./Core/Src/stm32l4xx_it.o
LOAD ./Core/Src/syscalls.o
LOAD ./Core/Src/sysmem.o
LOAD ./Core/Src/system_stm32l4xx.o
LOAD ./Core/Src/usart.o
LOAD ./Core/Startup/startup_stm32l476rgtx.o
LOAD ./Drivers/STM32L4xx_HAL_Driver/Src/stm32l4xx_ll_dma.o
LOAD ./Drivers/STM32L4xx_HAL_Driver/Src/stm32l4xx_ll_exti.o
LOAD ./Drivers/STM32L4xx_HAL_Driver/Src/stm32l4xx_ll_gpio.o
LOAD ./Drivers/STM32L4xx_HAL_Driver/Src/stm32l4xx_ll_pwr.o
LOAD ./Drivers/STM32L4xx_HAL_Driver/Src/stm32l4xx_ll_rcc.o
LOAD ./Drivers/STM32L4xx_HAL_Driver/Src/stm32l4xx_ll_rtc.o
LOAD ./Drivers/STM32L4xx_HAL_Driver/Src/stm32l4xx_ll_spi.o
LOAD ./Drivers/STM32L4xx_HAL_Driver/Src/stm32l4xx_ll_usart.o
LOAD ./Drivers/STM32L4xx_HAL_Driver/Src/stm32l4xx_ll_utils.o
START GROUP
LOAD C:/ST/STM32CubeIDE_1.18.1/STM32CubeIDE/plugins/com.st.stm32cube.ide.mcu.externaltools.gnu-tools-for-stm32.13.3.rel1.win32_1.0.0.202411081344/tools/bin/../lib/gcc/arm-none-eabi/13.3.1/../../../../arm-none-eabi/lib/thumb/v7e-m+fp/hard\libc_nano.a
LOAD C:/ST/STM32CubeIDE_1.18.1/STM32CubeIDE/plugins/com.st.stm32cube.ide.mcu.externaltools.gnu-tools-for-stm32.13.3.rel1.win32_1.0.0.202411081344/tools/bin/../lib/gcc/arm-none-eabi/13.3.1/../../../../arm-none-eabi/lib/thumb/v7e-m+fp/hard\libm.a
END GROUP
START GROUP
LOAD C:/ST/STM32CubeIDE_1.18.1/STM32CubeIDE/plugins/com.st.stm32cube.ide.mcu.externaltools.gnu-tools-for-stm32.13.3.rel1.win32_1.0.0.202411081344/tools/bin/../lib/gcc/arm-none-eabi/13.3.1/thumb/v7e-m+fp/hard\libgcc.a
LOAD C:/ST/STM32CubeIDE_1.18.1/STM32CubeIDE/plugins/com.st.stm32cube.ide.mcu.externaltools.gnu-tools-for-stm32.13.3.rel1.win32_1.0.0.202411081344/tools/bin/../lib/gcc/arm-none-eabi/13.3.1/../../../../arm-none-eabi/lib/thumb/v7e-m+fp/hard\libc_nano.a
END GROUP
START GROUP
LOAD C:/ST/STM32CubeIDE_1.18.1/STM32CubeIDE/plugins/com.st.stm32cube.ide.mcu.externaltools.gnu-tools-for-stm32.13.3.rel1.win32_1.0.0.202411081344/tools/bin/../lib/gcc/arm-none-eabi/13.3.1/thumb/v7e-m+fp/hard\libgcc.a
LOAD C:/ST/STM32CubeIDE_1.18.1/STM32CubeIDE/plugins/com.st.stm32cube.ide.mcu.externaltools.gnu-tools-for-stm32.13.3.rel1.win32_1.0.0.202411081344/tools/bin/../lib/gcc/arm-none-eabi/13.3.1/../../../../arm-none-eabi/lib/thumb/v7e-m+fp/hard\libc_nano.a
LOAD C:/ST/STM32CubeIDE_1.18.1/STM32CubeIDE/plugins/com.st.stm32cube.ide.mcu.externaltools.gnu-tools-for-stm32.13.3.rel1.win32_1.0.0.202411081344/tools/bin/../lib/gcc/arm-none-eabi/13.3.1/../../../../arm-none-eabi/lib/thumb/v7e-m+fp/hard\libnosys.a
END GROUP
START GROUP
LOAD C:/ST/STM32CubeIDE_1.18.1/STM32CubeIDE/plugins/com.st.stm32cube.ide.mcu.externaltools.gnu-tools-for-stm32.13.3.rel1.win32_1.0.0.202411081344/tools/bin/../lib/gcc/arm-none-eabi/13.3.1/thumb/v7e-m+fp/hard\libgcc.a
LOAD C:/ST/STM32CubeIDE_1.18.1/STM32CubeIDE/plugins/com.st.stm32cube.ide.mcu.externaltools.gnu-tools-for-stm32.13.3.rel1.win32_1.0.0.202411081344/tools/bin/../lib/gcc/arm-none-eabi/13.3.1/../../../../arm-none-eabi/lib/thumb/v7e-m+fp/hard\libc_nano.a
LOAD C:/ST/STM32CubeIDE_1.18.1/STM32CubeIDE/plugins/com.st.stm32cube.ide.mcu.externaltools.gnu-tools-for-stm32.13.3.rel1.win32_1.0.0.202411081344/tools/bin/../lib/gcc/arm-none-eabi/13.3.1/../../../../arm-none-eabi/lib/thumb/v7e-m+fp/hard\libnosys.a
END GROUP
LOAD C:/ST/STM32CubeIDE_1.18.1/STM32CubeIDE/plugins/com.st.stm32cube.ide.mcu.externaltools.gnu-tools-for-stm32.13.3.rel1.win32_1.0.0.202411081344/tools/bin/../lib/gcc/arm-none-eabi/13.3.1/thumb/v7e-m+fp/hard/crtend.o
LOAD C:/ST/STM32CubeIDE_1.18.1/STM32CubeIDE/plugins/com.st.stm32cube.ide.mcu.externaltools.gnu-tools-for-stm32.13.3.rel1.win32_1.0.0.202411081344/tools/bin/../lib/gcc/arm-none-eabi/13.3.1/thumb/v7e-m+fp/hard/crtn.o
                0x20018000                        _estack = (ORIGIN (RAM) + LENGTH (RAM))
                0x00000200                        _Min_Heap_Size = 0x200
                0x00000400                        _Min_Stack_Size = 0x400

.isr_vector     0x08000000      0x188
                0x08000000                        . = ALIGN (0x4)
 *(.isr_vector)
 .isr_vector    0x08000000      0x188 ./Core/Startup/startup_stm32l476rgtx.o
                0x08000000                g_pfnVectors
                0x08000188                        . = ALIGN (0x4)

.text           0x08000188     0x2e20
                0x08000188                        . = ALIGN (0x4)
 *(.text)
 .text          0x08000188       0x40 C:/ST/STM32CubeIDE_1.18.1/STM32CubeIDE/plugins/com.st.stm32cube.ide.mcu.externaltools.gnu-tools-for-stm32.13.3.rel1.win32_1.0.0.202411081344/tools/bin/../lib/gcc/arm-none-eabi/13.3.1/thumb/v7e-m+fp/hard/crtbegin.o
 *(.text*)
 .text.LL_GPIO_SetOutputPin
                0x080001c8       0x1c ./Core/Src/RadioFunctions.o
 .text.LL_GPIO_ResetOutputPin
                0x080001e4       0x1c ./Core/Src/RadioFunctions.o
 .text.nRF24_CE_L
                0x08000200       0x14 ./Core/Src/RadioFunctions.o
 .text.nRF24_CE_H
                0x08000214       0x14 ./Core/Src/RadioFunctions.o
 .text.Delay_ms
                0x08000228       0x16 ./Core/Src/RadioFunctions.o
 *fill*         0x0800023e        0x2 
 .text.nRF24_TransmitPacket
                0x08000240       0xa0 ./Core/Src/RadioFunctions.o
                0x08000240                nRF24_TransmitPacket
 .text.Init_Transceiver
                0x080002e0       0x48 ./Core/Src/RadioFunctions.o
                0x080002e0                Init_Transceiver
 .text.Config_RF_channel
                0x08000328       0x32 ./Core/Src/RadioFunctions.o
                0x08000328                Config_RF_channel
 .text.Config_CRC
                0x0800035a       0x3a ./Core/Src/RadioFunctions.o
                0x0800035a                Config_CRC
 .text.Config_PTX_adress
                0x08000394      0x264 ./Core/Src/RadioFunctions.o
                0x08000394                Config_PTX_adress
 .text.Config_ESB_Protocol
                0x080005f8       0x48 ./Core/Src/RadioFunctions.o
                0x080005f8                Config_ESB_Protocol
 .text.StopListen
                0x08000640        0xc ./Core/Src/RadioFunctions.o
                0x08000640                StopListen
 .text.Transmit_Message
                0x0800064c       0xa8 ./Core/Src/RadioFunctions.o
                0x0800064c                Transmit_Message
 .text.__NVIC_SetPriority
                0x080006f4       0x54 ./Core/Src/clock.o
 .text.LL_RCC_MSI_Enable
                0x08000748       0x20 ./Core/Src/clock.o
 .text.LL_RCC_MSI_IsReady
                0x08000768       0x24 ./Core/Src/clock.o
 .text.LL_RCC_SetSysClkSource
                0x0800078c       0x28 ./Core/Src/clock.o
 .text.LL_RCC_GetSysClkSource
                0x080007b4       0x1c ./Core/Src/clock.o
 .text.LL_RCC_SetAHBPrescaler
                0x080007d0       0x28 ./Core/Src/clock.o
 .text.LL_RCC_SetAPB1Prescaler
                0x080007f8       0x28 ./Core/Src/clock.o
 .text.LL_RCC_SetAPB2Prescaler
                0x08000820       0x28 ./Core/Src/clock.o
 .text.LL_RCC_PLL_Enable
                0x08000848       0x20 ./Core/Src/clock.o
 .text.LL_RCC_PLL_IsReady
                0x08000868       0x28 ./Core/Src/clock.o
 .text.LL_RCC_PLL_ConfigDomain_SYS
                0x08000890       0x40 ./Core/Src/clock.o
 .text.LL_RCC_PLL_EnableDomain_SYS
                0x080008d0       0x20 ./Core/Src/clock.o
 .text.LL_PWR_SetRegulVoltageScaling
                0x080008f0       0x28 ./Core/Src/clock.o
 .text.LL_FLASH_SetLatency
                0x08000918       0x28 ./Core/Src/clock.o
 .text.SystemClock_Config_80M
                0x08000940       0x74 ./Core/Src/clock.o
                0x08000940                SystemClock_Config_80M
 .text.mySystick
                0x080009b4       0x40 ./Core/Src/clock.o
                0x080009b4                mySystick
 .text.__NVIC_GetPriorityGrouping
                0x080009f4       0x1c ./Core/Src/gpio.o
 .text.__NVIC_EnableIRQ
                0x08000a10       0x3c ./Core/Src/gpio.o
 .text.__NVIC_SetPriority
                0x08000a4c       0x54 ./Core/Src/gpio.o
 .text.NVIC_EncodePriority
                0x08000aa0       0x66 ./Core/Src/gpio.o
 *fill*         0x08000b06        0x2 
 .text.LL_AHB2_GRP1_EnableClock
                0x08000b08       0x30 ./Core/Src/gpio.o
 .text.LL_GPIO_SetPinMode
                0x08000b38       0x7a ./Core/Src/gpio.o
 .text.LL_GPIO_SetPinPull
                0x08000bb2       0x7a ./Core/Src/gpio.o
 .text.LL_GPIO_ResetOutputPin
                0x08000c2c       0x1c ./Core/Src/gpio.o
 .text.LL_SYSCFG_SetEXTISource
                0x08000c48       0x6c ./Core/Src/gpio.o
 .text.GPIO_init
                0x08000cb4      0x120 ./Core/Src/gpio.o
                0x08000cb4                GPIO_init
 .text.__NVIC_SetPriorityGrouping
                0x08000dd4       0x48 ./Core/Src/main.o
 .text.LL_APB1_GRP1_EnableClock
                0x08000e1c       0x30 ./Core/Src/main.o
 .text.LL_APB2_GRP1_EnableClock
                0x08000e4c       0x30 ./Core/Src/main.o
 .text.Delay_ms
                0x08000e7c       0x16 ./Core/Src/main.o
 *fill*         0x08000e92        0x2 
 .text.main     0x08000e94       0x94 ./Core/Src/main.o
                0x08000e94                main
 .text.SysTick_Handler
                0x08000f28       0x90 ./Core/Src/main.o
                0x08000f28                SysTick_Handler
 .text.LL_GPIO_SetOutputPin
                0x08000fb8       0x1c ./Core/Src/nrf24.o
 .text.LL_GPIO_ResetOutputPin
                0x08000fd4       0x1c ./Core/Src/nrf24.o
 .text.LL_SPI_Enable
                0x08000ff0       0x20 ./Core/Src/nrf24.o
 .text.LL_SPI_SetRxFIFOThreshold
                0x08001010       0x26 ./Core/Src/nrf24.o
 .text.LL_SPI_IsActiveFlag_RXNE
                0x08001036       0x26 ./Core/Src/nrf24.o
 .text.LL_SPI_IsActiveFlag_TXE
                0x0800105c       0x26 ./Core/Src/nrf24.o
 .text.LL_SPI_IsActiveFlag_BSY
                0x08001082       0x26 ./Core/Src/nrf24.o
 .text.LL_SPI_ReceiveData8
                0x080010a8       0x1a ./Core/Src/nrf24.o
 .text.LL_SPI_TransmitData8
                0x080010c2       0x24 ./Core/Src/nrf24.o
 .text.nRF24_CSN_L
                0x080010e6       0x12 ./Core/Src/nrf24.o
 .text.nRF24_CSN_H
                0x080010f8       0x12 ./Core/Src/nrf24.o
 *fill*         0x0800110a        0x2 
 .text.nRF24_LL_RW
                0x0800110c       0x64 ./Core/Src/nrf24.o
 .text.nRF24_ReadReg
                0x08001170       0x34 ./Core/Src/nrf24.o
 .text.nRF24_WriteReg
                0x080011a4       0x70 ./Core/Src/nrf24.o
 .text.nRF24_ReadMBReg
                0x08001214       0x44 ./Core/Src/nrf24.o
 .text.nRF24_WriteMBReg
                0x08001258       0x42 ./Core/Src/nrf24.o
 .text.ReadReg  0x0800129a       0x1c ./Core/Src/nrf24.o
                0x0800129a                ReadReg
 .text.ReadMBReg
                0x080012b6       0x24 ./Core/Src/nrf24.o
                0x080012b6                ReadMBReg
 .text.nRF24_Init
                0x080012da       0x9c ./Core/Src/nrf24.o
                0x080012da                nRF24_Init
 *fill*         0x08001376        0x2 
 .text.nRF24_Check
                0x08001378       0x5c ./Core/Src/nrf24.o
                0x08001378                nRF24_Check
 .text.nRF24_SetPowerMode
                0x080013d4       0x3e ./Core/Src/nrf24.o
                0x080013d4                nRF24_SetPowerMode
 .text.nRF24_SetOperationalMode
                0x08001412       0x42 ./Core/Src/nrf24.o
                0x08001412                nRF24_SetOperationalMode
 .text.nRF24_SetCRCScheme
                0x08001454       0x42 ./Core/Src/nrf24.o
                0x08001454                nRF24_SetCRCScheme
 .text.nRF24_SetRFChannel
                0x08001496       0x1c ./Core/Src/nrf24.o
                0x08001496                nRF24_SetRFChannel
 .text.nRF24_SetAutoRetr
                0x080014b2       0x38 ./Core/Src/nrf24.o
                0x080014b2                nRF24_SetAutoRetr
 .text.nRF24_SetAddrWidth
                0x080014ea       0x20 ./Core/Src/nrf24.o
                0x080014ea                nRF24_SetAddrWidth
 *fill*         0x0800150a        0x2 
 .text.nRF24_SetAddr
                0x0800150c       0x94 ./Core/Src/nrf24.o
                0x0800150c                nRF24_SetAddr
 .text.nRF24_SetTXPower
                0x080015a0       0x3a ./Core/Src/nrf24.o
                0x080015a0                nRF24_SetTXPower
 .text.nRF24_SetDataRate
                0x080015da       0x36 ./Core/Src/nrf24.o
                0x080015da                nRF24_SetDataRate
 .text.nRF24_SetRXPipe
                0x08001610       0xa8 ./Core/Src/nrf24.o
                0x08001610                nRF24_SetRXPipe
 .text.nRF24_EnableAA
                0x080016b8       0x3a ./Core/Src/nrf24.o
                0x080016b8                nRF24_EnableAA
 .text.nRF24_GetStatus
                0x080016f2       0x10 ./Core/Src/nrf24.o
                0x080016f2                nRF24_GetStatus
 .text.nRF24_FlushTX
                0x08001702       0x10 ./Core/Src/nrf24.o
                0x08001702                nRF24_FlushTX
 .text.nRF24_FlushRX
                0x08001712       0x10 ./Core/Src/nrf24.o
                0x08001712                nRF24_FlushRX
 .text.nRF24_ClearIRQFlags
                0x08001722       0x2a ./Core/Src/nrf24.o
                0x08001722                nRF24_ClearIRQFlags
 .text.nRF24_WritePayload
                0x0800174c       0x20 ./Core/Src/nrf24.o
                0x0800174c                nRF24_WritePayload
 .text.LL_AHB2_GRP1_EnableClock
                0x0800176c       0x30 ./Core/Src/spi.o
 .text.LL_APB2_GRP1_EnableClock
                0x0800179c       0x30 ./Core/Src/spi.o
 .text.LL_SPI_SetStandard
                0x080017cc       0x26 ./Core/Src/spi.o
 .text.LL_SPI_DisableNSSPulseMgt
                0x080017f2       0x20 ./Core/Src/spi.o
 *fill*         0x08001812        0x2 
 .text.SPI1_Init
                0x08001814       0xac ./Core/Src/spi.o
                0x08001814                SPI1_Init
 .text.LL_EXTI_IsActiveFlag_0_31
                0x080018c0       0x2c ./Core/Src/stm32l4xx_it.o
 .text.LL_EXTI_ClearFlag_0_31
                0x080018ec       0x20 ./Core/Src/stm32l4xx_it.o
 .text.NMI_Handler
                0x0800190c        0xe ./Core/Src/stm32l4xx_it.o
                0x0800190c                NMI_Handler
 .text.HardFault_Handler
                0x0800191a        0x8 ./Core/Src/stm32l4xx_it.o
                0x0800191a                HardFault_Handler
 .text.MemManage_Handler
                0x08001922        0x8 ./Core/Src/stm32l4xx_it.o
                0x08001922                MemManage_Handler
 .text.BusFault_Handler
                0x0800192a        0x8 ./Core/Src/stm32l4xx_it.o
                0x0800192a                BusFault_Handler
 .text.UsageFault_Handler
                0x08001932        0x8 ./Core/Src/stm32l4xx_it.o
                0x08001932                UsageFault_Handler
 .text.SVC_Handler
                0x0800193a        0xe ./Core/Src/stm32l4xx_it.o
                0x0800193a                SVC_Handler
 .text.DebugMon_Handler
                0x08001948        0xe ./Core/Src/stm32l4xx_it.o
                0x08001948                DebugMon_Handler
 .text.PendSV_Handler
                0x08001956        0xe ./Core/Src/stm32l4xx_it.o
                0x08001956                PendSV_Handler
 .text.EXTI0_IRQHandler
                0x08001964       0x1a ./Core/Src/stm32l4xx_it.o
                0x08001964                EXTI0_IRQHandler
 *fill*         0x0800197e        0x2 
 .text.SystemInit
                0x08001980       0x6c ./Core/Src/system_stm32l4xx.o
                0x08001980                SystemInit
 .text.LL_USART_Enable
                0x080019ec       0x20 ./Core/Src/usart.o
 .text.LL_USART_ConfigAsyncMode
                0x08001a0c       0x2c ./Core/Src/usart.o
 .text.LL_USART_IsActiveFlag_TXE
                0x08001a38       0x26 ./Core/Src/usart.o
 .text.LL_USART_TransmitData8
                0x08001a5e       0x20 ./Core/Src/usart.o
 *fill*         0x08001a7e        0x2 
 .text.LL_AHB2_GRP1_EnableClock
                0x08001a80       0x30 ./Core/Src/usart.o
 .text.LL_APB1_GRP1_EnableClock
                0x08001ab0       0x30 ./Core/Src/usart.o
 .text.USART2_Init
                0x08001ae0       0xa0 ./Core/Src/usart.o
                0x08001ae0                USART2_Init
 .text.UART_SendChar
                0x08001b80       0x30 ./Core/Src/usart.o
                0x08001b80                UART_SendChar
 .text.UART_SendStr
                0x08001bb0       0x2c ./Core/Src/usart.o
                0x08001bb0                UART_SendStr
 .text.UART_SendBufHex
                0x08001bdc       0x5c ./Core/Src/usart.o
                0x08001bdc                UART_SendBufHex
 .text.UART_SendHex8
                0x08001c38       0x38 ./Core/Src/usart.o
                0x08001c38                UART_SendHex8
 .text.Reset_Handler
                0x08001c70       0x50 ./Core/Startup/startup_stm32l476rgtx.o
                0x08001c70                Reset_Handler
 .text.Default_Handler
                0x08001cc0        0x2 ./Core/Startup/startup_stm32l476rgtx.o
                0x08001cc0                RTC_Alarm_IRQHandler
                0x08001cc0                EXTI2_IRQHandler
                0x08001cc0                TIM8_TRG_COM_IRQHandler
                0x08001cc0                TIM8_CC_IRQHandler
                0x08001cc0                TIM1_CC_IRQHandler
                0x08001cc0                TSC_IRQHandler
                0x08001cc0                TAMP_STAMP_IRQHandler
                0x08001cc0                EXTI3_IRQHandler
                0x08001cc0                LPTIM2_IRQHandler
                0x08001cc0                DFSDM1_FLT1_IRQHandler
                0x08001cc0                I2C3_ER_IRQHandler
                0x08001cc0                DFSDM1_FLT2_IRQHandler
                0x08001cc0                I2C2_EV_IRQHandler
                0x08001cc0                CAN1_RX0_IRQHandler
                0x08001cc0                FPU_IRQHandler
                0x08001cc0                TIM1_UP_TIM16_IRQHandler
                0x08001cc0                ADC1_2_IRQHandler
                0x08001cc0                SPI1_IRQHandler
                0x08001cc0                TIM6_DAC_IRQHandler
                0x08001cc0                TIM8_UP_IRQHandler
                0x08001cc0                DMA2_Channel2_IRQHandler
                0x08001cc0                DMA1_Channel4_IRQHandler
                0x08001cc0                SAI2_IRQHandler
                0x08001cc0                DFSDM1_FLT3_IRQHandler
                0x08001cc0                USART3_IRQHandler
                0x08001cc0                DMA1_Channel7_IRQHandler
                0x08001cc0                CAN1_RX1_IRQHandler
                0x08001cc0                LCD_IRQHandler
                0x08001cc0                UART5_IRQHandler
                0x08001cc0                ADC3_IRQHandler
                0x08001cc0                TIM4_IRQHandler
                0x08001cc0                DMA2_Channel1_IRQHandler
                0x08001cc0                QUADSPI_IRQHandler
                0x08001cc0                I2C1_EV_IRQHandler
                0x08001cc0                DMA1_Channel6_IRQHandler
                0x08001cc0                UART4_IRQHandler
                0x08001cc0                DMA2_Channel4_IRQHandler
                0x08001cc0                TIM3_IRQHandler
                0x08001cc0                RCC_IRQHandler
                0x08001cc0                DMA1_Channel1_IRQHandler
                0x08001cc0                Default_Handler
                0x08001cc0                DMA2_Channel7_IRQHandler
                0x08001cc0                EXTI15_10_IRQHandler
                0x08001cc0                TIM7_IRQHandler
                0x08001cc0                SDMMC1_IRQHandler
                0x08001cc0                TIM5_IRQHandler
                0x08001cc0                I2C3_EV_IRQHandler
                0x08001cc0                EXTI9_5_IRQHandler
                0x08001cc0                RTC_WKUP_IRQHandler
                0x08001cc0                PVD_PVM_IRQHandler
                0x08001cc0                SPI2_IRQHandler
                0x08001cc0                CAN1_TX_IRQHandler
                0x08001cc0                DMA2_Channel5_IRQHandler
                0x08001cc0                DMA1_Channel5_IRQHandler
                0x08001cc0                EXTI4_IRQHandler
                0x08001cc0                RNG_IRQHandler
                0x08001cc0                TIM1_TRG_COM_TIM17_IRQHandler
                0x08001cc0                DMA1_Channel3_IRQHandler
                0x08001cc0                COMP_IRQHandler
                0x08001cc0                WWDG_IRQHandler
                0x08001cc0                LPUART1_IRQHandler
                0x08001cc0                DMA2_Channel6_IRQHandler
                0x08001cc0                TIM2_IRQHandler
                0x08001cc0                EXTI1_IRQHandler
                0x08001cc0                USART2_IRQHandler
                0x08001cc0                DFSDM1_FLT0_IRQHandler
                0x08001cc0                I2C2_ER_IRQHandler
                0x08001cc0                DMA1_Channel2_IRQHandler
                0x08001cc0                TIM8_BRK_IRQHandler
                0x08001cc0                CAN1_SCE_IRQHandler
                0x08001cc0                FLASH_IRQHandler
                0x08001cc0                USART1_IRQHandler
                0x08001cc0                OTG_FS_IRQHandler
                0x08001cc0                SPI3_IRQHandler
                0x08001cc0                I2C1_ER_IRQHandler
                0x08001cc0                FMC_IRQHandler
                0x08001cc0                SWPMI1_IRQHandler
                0x08001cc0                LPTIM1_IRQHandler
                0x08001cc0                SAI1_IRQHandler
                0x08001cc0                DMA2_Channel3_IRQHandler
                0x08001cc0                TIM1_BRK_TIM15_IRQHandler
 *fill*         0x08001cc2        0x2 
 .text.LL_EXTI_EnableIT_0_31
                0x08001cc4       0x24 ./Drivers/STM32L4xx_HAL_Driver/Src/stm32l4xx_ll_exti.o
 .text.LL_EXTI_EnableIT_32_63
                0x08001ce8       0x24 ./Drivers/STM32L4xx_HAL_Driver/Src/stm32l4xx_ll_exti.o
 .text.LL_EXTI_DisableIT_0_31
                0x08001d0c       0x28 ./Drivers/STM32L4xx_HAL_Driver/Src/stm32l4xx_ll_exti.o
 .text.LL_EXTI_DisableIT_32_63
                0x08001d34       0x28 ./Drivers/STM32L4xx_HAL_Driver/Src/stm32l4xx_ll_exti.o
 .text.LL_EXTI_EnableEvent_0_31
                0x08001d5c       0x24 ./Drivers/STM32L4xx_HAL_Driver/Src/stm32l4xx_ll_exti.o
 .text.LL_EXTI_EnableEvent_32_63
                0x08001d80       0x24 ./Drivers/STM32L4xx_HAL_Driver/Src/stm32l4xx_ll_exti.o
 .text.LL_EXTI_DisableEvent_0_31
                0x08001da4       0x28 ./Drivers/STM32L4xx_HAL_Driver/Src/stm32l4xx_ll_exti.o
 .text.LL_EXTI_DisableEvent_32_63
                0x08001dcc       0x28 ./Drivers/STM32L4xx_HAL_Driver/Src/stm32l4xx_ll_exti.o
 .text.LL_EXTI_EnableRisingTrig_0_31
                0x08001df4       0x24 ./Drivers/STM32L4xx_HAL_Driver/Src/stm32l4xx_ll_exti.o
 .text.LL_EXTI_EnableRisingTrig_32_63
                0x08001e18       0x24 ./Drivers/STM32L4xx_HAL_Driver/Src/stm32l4xx_ll_exti.o
 .text.LL_EXTI_DisableRisingTrig_0_31
                0x08001e3c       0x28 ./Drivers/STM32L4xx_HAL_Driver/Src/stm32l4xx_ll_exti.o
 .text.LL_EXTI_DisableRisingTrig_32_63
                0x08001e64       0x28 ./Drivers/STM32L4xx_HAL_Driver/Src/stm32l4xx_ll_exti.o
 .text.LL_EXTI_EnableFallingTrig_0_31
                0x08001e8c       0x24 ./Drivers/STM32L4xx_HAL_Driver/Src/stm32l4xx_ll_exti.o
 .text.LL_EXTI_EnableFallingTrig_32_63
                0x08001eb0       0x24 ./Drivers/STM32L4xx_HAL_Driver/Src/stm32l4xx_ll_exti.o
 .text.LL_EXTI_DisableFallingTrig_0_31
                0x08001ed4       0x28 ./Drivers/STM32L4xx_HAL_Driver/Src/stm32l4xx_ll_exti.o
 .text.LL_EXTI_DisableFallingTrig_32_63
                0x08001efc       0x28 ./Drivers/STM32L4xx_HAL_Driver/Src/stm32l4xx_ll_exti.o
 .text.LL_EXTI_Init
                0x08001f24      0x1e8 ./Drivers/STM32L4xx_HAL_Driver/Src/stm32l4xx_ll_exti.o
                0x08001f24                LL_EXTI_Init
 .text.LL_GPIO_SetPinMode
                0x0800210c       0x7a ./Drivers/STM32L4xx_HAL_Driver/Src/stm32l4xx_ll_gpio.o
 .text.LL_GPIO_SetPinOutputType
                0x08002186       0x30 ./Drivers/STM32L4xx_HAL_Driver/Src/stm32l4xx_ll_gpio.o
 .text.LL_GPIO_SetPinSpeed
                0x080021b6       0x7a ./Drivers/STM32L4xx_HAL_Driver/Src/stm32l4xx_ll_gpio.o
 .text.LL_GPIO_SetPinPull
                0x08002230       0x7a ./Drivers/STM32L4xx_HAL_Driver/Src/stm32l4xx_ll_gpio.o
 .text.LL_GPIO_SetAFPin_0_7
                0x080022aa       0x7a ./Drivers/STM32L4xx_HAL_Driver/Src/stm32l4xx_ll_gpio.o
 .text.LL_GPIO_SetAFPin_8_15
                0x08002324       0x7e ./Drivers/STM32L4xx_HAL_Driver/Src/stm32l4xx_ll_gpio.o
 .text.LL_GPIO_Init
                0x080023a2       0xec ./Drivers/STM32L4xx_HAL_Driver/Src/stm32l4xx_ll_gpio.o
                0x080023a2                LL_GPIO_Init
 *fill*         0x0800248e        0x2 
 .text.LL_RCC_HSI_IsReady
                0x08002490       0x28 ./Drivers/STM32L4xx_HAL_Driver/Src/stm32l4xx_ll_rcc.o
 .text.LL_RCC_LSE_IsReady
                0x080024b8       0x28 ./Drivers/STM32L4xx_HAL_Driver/Src/stm32l4xx_ll_rcc.o
 .text.LL_RCC_MSI_IsEnabledRangeSelect
                0x080024e0       0x24 ./Drivers/STM32L4xx_HAL_Driver/Src/stm32l4xx_ll_rcc.o
 .text.LL_RCC_MSI_GetRange
                0x08002504       0x1c ./Drivers/STM32L4xx_HAL_Driver/Src/stm32l4xx_ll_rcc.o
 .text.LL_RCC_MSI_GetRangeAfterStandby
                0x08002520       0x1c ./Drivers/STM32L4xx_HAL_Driver/Src/stm32l4xx_ll_rcc.o
 .text.LL_RCC_GetSysClkSource
                0x0800253c       0x1c ./Drivers/STM32L4xx_HAL_Driver/Src/stm32l4xx_ll_rcc.o
 .text.LL_RCC_GetAHBPrescaler
                0x08002558       0x1c ./Drivers/STM32L4xx_HAL_Driver/Src/stm32l4xx_ll_rcc.o
 .text.LL_RCC_GetAPB1Prescaler
                0x08002574       0x1c ./Drivers/STM32L4xx_HAL_Driver/Src/stm32l4xx_ll_rcc.o
 .text.LL_RCC_GetAPB2Prescaler
                0x08002590       0x1c ./Drivers/STM32L4xx_HAL_Driver/Src/stm32l4xx_ll_rcc.o
 .text.LL_RCC_GetUSARTClockSource
                0x080025ac       0x28 ./Drivers/STM32L4xx_HAL_Driver/Src/stm32l4xx_ll_rcc.o
 .text.LL_RCC_GetUARTClockSource
                0x080025d4       0x28 ./Drivers/STM32L4xx_HAL_Driver/Src/stm32l4xx_ll_rcc.o
 .text.LL_RCC_PLL_GetMainSource
                0x080025fc       0x1c ./Drivers/STM32L4xx_HAL_Driver/Src/stm32l4xx_ll_rcc.o
 .text.LL_RCC_PLL_GetN
                0x08002618       0x1c ./Drivers/STM32L4xx_HAL_Driver/Src/stm32l4xx_ll_rcc.o
 .text.LL_RCC_PLL_GetR
                0x08002634       0x1c ./Drivers/STM32L4xx_HAL_Driver/Src/stm32l4xx_ll_rcc.o
 .text.LL_RCC_PLL_GetDivider
                0x08002650       0x1c ./Drivers/STM32L4xx_HAL_Driver/Src/stm32l4xx_ll_rcc.o
 .text.LL_RCC_GetUSARTClockFreq
                0x0800266c      0x1c4 ./Drivers/STM32L4xx_HAL_Driver/Src/stm32l4xx_ll_rcc.o
                0x0800266c                LL_RCC_GetUSARTClockFreq
 .text.LL_RCC_GetUARTClockFreq
                0x08002830      0x128 ./Drivers/STM32L4xx_HAL_Driver/Src/stm32l4xx_ll_rcc.o
                0x08002830                LL_RCC_GetUARTClockFreq
 .text.RCC_GetSystemClockFreq
                0x08002958      0x120 ./Drivers/STM32L4xx_HAL_Driver/Src/stm32l4xx_ll_rcc.o
                0x08002958                RCC_GetSystemClockFreq
 .text.RCC_GetHCLKClockFreq
                0x08002a78       0x2c ./Drivers/STM32L4xx_HAL_Driver/Src/stm32l4xx_ll_rcc.o
                0x08002a78                RCC_GetHCLKClockFreq
 .text.RCC_GetPCLK1ClockFreq
                0x08002aa4       0x28 ./Drivers/STM32L4xx_HAL_Driver/Src/stm32l4xx_ll_rcc.o
                0x08002aa4                RCC_GetPCLK1ClockFreq
 .text.RCC_GetPCLK2ClockFreq
                0x08002acc       0x28 ./Drivers/STM32L4xx_HAL_Driver/Src/stm32l4xx_ll_rcc.o
                0x08002acc                RCC_GetPCLK2ClockFreq
 .text.RCC_PLL_GetFreqDomain_SYS
                0x08002af4      0x118 ./Drivers/STM32L4xx_HAL_Driver/Src/stm32l4xx_ll_rcc.o
                0x08002af4                RCC_PLL_GetFreqDomain_SYS
 .text.LL_SPI_IsEnabled
                0x08002c0c       0x26 ./Drivers/STM32L4xx_HAL_Driver/Src/stm32l4xx_ll_spi.o
 .text.LL_SPI_SetCRCPolynomial
                0x08002c32       0x20 ./Drivers/STM32L4xx_HAL_Driver/Src/stm32l4xx_ll_spi.o
 .text.LL_SPI_Init
                0x08002c52       0x9c ./Drivers/STM32L4xx_HAL_Driver/Src/stm32l4xx_ll_spi.o
                0x08002c52                LL_SPI_Init
 .text.LL_USART_IsEnabled
                0x08002cee       0x26 ./Drivers/STM32L4xx_HAL_Driver/Src/stm32l4xx_ll_usart.o
 .text.LL_USART_SetStopBitsLength
                0x08002d14       0x26 ./Drivers/STM32L4xx_HAL_Driver/Src/stm32l4xx_ll_usart.o
 .text.LL_USART_SetHWFlowCtrl
                0x08002d3a       0x26 ./Drivers/STM32L4xx_HAL_Driver/Src/stm32l4xx_ll_usart.o
 .text.LL_USART_SetBaudRate
                0x08002d60       0x6e ./Drivers/STM32L4xx_HAL_Driver/Src/stm32l4xx_ll_usart.o
 *fill*         0x08002dce        0x2 
 .text.LL_USART_Init
                0x08002dd0       0xf8 ./Drivers/STM32L4xx_HAL_Driver/Src/stm32l4xx_ll_usart.o
                0x08002dd0                LL_USART_Init
 .text.LL_mDelay
                0x08002ec8       0x50 ./Drivers/STM32L4xx_HAL_Driver/Src/stm32l4xx_ll_utils.o
                0x08002ec8                LL_mDelay
 .text.LL_SetSystemCoreClock
                0x08002f18       0x20 ./Drivers/STM32L4xx_HAL_Driver/Src/stm32l4xx_ll_utils.o
                0x08002f18                LL_SetSystemCoreClock
 .text.memset   0x08002f38       0x10 C:/ST/STM32CubeIDE_1.18.1/STM32CubeIDE/plugins/com.st.stm32cube.ide.mcu.externaltools.gnu-tools-for-stm32.13.3.rel1.win32_1.0.0.202411081344/tools/bin/../lib/gcc/arm-none-eabi/13.3.1/../../../../arm-none-eabi/lib/thumb/v7e-m+fp/hard\libc_nano.a(libc_a-memset.o)
                0x08002f38                memset
 .text.__libc_init_array
                0x08002f48       0x48 C:/ST/STM32CubeIDE_1.18.1/STM32CubeIDE/plugins/com.st.stm32cube.ide.mcu.externaltools.gnu-tools-for-stm32.13.3.rel1.win32_1.0.0.202411081344/tools/bin/../lib/gcc/arm-none-eabi/13.3.1/../../../../arm-none-eabi/lib/thumb/v7e-m+fp/hard\libc_nano.a(libc_a-init.o)
                0x08002f48                __libc_init_array
 *(.glue_7)
 .glue_7        0x08002f90        0x0 linker stubs
 *(.glue_7t)
 .glue_7t       0x08002f90        0x0 linker stubs
 *(.eh_frame)
 .eh_frame      0x08002f90        0x0 C:/ST/STM32CubeIDE_1.18.1/STM32CubeIDE/plugins/com.st.stm32cube.ide.mcu.externaltools.gnu-tools-for-stm32.13.3.rel1.win32_1.0.0.202411081344/tools/bin/../lib/gcc/arm-none-eabi/13.3.1/thumb/v7e-m+fp/hard/crtbegin.o
 *(.init)
 .init          0x08002f90        0x4 C:/ST/STM32CubeIDE_1.18.1/STM32CubeIDE/plugins/com.st.stm32cube.ide.mcu.externaltools.gnu-tools-for-stm32.13.3.rel1.win32_1.0.0.202411081344/tools/bin/../lib/gcc/arm-none-eabi/13.3.1/thumb/v7e-m+fp/hard/crti.o
                0x08002f90                _init
 .init          0x08002f94        0x8 C:/ST/STM32CubeIDE_1.18.1/STM32CubeIDE/plugins/com.st.stm32cube.ide.mcu.externaltools.gnu-tools-for-stm32.13.3.rel1.win32_1.0.0.202411081344/tools/bin/../lib/gcc/arm-none-eabi/13.3.1/thumb/v7e-m+fp/hard/crtn.o
 *(.fini)
 .fini          0x08002f9c        0x4 C:/ST/STM32CubeIDE_1.18.1/STM32CubeIDE/plugins/com.st.stm32cube.ide.mcu.externaltools.gnu-tools-for-stm32.13.3.rel1.win32_1.0.0.202411081344/tools/bin/../lib/gcc/arm-none-eabi/13.3.1/thumb/v7e-m+fp/hard/crti.o
                0x08002f9c                _fini
 .fini          0x08002fa0        0x8 C:/ST/STM32CubeIDE_1.18.1/STM32CubeIDE/plugins/com.st.stm32cube.ide.mcu.externaltools.gnu-tools-for-stm32.13.3.rel1.win32_1.0.0.202411081344/tools/bin/../lib/gcc/arm-none-eabi/13.3.1/thumb/v7e-m+fp/hard/crtn.o
                0x08002fa8                        . = ALIGN (0x4)
                0x08002fa8                        _etext = .

.vfp11_veneer   0x08002fa8        0x0
 .vfp11_veneer  0x08002fa8        0x0 linker stubs

.v4_bx          0x08002fa8        0x0
 .v4_bx         0x08002fa8        0x0 linker stubs

.iplt           0x08002fa8        0x0
 .iplt          0x08002fa8        0x0 C:/ST/STM32CubeIDE_1.18.1/STM32CubeIDE/plugins/com.st.stm32cube.ide.mcu.externaltools.gnu-tools-for-stm32.13.3.rel1.win32_1.0.0.202411081344/tools/bin/../lib/gcc/arm-none-eabi/13.3.1/thumb/v7e-m+fp/hard/crtbegin.o

.rodata         0x08002fa8      0x17c
                0x08002fa8                        . = ALIGN (0x4)
 *(.rodata)
 .rodata        0x08002fa8       0xf3 ./Core/Src/RadioFunctions.o
 *fill*         0x0800309b        0x1 
 .rodata        0x0800309c        0x6 ./Core/Src/nrf24.o
 *fill*         0x080030a2        0x2 
 .rodata        0x080030a4       0x11 ./Core/Src/usart.o
 *(.rodata*)
 *fill*         0x080030b5        0x3 
 .rodata.entete_message
                0x080030b8       0x11 ./Core/Src/main.o
                0x080030b8                entete_message
 *fill*         0x080030c9        0x3 
 .rodata.nRF24_RX_PW_PIPE
                0x080030cc        0x6 ./Core/Src/nrf24.o
 *fill*         0x080030d2        0x2 
 .rodata.nRF24_ADDR_REGS
                0x080030d4        0x7 ./Core/Src/nrf24.o
 *fill*         0x080030db        0x1 
 .rodata.AHBPrescTable
                0x080030dc       0x10 ./Core/Src/system_stm32l4xx.o
                0x080030dc                AHBPrescTable
 .rodata.APBPrescTable
                0x080030ec        0x8 ./Core/Src/system_stm32l4xx.o
                0x080030ec                APBPrescTable
 .rodata.MSIRangeTable
                0x080030f4       0x30 ./Core/Src/system_stm32l4xx.o
                0x080030f4                MSIRangeTable
                0x08003124                        . = ALIGN (0x4)

.rel.dyn        0x08003124        0x0
 .rel.iplt      0x08003124        0x0 C:/ST/STM32CubeIDE_1.18.1/STM32CubeIDE/plugins/com.st.stm32cube.ide.mcu.externaltools.gnu-tools-for-stm32.13.3.rel1.win32_1.0.0.202411081344/tools/bin/../lib/gcc/arm-none-eabi/13.3.1/thumb/v7e-m+fp/hard/crtbegin.o

.ARM.extab      0x08003124        0x0
                0x08003124                        . = ALIGN (0x4)
 *(.ARM.extab* .gnu.linkonce.armextab.*)
                0x08003124                        . = ALIGN (0x4)

.ARM            0x08003124        0x0
                0x08003124                        . = ALIGN (0x4)
                0x08003124                        __exidx_start = .
 *(.ARM.exidx*)
                0x08003124                        __exidx_end = .
                0x08003124                        . = ALIGN (0x4)

.preinit_array  0x08003124        0x0
                0x08003124                        . = ALIGN (0x4)
                0x08003124                        PROVIDE (__preinit_array_start = .)
 *(.preinit_array*)
                0x08003124                        PROVIDE (__preinit_array_end = .)
                0x08003124                        . = ALIGN (0x4)

.init_array     0x08003124        0x4
                0x08003124                        . = ALIGN (0x4)
                0x08003124                        PROVIDE (__init_array_start = .)
 *(SORT_BY_NAME(.init_array.*))
 *(.init_array*)
 .init_array    0x08003124        0x4 C:/ST/STM32CubeIDE_1.18.1/STM32CubeIDE/plugins/com.st.stm32cube.ide.mcu.externaltools.gnu-tools-for-stm32.13.3.rel1.win32_1.0.0.202411081344/tools/bin/../lib/gcc/arm-none-eabi/13.3.1/thumb/v7e-m+fp/hard/crtbegin.o
                0x08003128                        PROVIDE (__init_array_end = .)
                0x08003128                        . = ALIGN (0x4)

.fini_array     0x08003128        0x4
                0x08003128                        . = ALIGN (0x4)
                [!provide]                        PROVIDE (__fini_array_start = .)
 *(SORT_BY_NAME(.fini_array.*))
 *(.fini_array*)
 .fini_array    0x08003128        0x4 C:/ST/STM32CubeIDE_1.18.1/STM32CubeIDE/plugins/com.st.stm32cube.ide.mcu.externaltools.gnu-tools-for-stm32.13.3.rel1.win32_1.0.0.202411081344/tools/bin/../lib/gcc/arm-none-eabi/13.3.1/thumb/v7e-m+fp/hard/crtbegin.o
                [!provide]                        PROVIDE (__fini_array_end = .)
                0x0800312c                        . = ALIGN (0x4)
                0x0800312c                        _sidata = LOADADDR (.data)

.data           0x20000000       0x30 load address 0x0800312c
                0x20000000                        . = ALIGN (0x4)
                0x20000000                        _sdata = .
 *(.data)
 *(.data*)
 .data.payload_length
                0x20000000        0x1 ./Core/Src/RadioFunctions.o
                0x20000000                payload_length
 *fill*         0x20000001        0x3 
 .data.addresses_TX
                0x20000004       0x24 ./Core/Src/RadioFunctions.o
                0x20000004                addresses_TX
 .data.cptr_transmit
                0x20000028        0x1 ./Core/Src/main.o
                0x20000028                cptr_transmit
 .data.period_transmit
                0x20000029        0x1 ./Core/Src/main.o
                0x20000029                period_transmit
 .data.channel_nb
                0x2000002a        0x1 ./Core/Src/main.o
                0x2000002a                channel_nb
 .data.adr_data_pipe_used
                0x2000002b        0x1 ./Core/Src/main.o
                0x2000002b                adr_data_pipe_used
 .data.SystemCoreClock
                0x2000002c        0x4 ./Core/Src/system_stm32l4xx.o
                0x2000002c                SystemCoreClock
                0x20000030                        . = ALIGN (0x4)
                0x20000030                        _edata = .

.igot.plt       0x20000030        0x0 load address 0x0800315c
 .igot.plt      0x20000030        0x0 C:/ST/STM32CubeIDE_1.18.1/STM32CubeIDE/plugins/com.st.stm32cube.ide.mcu.externaltools.gnu-tools-for-stm32.13.3.rel1.win32_1.0.0.202411081344/tools/bin/../lib/gcc/arm-none-eabi/13.3.1/thumb/v7e-m+fp/hard/crtbegin.o
                0x20000030                        . = ALIGN (0x4)

.bss            0x20000030       0x34 load address 0x0800315c
                0x20000030                        _sbss = .
                0x20000030                        __bss_start__ = _sbss
 *(.bss)
 .bss           0x20000030       0x1c C:/ST/STM32CubeIDE_1.18.1/STM32CubeIDE/plugins/com.st.stm32cube.ide.mcu.externaltools.gnu-tools-for-stm32.13.3.rel1.win32_1.0.0.202411081344/tools/bin/../lib/gcc/arm-none-eabi/13.3.1/thumb/v7e-m+fp/hard/crtbegin.o
 *(.bss*)
 .bss.tx_result
                0x2000004c        0x1 ./Core/Src/RadioFunctions.o
                0x2000004c                tx_result
 .bss.cptr      0x2000004d        0x1 ./Core/Src/main.o
                0x2000004d                cptr
 *fill*         0x2000004e        0x2 
 .bss.Message   0x20000050       0x14 ./Core/Src/main.o
                0x20000050                Message
 *(COMMON)
                0x20000064                        . = ALIGN (0x4)
                0x20000064                        _ebss = .
                0x20000064                        __bss_end__ = _ebss

._user_heap_stack
                0x20000064      0x604 load address 0x0800315c
                0x20000068                        . = ALIGN (0x8)
 *fill*         0x20000064        0x4 
                [!provide]                        PROVIDE (end = .)
                0x20000068                        PROVIDE (_end = .)
                0x20000268                        . = (. + _Min_Heap_Size)
 *fill*         0x20000068      0x200 
                0x20000668                        . = (. + _Min_Stack_Size)
 *fill*         0x20000268      0x400 
                0x20000668                        . = ALIGN (0x8)

/DISCARD/
 libc.a(*)
 libm.a(*)
 libgcc.a(*)

.ARM.attributes
                0x00000000       0x30
 *(.ARM.attributes)
 .ARM.attributes
                0x00000000       0x22 C:/ST/STM32CubeIDE_1.18.1/STM32CubeIDE/plugins/com.st.stm32cube.ide.mcu.externaltools.gnu-tools-for-stm32.13.3.rel1.win32_1.0.0.202411081344/tools/bin/../lib/gcc/arm-none-eabi/13.3.1/thumb/v7e-m+fp/hard/crti.o
 .ARM.attributes
                0x00000022       0x34 C:/ST/STM32CubeIDE_1.18.1/STM32CubeIDE/plugins/com.st.stm32cube.ide.mcu.externaltools.gnu-tools-for-stm32.13.3.rel1.win32_1.0.0.202411081344/tools/bin/../lib/gcc/arm-none-eabi/13.3.1/thumb/v7e-m+fp/hard/crtbegin.o
 .ARM.attributes
                0x00000056       0x34 ./Core/Src/RadioFunctions.o
 .ARM.attributes
                0x0000008a       0x34 ./Core/Src/clock.o
 .ARM.attributes
                0x000000be       0x34 ./Core/Src/gpio.o
 .ARM.attributes
                0x000000f2       0x34 ./Core/Src/main.o
 .ARM.attributes
                0x00000126       0x34 ./Core/Src/nrf24.o
 .ARM.attributes
                0x0000015a       0x34 ./Core/Src/spi.o
 .ARM.attributes
                0x0000018e       0x34 ./Core/Src/stm32l4xx_it.o
 .ARM.attributes
                0x000001c2       0x34 ./Core/Src/system_stm32l4xx.o
 .ARM.attributes
                0x000001f6       0x34 ./Core/Src/usart.o
 .ARM.attributes
                0x0000022a       0x21 ./Core/Startup/startup_stm32l476rgtx.o
 .ARM.attributes
                0x0000024b       0x34 ./Drivers/STM32L4xx_HAL_Driver/Src/stm32l4xx_ll_exti.o
 .ARM.attributes
                0x0000027f       0x34 ./Drivers/STM32L4xx_HAL_Driver/Src/stm32l4xx_ll_gpio.o
 .ARM.attributes
                0x000002b3       0x34 ./Drivers/STM32L4xx_HAL_Driver/Src/stm32l4xx_ll_rcc.o
 .ARM.attributes
                0x000002e7       0x34 ./Drivers/STM32L4xx_HAL_Driver/Src/stm32l4xx_ll_spi.o
 .ARM.attributes
                0x0000031b       0x34 ./Drivers/STM32L4xx_HAL_Driver/Src/stm32l4xx_ll_usart.o
 .ARM.attributes
                0x0000034f       0x34 ./Drivers/STM32L4xx_HAL_Driver/Src/stm32l4xx_ll_utils.o
 .ARM.attributes
                0x00000383       0x34 C:/ST/STM32CubeIDE_1.18.1/STM32CubeIDE/plugins/com.st.stm32cube.ide.mcu.externaltools.gnu-tools-for-stm32.13.3.rel1.win32_1.0.0.202411081344/tools/bin/../lib/gcc/arm-none-eabi/13.3.1/../../../../arm-none-eabi/lib/thumb/v7e-m+fp/hard\libc_nano.a(libc_a-memset.o)
 .ARM.attributes
                0x000003b7       0x34 C:/ST/STM32CubeIDE_1.18.1/STM32CubeIDE/plugins/com.st.stm32cube.ide.mcu.externaltools.gnu-tools-for-stm32.13.3.rel1.win32_1.0.0.202411081344/tools/bin/../lib/gcc/arm-none-eabi/13.3.1/../../../../arm-none-eabi/lib/thumb/v7e-m+fp/hard\libc_nano.a(libc_a-init.o)
 .ARM.attributes
                0x000003eb       0x22 C:/ST/STM32CubeIDE_1.18.1/STM32CubeIDE/plugins/com.st.stm32cube.ide.mcu.externaltools.gnu-tools-for-stm32.13.3.rel1.win32_1.0.0.202411081344/tools/bin/../lib/gcc/arm-none-eabi/13.3.1/thumb/v7e-m+fp/hard/crtn.o
OUTPUT(L476_LoPoSo_LEDBlink_2024.elf elf32-littlearm)
LOAD linker stubs
LOAD C:/ST/STM32CubeIDE_1.18.1/STM32CubeIDE/plugins/com.st.stm32cube.ide.mcu.externaltools.gnu-tools-for-stm32.13.3.rel1.win32_1.0.0.202411081344/tools/bin/../lib/gcc/arm-none-eabi/13.3.1/../../../../arm-none-eabi/lib/thumb/v7e-m+fp/hard\libc.a
LOAD C:/ST/STM32CubeIDE_1.18.1/STM32CubeIDE/plugins/com.st.stm32cube.ide.mcu.externaltools.gnu-tools-for-stm32.13.3.rel1.win32_1.0.0.202411081344/tools/bin/../lib/gcc/arm-none-eabi/13.3.1/../../../../arm-none-eabi/lib/thumb/v7e-m+fp/hard\libm.a
LOAD C:/ST/STM32CubeIDE_1.18.1/STM32CubeIDE/plugins/com.st.stm32cube.ide.mcu.externaltools.gnu-tools-for-stm32.13.3.rel1.win32_1.0.0.202411081344/tools/bin/../lib/gcc/arm-none-eabi/13.3.1/thumb/v7e-m+fp/hard\libgcc.a

.debug_info     0x00000000     0x8881
 .debug_info    0x00000000      0x885 ./Core/Src/RadioFunctions.o
 .debug_info    0x00000885     0x1102 ./Core/Src/clock.o
 .debug_info    0x00001987      0xf55 ./Core/Src/gpio.o
 .debug_info    0x000028dc      0x8b2 ./Core/Src/main.o
 .debug_info    0x0000318e      0xc2f ./Core/Src/nrf24.o
 .debug_info    0x00003dbd      0x5d0 ./Core/Src/spi.o
 .debug_info    0x0000438d      0x28d ./Core/Src/stm32l4xx_it.o
 .debug_info    0x0000461a      0x5c7 ./Core/Src/system_stm32l4xx.o
 .debug_info    0x00004be1      0x7cf ./Core/Src/usart.o
 .debug_info    0x000053b0       0x30 ./Core/Startup/startup_stm32l476rgtx.o
 .debug_info    0x000053e0      0x4cd ./Drivers/STM32L4xx_HAL_Driver/Src/stm32l4xx_ll_exti.o
 .debug_info    0x000058ad      0x94b ./Drivers/STM32L4xx_HAL_Driver/Src/stm32l4xx_ll_gpio.o
 .debug_info    0x000061f8      0xdad ./Drivers/STM32L4xx_HAL_Driver/Src/stm32l4xx_ll_rcc.o
 .debug_info    0x00006fa5      0x537 ./Drivers/STM32L4xx_HAL_Driver/Src/stm32l4xx_ll_spi.o
 .debug_info    0x000074dc      0x767 ./Drivers/STM32L4xx_HAL_Driver/Src/stm32l4xx_ll_usart.o
 .debug_info    0x00007c43      0xc3e ./Drivers/STM32L4xx_HAL_Driver/Src/stm32l4xx_ll_utils.o

.debug_abbrev   0x00000000     0x1e3e
 .debug_abbrev  0x00000000      0x2ae ./Core/Src/RadioFunctions.o
 .debug_abbrev  0x000002ae      0x213 ./Core/Src/clock.o
 .debug_abbrev  0x000004c1      0x2b7 ./Core/Src/gpio.o
 .debug_abbrev  0x00000778      0x23d ./Core/Src/main.o
 .debug_abbrev  0x000009b5      0x2ef ./Core/Src/nrf24.o
 .debug_abbrev  0x00000ca4      0x197 ./Core/Src/spi.o
 .debug_abbrev  0x00000e3b      0x14d ./Core/Src/stm32l4xx_it.o
 .debug_abbrev  0x00000f88      0x13f ./Core/Src/system_stm32l4xx.o
 .debug_abbrev  0x000010c7      0x1e8 ./Core/Src/usart.o
 .debug_abbrev  0x000012af       0x24 ./Core/Startup/startup_stm32l476rgtx.o
 .debug_abbrev  0x000012d3      0x188 ./Drivers/STM32L4xx_HAL_Driver/Src/stm32l4xx_ll_exti.o
 .debug_abbrev  0x0000145b      0x235 ./Drivers/STM32L4xx_HAL_Driver/Src/stm32l4xx_ll_gpio.o
 .debug_abbrev  0x00001690      0x204 ./Drivers/STM32L4xx_HAL_Driver/Src/stm32l4xx_ll_rcc.o
 .debug_abbrev  0x00001894      0x186 ./Drivers/STM32L4xx_HAL_Driver/Src/stm32l4xx_ll_spi.o
 .debug_abbrev  0x00001a1a      0x1c5 ./Drivers/STM32L4xx_HAL_Driver/Src/stm32l4xx_ll_usart.o
 .debug_abbrev  0x00001bdf      0x25f ./Drivers/STM32L4xx_HAL_Driver/Src/stm32l4xx_ll_utils.o

.debug_aranges  0x00000000      0xba0
 .debug_aranges
                0x00000000       0x98 ./Core/Src/RadioFunctions.o
 .debug_aranges
                0x00000098      0x158 ./Core/Src/clock.o
 .debug_aranges
                0x000001f0       0x98 ./Core/Src/gpio.o
 .debug_aranges
                0x00000288       0x50 ./Core/Src/main.o
 .debug_aranges
                0x000002d8      0x1c0 ./Core/Src/nrf24.o
 .debug_aranges
                0x00000498       0x40 ./Core/Src/spi.o
 .debug_aranges
                0x000004d8       0x70 ./Core/Src/stm32l4xx_it.o
 .debug_aranges
                0x00000548       0x28 ./Core/Src/system_stm32l4xx.o
 .debug_aranges
                0x00000570       0x78 ./Core/Src/usart.o
 .debug_aranges
                0x000005e8       0x28 ./Core/Startup/startup_stm32l476rgtx.o
 .debug_aranges
                0x00000610       0xb0 ./Drivers/STM32L4xx_HAL_Driver/Src/stm32l4xx_ll_exti.o
 .debug_aranges
                0x000006c0       0x70 ./Drivers/STM32L4xx_HAL_Driver/Src/stm32l4xx_ll_gpio.o
 .debug_aranges
                0x00000730      0x250 ./Drivers/STM32L4xx_HAL_Driver/Src/stm32l4xx_ll_rcc.o
 .debug_aranges
                0x00000980       0x60 ./Drivers/STM32L4xx_HAL_Driver/Src/stm32l4xx_ll_spi.o
 .debug_aranges
                0x000009e0       0x88 ./Drivers/STM32L4xx_HAL_Driver/Src/stm32l4xx_ll_usart.o
 .debug_aranges
                0x00000a68      0x138 ./Drivers/STM32L4xx_HAL_Driver/Src/stm32l4xx_ll_utils.o

.debug_rnglists
                0x00000000      0x893
 .debug_rnglists
                0x00000000       0x72 ./Core/Src/RadioFunctions.o
 .debug_rnglists
                0x00000072       0xfd ./Core/Src/clock.o
 .debug_rnglists
                0x0000016f       0x6e ./Core/Src/gpio.o
 .debug_rnglists
                0x000001dd       0x39 ./Core/Src/main.o
 .debug_rnglists
                0x00000216      0x14f ./Core/Src/nrf24.o
 .debug_rnglists
                0x00000365       0x2c ./Core/Src/spi.o
 .debug_rnglists
                0x00000391       0x4f ./Core/Src/stm32l4xx_it.o
 .debug_rnglists
                0x000003e0       0x1a ./Core/Src/system_stm32l4xx.o
 .debug_rnglists
                0x000003fa       0x56 ./Core/Src/usart.o
 .debug_rnglists
                0x00000450       0x19 ./Core/Startup/startup_stm32l476rgtx.o
 .debug_rnglists
                0x00000469       0x80 ./Drivers/STM32L4xx_HAL_Driver/Src/stm32l4xx_ll_exti.o
 .debug_rnglists
                0x000004e9       0x51 ./Drivers/STM32L4xx_HAL_Driver/Src/stm32l4xx_ll_gpio.o
 .debug_rnglists
                0x0000053a      0x1ca ./Drivers/STM32L4xx_HAL_Driver/Src/stm32l4xx_ll_rcc.o
 .debug_rnglists
                0x00000704       0x44 ./Drivers/STM32L4xx_HAL_Driver/Src/stm32l4xx_ll_spi.o
 .debug_rnglists
                0x00000748       0x63 ./Drivers/STM32L4xx_HAL_Driver/Src/stm32l4xx_ll_usart.o
 .debug_rnglists
                0x000007ab       0xe8 ./Drivers/STM32L4xx_HAL_Driver/Src/stm32l4xx_ll_utils.o

.debug_macro    0x00000000    0x20836
 .debug_macro   0x00000000      0x132 ./Core/Src/RadioFunctions.o
 .debug_macro   0x00000132      0xb26 ./Core/Src/RadioFunctions.o
 .debug_macro   0x00000c58       0x76 ./Core/Src/RadioFunctions.o
 .debug_macro   0x00000cce       0x2e ./Core/Src/RadioFunctions.o
 .debug_macro   0x00000cfc       0x28 ./Core/Src/RadioFunctions.o
 .debug_macro   0x00000d24       0x22 ./Core/Src/RadioFunctions.o
 .debug_macro   0x00000d46       0x8e ./Core/Src/RadioFunctions.o
 .debug_macro   0x00000dd4       0x51 ./Core/Src/RadioFunctions.o
 .debug_macro   0x00000e25      0x103 ./Core/Src/RadioFunctions.o
 .debug_macro   0x00000f28       0x6a ./Core/Src/RadioFunctions.o
 .debug_macro   0x00000f92      0x1df ./Core/Src/RadioFunctions.o
 .debug_macro   0x00001171       0x1c ./Core/Src/RadioFunctions.o
 .debug_macro   0x0000118d       0x22 ./Core/Src/RadioFunctions.o
 .debug_macro   0x000011af       0xfb ./Core/Src/RadioFunctions.o
 .debug_macro   0x000012aa     0x1011 ./Core/Src/RadioFunctions.o
 .debug_macro   0x000022bb      0x11f ./Core/Src/RadioFunctions.o
 .debug_macro   0x000023da    0x1a13d ./Core/Src/RadioFunctions.o
 .debug_macro   0x0001c517       0x43 ./Core/Src/RadioFunctions.o
 .debug_macro   0x0001c55a      0x164 ./Core/Src/RadioFunctions.o
 .debug_macro   0x0001c6be      0x1d3 ./Core/Src/RadioFunctions.o
 .debug_macro   0x0001c891      0x2f7 ./Core/Src/RadioFunctions.o
 .debug_macro   0x0001cb88       0xa7 ./Core/Src/RadioFunctions.o
 .debug_macro   0x0001cc2f       0x76 ./Core/Src/RadioFunctions.o
 .debug_macro   0x0001cca5      0x186 ./Core/Src/RadioFunctions.o
 .debug_macro   0x0001ce2b       0x10 ./Core/Src/RadioFunctions.o
 .debug_macro   0x0001ce3b      0x120 ./Core/Src/clock.o
 .debug_macro   0x0001cf5b      0x1b9 ./Core/Src/clock.o
 .debug_macro   0x0001d114      0x716 ./Core/Src/clock.o
 .debug_macro   0x0001d82a      0x208 ./Core/Src/clock.o
 .debug_macro   0x0001da32      0x4e5 ./Core/Src/clock.o
 .debug_macro   0x0001df17      0x1a7 ./Core/Src/clock.o
 .debug_macro   0x0001e0be      0x2f5 ./Core/Src/clock.o
 .debug_macro   0x0001e3b3      0x16a ./Core/Src/clock.o
 .debug_macro   0x0001e51d      0x101 ./Core/Src/gpio.o
 .debug_macro   0x0001e61e      0x164 ./Core/Src/gpio.o
 .debug_macro   0x0001e782      0x1a4 ./Core/Src/main.o
 .debug_macro   0x0001e926      0x1bf ./Core/Src/main.o
 .debug_macro   0x0001eae5      0x2cb ./Core/Src/main.o
 .debug_macro   0x0001edb0       0x22 ./Core/Src/main.o
 .debug_macro   0x0001edd2      0x11f ./Core/Src/nrf24.o
 .debug_macro   0x0001eef1      0x102 ./Core/Src/spi.o
 .debug_macro   0x0001eff3      0x15d ./Core/Src/stm32l4xx_it.o
 .debug_macro   0x0001f150       0xd4 ./Core/Src/system_stm32l4xx.o
 .debug_macro   0x0001f224       0xff ./Core/Src/usart.o
 .debug_macro   0x0001f323      0x2f1 ./Core/Src/usart.o
 .debug_macro   0x0001f614       0xfb ./Drivers/STM32L4xx_HAL_Driver/Src/stm32l4xx_ll_exti.o
 .debug_macro   0x0001f70f      0x15e ./Drivers/STM32L4xx_HAL_Driver/Src/stm32l4xx_ll_exti.o
 .debug_macro   0x0001f86d      0x110 ./Drivers/STM32L4xx_HAL_Driver/Src/stm32l4xx_ll_gpio.o
 .debug_macro   0x0001f97d      0x12b ./Drivers/STM32L4xx_HAL_Driver/Src/stm32l4xx_ll_rcc.o
 .debug_macro   0x0001faa8      0x710 ./Drivers/STM32L4xx_HAL_Driver/Src/stm32l4xx_ll_rcc.o
 .debug_macro   0x000201b8      0x12e ./Drivers/STM32L4xx_HAL_Driver/Src/stm32l4xx_ll_spi.o
 .debug_macro   0x000202e6      0x1cd ./Drivers/STM32L4xx_HAL_Driver/Src/stm32l4xx_ll_spi.o
 .debug_macro   0x000204b3      0x143 ./Drivers/STM32L4xx_HAL_Driver/Src/stm32l4xx_ll_usart.o
 .debug_macro   0x000205f6      0x19f ./Drivers/STM32L4xx_HAL_Driver/Src/stm32l4xx_ll_utils.o
 .debug_macro   0x00020795       0xa1 ./Drivers/STM32L4xx_HAL_Driver/Src/stm32l4xx_ll_utils.o

.debug_line     0x00000000     0x92d9
 .debug_line    0x00000000      0x8f4 ./Core/Src/RadioFunctions.o
 .debug_line    0x000008f4      0xc2e ./Core/Src/clock.o
 .debug_line    0x00001522      0x8cc ./Core/Src/gpio.o
 .debug_line    0x00001dee      0x793 ./Core/Src/main.o
 .debug_line    0x00002581      0xd17 ./Core/Src/nrf24.o
 .debug_line    0x00003298      0x614 ./Core/Src/spi.o
 .debug_line    0x000038ac      0x745 ./Core/Src/stm32l4xx_it.o
 .debug_line    0x00003ff1      0x5ca ./Core/Src/system_stm32l4xx.o
 .debug_line    0x000045bb      0x764 ./Core/Src/usart.o
 .debug_line    0x00004d1f       0x79 ./Core/Startup/startup_stm32l476rgtx.o
 .debug_line    0x00004d98      0x7a2 ./Drivers/STM32L4xx_HAL_Driver/Src/stm32l4xx_ll_exti.o
 .debug_line    0x0000553a      0x8ce ./Drivers/STM32L4xx_HAL_Driver/Src/stm32l4xx_ll_gpio.o
 .debug_line    0x00005e08     0x1b19 ./Drivers/STM32L4xx_HAL_Driver/Src/stm32l4xx_ll_rcc.o
 .debug_line    0x00007921      0x677 ./Drivers/STM32L4xx_HAL_Driver/Src/stm32l4xx_ll_spi.o
 .debug_line    0x00007f98      0x787 ./Drivers/STM32L4xx_HAL_Driver/Src/stm32l4xx_ll_usart.o
 .debug_line    0x0000871f      0xbba ./Drivers/STM32L4xx_HAL_Driver/Src/stm32l4xx_ll_utils.o

.debug_str      0x00000000    0xb192f
 .debug_str     0x00000000    0xb192f ./Core/Src/RadioFunctions.o
                              0xa1fad (size before relaxing)
 .debug_str     0x000b192f    0xa8acc ./Core/Src/clock.o
 .debug_str     0x000b192f    0xa2069 ./Core/Src/gpio.o
 .debug_str     0x000b192f    0xacdcc ./Core/Src/main.o
 .debug_str     0x000b192f    0xa1f3f ./Core/Src/nrf24.o
 .debug_str     0x000b192f    0xa0941 ./Core/Src/spi.o
 .debug_str     0x000b192f    0xabd49 ./Core/Src/stm32l4xx_it.o
 .debug_str     0x000b192f    0x9e796 ./Core/Src/system_stm32l4xx.o
 .debug_str     0x000b192f    0xa0d9e ./Core/Src/usart.o
 .debug_str     0x000b192f       0x8d ./Core/Startup/startup_stm32l476rgtx.o
 .debug_str     0x000b192f    0x9f16d ./Drivers/STM32L4xx_HAL_Driver/Src/stm32l4xx_ll_exti.o
 .debug_str     0x000b192f    0xa013d ./Drivers/STM32L4xx_HAL_Driver/Src/stm32l4xx_ll_gpio.o
 .debug_str     0x000b192f    0xa2e90 ./Drivers/STM32L4xx_HAL_Driver/Src/stm32l4xx_ll_rcc.o
 .debug_str     0x000b192f    0xa07e1 ./Drivers/STM32L4xx_HAL_Driver/Src/stm32l4xx_ll_spi.o
 .debug_str     0x000b192f    0xa46ac ./Drivers/STM32L4xx_HAL_Driver/Src/stm32l4xx_ll_usart.o
 .debug_str     0x000b192f    0xa544e ./Drivers/STM32L4xx_HAL_Driver/Src/stm32l4xx_ll_utils.o

.comment        0x00000000       0x43
 .comment       0x00000000       0x43 ./Core/Src/RadioFunctions.o
                                 0x44 (size before relaxing)
 .comment       0x00000043       0x44 ./Core/Src/clock.o
 .comment       0x00000043       0x44 ./Core/Src/gpio.o
 .comment       0x00000043       0x44 ./Core/Src/main.o
 .comment       0x00000043       0x44 ./Core/Src/nrf24.o
 .comment       0x00000043       0x44 ./Core/Src/spi.o
 .comment       0x00000043       0x44 ./Core/Src/stm32l4xx_it.o
 .comment       0x00000043       0x44 ./Core/Src/system_stm32l4xx.o
 .comment       0x00000043       0x44 ./Core/Src/usart.o
 .comment       0x00000043       0x44 ./Drivers/STM32L4xx_HAL_Driver/Src/stm32l4xx_ll_exti.o
 .comment       0x00000043       0x44 ./Drivers/STM32L4xx_HAL_Driver/Src/stm32l4xx_ll_gpio.o
 .comment       0x00000043       0x44 ./Drivers/STM32L4xx_HAL_Driver/Src/stm32l4xx_ll_rcc.o
 .comment       0x00000043       0x44 ./Drivers/STM32L4xx_HAL_Driver/Src/stm32l4xx_ll_spi.o
 .comment       0x00000043       0x44 ./Drivers/STM32L4xx_HAL_Driver/Src/stm32l4xx_ll_usart.o
 .comment       0x00000043       0x44 ./Drivers/STM32L4xx_HAL_Driver/Src/stm32l4xx_ll_utils.o

.debug_frame    0x00000000     0x2e4c
 .debug_frame   0x00000000      0x238 ./Core/Src/RadioFunctions.o
 .debug_frame   0x00000238      0x560 ./Core/Src/clock.o
 .debug_frame   0x00000798      0x26c ./Core/Src/gpio.o
 .debug_frame   0x00000a04      0x10c ./Core/Src/main.o
 .debug_frame   0x00000b10      0x744 ./Core/Src/nrf24.o
 .debug_frame   0x00001254       0xd4 ./Core/Src/spi.o
 .debug_frame   0x00001328      0x15c ./Core/Src/stm32l4xx_it.o
 .debug_frame   0x00001484       0x58 ./Core/Src/system_stm32l4xx.o
 .debug_frame   0x000014dc      0x1d8 ./Core/Src/usart.o
 .debug_frame   0x000016b4      0x2fc ./Drivers/STM32L4xx_HAL_Driver/Src/stm32l4xx_ll_exti.o
 .debug_frame   0x000019b0      0x1c0 ./Drivers/STM32L4xx_HAL_Driver/Src/stm32l4xx_ll_gpio.o
 .debug_frame   0x00001b70      0x9f0 ./Drivers/STM32L4xx_HAL_Driver/Src/stm32l4xx_ll_rcc.o
 .debug_frame   0x00002560      0x170 ./Drivers/STM32L4xx_HAL_Driver/Src/stm32l4xx_ll_spi.o
 .debug_frame   0x000026d0      0x234 ./Drivers/STM32L4xx_HAL_Driver/Src/stm32l4xx_ll_usart.o
 .debug_frame   0x00002904      0x4fc ./Drivers/STM32L4xx_HAL_Driver/Src/stm32l4xx_ll_utils.o
 .debug_frame   0x00002e00       0x20 C:/ST/STM32CubeIDE_1.18.1/STM32CubeIDE/plugins/com.st.stm32cube.ide.mcu.externaltools.gnu-tools-for-stm32.13.3.rel1.win32_1.0.0.202411081344/tools/bin/../lib/gcc/arm-none-eabi/13.3.1/../../../../arm-none-eabi/lib/thumb/v7e-m+fp/hard\libc_nano.a(libc_a-memset.o)
 .debug_frame   0x00002e20       0x2c C:/ST/STM32CubeIDE_1.18.1/STM32CubeIDE/plugins/com.st.stm32cube.ide.mcu.externaltools.gnu-tools-for-stm32.13.3.rel1.win32_1.0.0.202411081344/tools/bin/../lib/gcc/arm-none-eabi/13.3.1/../../../../arm-none-eabi/lib/thumb/v7e-m+fp/hard\libc_nano.a(libc_a-init.o)

.debug_line_str
                0x00000000       0x71
 .debug_line_str
                0x00000000       0x71 ./Core/Startup/startup_stm32l476rgtx.o
