../Drivers/STM32L4xx_HAL_Driver/Inc/stm32l4xx_ll_rcc.h:2145:26:LL_RCC_HSI_IsReady	0	static
../Drivers/STM32L4xx_HAL_Driver/Inc/stm32l4xx_ll_rcc.h:2362:26:LL_RCC_LSE_IsReady	0	static
../Drivers/STM32L4xx_HAL_Driver/Inc/stm32l4xx_ll_rcc.h:2558:26:LL_RCC_MSI_IsEnabledRangeSelect	0	static
../Drivers/STM32L4xx_HAL_Driver/Inc/stm32l4xx_ll_rcc.h:4231:26:LL_RCC_PLLSAI1_IsReady	0	static
../Drivers/STM32L4xx_HAL_Driver/Src/stm32l4xx_ll_rcc.c:192:13:LL_RCC_DeInit	8	static
../Drivers/STM32L4xx_HAL_Driver/Src/stm32l4xx_ll_rcc.c:1504:10:RCC_GetHCLKClockFreq	0	static
../Drivers/STM32L4xx_HAL_Driver/Src/stm32l4xx_ll_rcc.c:1515:10:RCC_GetPCLK1ClockFreq	0	static
../Drivers/STM32L4xx_HAL_Driver/Src/stm32l4xx_ll_rcc.c:1526:10:RCC_GetPCLK2ClockFreq	0	static
../Drivers/STM32L4xx_HAL_Driver/Src/stm32l4xx_ll_rcc.c:1536:10:RCC_PLL_GetFreqDomain_SYS	8	static
../Drivers/STM32L4xx_HAL_Driver/Src/stm32l4xx_ll_rcc.c:1462:10:RCC_GetSystemClockFreq	8	static
../Drivers/STM32L4xx_HAL_Driver/Src/stm32l4xx_ll_rcc.c:333:6:LL_RCC_GetSystemClocksFreq	8	static
../Drivers/STM32L4xx_HAL_Driver/Src/stm32l4xx_ll_rcc.c:359:10:LL_RCC_GetUSARTClockFreq	8	static
../Drivers/STM32L4xx_HAL_Driver/Src/stm32l4xx_ll_rcc.c:476:10:LL_RCC_GetUARTClockFreq	8	static
../Drivers/STM32L4xx_HAL_Driver/Src/stm32l4xx_ll_rcc.c:567:10:LL_RCC_GetI2CClockFreq	8	static
../Drivers/STM32L4xx_HAL_Driver/Src/stm32l4xx_ll_rcc.c:692:10:LL_RCC_GetLPUARTClockFreq	8	static
../Drivers/STM32L4xx_HAL_Driver/Src/stm32l4xx_ll_rcc.c:739:10:LL_RCC_GetLPTIMClockFreq	8	static
../Drivers/STM32L4xx_HAL_Driver/Src/stm32l4xx_ll_rcc.c:1231:10:LL_RCC_GetSWPMIClockFreq	8	static
../Drivers/STM32L4xx_HAL_Driver/Src/stm32l4xx_ll_rcc.c:1267:10:LL_RCC_GetDFSDMClockFreq	8	static
../Drivers/STM32L4xx_HAL_Driver/Src/stm32l4xx_ll_rcc.c:1578:10:RCC_PLL_GetFreqDomain_SAI	8	static
../Drivers/STM32L4xx_HAL_Driver/Src/stm32l4xx_ll_rcc.c:1620:10:RCC_PLL_GetFreqDomain_48M	8	static
../Drivers/STM32L4xx_HAL_Driver/Src/stm32l4xx_ll_rcc.c:1704:10:RCC_PLLSAI1_GetFreqDomain_SAI	8	static
../Drivers/STM32L4xx_HAL_Driver/Src/stm32l4xx_ll_rcc.c:1748:10:RCC_PLLSAI1_GetFreqDomain_48M	8	static
../Drivers/STM32L4xx_HAL_Driver/Src/stm32l4xx_ll_rcc.c:988:10:LL_RCC_GetSDMMCClockFreq	8	static
../Drivers/STM32L4xx_HAL_Driver/Src/stm32l4xx_ll_rcc.c:1053:10:LL_RCC_GetRNGClockFreq	0	static
../Drivers/STM32L4xx_HAL_Driver/Src/stm32l4xx_ll_rcc.c:1119:10:LL_RCC_GetUSBClockFreq	0	static
../Drivers/STM32L4xx_HAL_Driver/Src/stm32l4xx_ll_rcc.c:1792:10:RCC_PLLSAI1_GetFreqDomain_ADC	8	static
../Drivers/STM32L4xx_HAL_Driver/Src/stm32l4xx_ll_rcc.c:1838:10:RCC_PLLSAI2_GetFreqDomain_SAI	8	static
../Drivers/STM32L4xx_HAL_Driver/Src/stm32l4xx_ll_rcc.c:851:10:LL_RCC_GetSAIClockFreq	8	static
../Drivers/STM32L4xx_HAL_Driver/Src/stm32l4xx_ll_rcc.c:1931:10:RCC_PLLSAI2_GetFreqDomain_ADC	8	static
../Drivers/STM32L4xx_HAL_Driver/Src/stm32l4xx_ll_rcc.c:1182:10:LL_RCC_GetADCClockFreq	8	static
