../Drivers/CMSIS/Include/core_cm4.h:1648:22:__NVIC_SetPriorityGrouping	24	static
../Drivers/CMSIS/Include/core_cm4.h:1679:22:__NVIC_EnableIRQ	16	static,ignoring_inline_asm
../Drivers/CMSIS/Include/core_cm4.h:1809:22:__NVIC_SetPriority	16	static
../Drivers/STM32L4xx_HAL_Driver/Inc/stm32l4xx_ll_bus.h:1089:22:LL_APB1_GRP1_EnableClock	24	static
../Drivers/STM32L4xx_HAL_Driver/Inc/stm32l4xx_ll_bus.h:1675:22:LL_APB2_GRP1_EnableClock	24	static
../Drivers/STM32L4xx_HAL_Driver/Inc/stm32l4xx_ll_system.h:772:22:LL_SYSCFG_SetEXTISource	32	static,ignoring_inline_asm
../Drivers/STM32L4xx_HAL_Driver/Inc/stm32l4xx_ll_exti.h:306:22:LL_EXTI_EnableIT_0_31	16	static
../Drivers/STM32L4xx_HAL_Driver/Inc/stm32l4xx_ll_exti.h:739:22:LL_EXTI_EnableRisingTrig_0_31	16	static
../Drivers/STM32L4xx_HAL_Driver/Inc/stm32l4xx_ll_exti.h:805:22:LL_EXTI_DisableRisingTrig_0_31	16	static
../Drivers/STM32L4xx_HAL_Driver/Inc/stm32l4xx_ll_exti.h:932:22:LL_EXTI_EnableFallingTrig_0_31	16	static
../Drivers/STM32L4xx_HAL_Driver/Inc/stm32l4xx_ll_exti.h:1187:26:LL_EXTI_IsActiveFlag_0_31	16	static
../Drivers/STM32L4xx_HAL_Driver/Inc/stm32l4xx_ll_exti.h:1299:22:LL_EXTI_ClearFlag_0_31	16	static
../Drivers/STM32L4xx_HAL_Driver/Inc/stm32l4xx_ll_pwr.h:398:22:LL_PWR_EnableBkUpAccess	4	static
../Drivers/STM32L4xx_HAL_Driver/Inc/stm32l4xx_ll_pwr.h:714:22:LL_PWR_EnableInternWU	4	static
../Drivers/STM32L4xx_HAL_Driver/Inc/stm32l4xx_ll_rtc.h:1355:22:LL_RTC_EnableWriteProtection	16	static
../Drivers/STM32L4xx_HAL_Driver/Inc/stm32l4xx_ll_rtc.h:1366:22:LL_RTC_DisableWriteProtection	16	static
../Drivers/STM32L4xx_HAL_Driver/Inc/stm32l4xx_ll_rtc.h:3147:22:LL_RTC_WAKEUP_Enable	16	static
../Drivers/STM32L4xx_HAL_Driver/Inc/stm32l4xx_ll_rtc.h:3159:22:LL_RTC_WAKEUP_Disable	16	static
../Drivers/STM32L4xx_HAL_Driver/Inc/stm32l4xx_ll_rtc.h:3190:22:LL_RTC_WAKEUP_SetClock	16	static
../Drivers/STM32L4xx_HAL_Driver/Inc/stm32l4xx_ll_rtc.h:3220:22:LL_RTC_WAKEUP_SetAutoReload	16	static
../Drivers/STM32L4xx_HAL_Driver/Inc/stm32l4xx_ll_rtc.h:4839:22:LL_RTC_BAK_SetRegister	32	static
../Drivers/STM32L4xx_HAL_Driver/Inc/stm32l4xx_ll_rtc.h:4889:26:LL_RTC_BAK_GetRegister	24	static
../Drivers/STM32L4xx_HAL_Driver/Inc/stm32l4xx_ll_rtc.h:5106:22:LL_RTC_ClearFlag_WUT	16	static
../Drivers/STM32L4xx_HAL_Driver/Inc/stm32l4xx_ll_rtc.h:5196:26:LL_RTC_IsActiveFlag_WUTW	16	static
../Drivers/STM32L4xx_HAL_Driver/Inc/stm32l4xx_ll_rtc.h:5264:22:LL_RTC_EnableIT_WUT	16	static
../Core/Src/main.c:55:6:_flavien_MSI_4Mhz	4	static
../Core/Src/main.c:67:6:_flavien_MSI_24Mhz	4	static
../Core/Src/main.c:78:6:_flavien_PLL_80Mhz	4	static
../Core/Src/main.c:101:6:_flavien_PLL_off	4	static
../Core/Src/main.c:112:6:_flavien_voltage_scaling_1	4	static
../Core/Src/main.c:125:6:_flavien_voltage_scaling_2	4	static
../Core/Src/main.c:137:6:_flavien_flash_latency	16	static
../Core/Src/main.c:144:6:_flavien_calibration_MSI_vs_LSE	4	static
../Core/Src/main.c:152:6:_flavien_calibration_MSI_vs_LSE_off	4	static
../Core/Src/main.c:158:6:_flavien_sleep_100Hz_ON	4	static,ignoring_inline_asm
../Core/Src/main.c:169:6:_flavien_set_stop_mode	16	static
../Core/Src/main.c:182:5:main	8	static
../Core/Src/main.c:459:13:RTC_wakeup_init	16	static
../Core/Src/main.c:477:6:RTC_wakeup_init_from_standby_or_shutdown	16	static
../Core/Src/main.c:488:6:RTC_wakeup_init_from_stop	16	static
../Core/Src/main.c:500:6:RTC_WKUP_IRQHandler	8	static
../Core/Src/main.c:506:6:Button_EXTI_Config	8	static
../Core/Src/main.c:531:6:TIM2_IRQHandler	4	static
../Core/Src/main.c:537:6:EXTI15_10_IRQHandler	8	static
../Core/Src/main.c:597:6:SysTick_Handler	16	static
../Core/Src/main.c:664:6:Error_Handler	4	static
