../Drivers/CMSIS/Include/core_cm4.h:1648:22:__NVIC_SetPriorityGrouping	1
../Drivers/CMSIS/Include/core_cm4.h:1679:22:__NVIC_EnableIRQ	2
../Drivers/CMSIS/Include/core_cm4.h:1809:22:__NVIC_SetPriority	2
../Drivers/STM32L4xx_HAL_Driver/Inc/stm32l4xx_ll_bus.h:1089:22:LL_APB1_GRP1_EnableClock	1
../Drivers/STM32L4xx_HAL_Driver/Inc/stm32l4xx_ll_bus.h:1675:22:LL_APB2_GRP1_EnableClock	1
../Drivers/STM32L4xx_HAL_Driver/Inc/stm32l4xx_ll_system.h:772:22:LL_SYSCFG_SetEXTISource	2
../Drivers/STM32L4xx_HAL_Driver/Inc/stm32l4xx_ll_exti.h:306:22:LL_EXTI_EnableIT_0_31	1
../Drivers/STM32L4xx_HAL_Driver/Inc/stm32l4xx_ll_exti.h:739:22:LL_EXTI_EnableRisingTrig_0_31	1
../Drivers/STM32L4xx_HAL_Driver/Inc/stm32l4xx_ll_exti.h:805:22:LL_EXTI_DisableRisingTrig_0_31	1
../Drivers/STM32L4xx_HAL_Driver/Inc/stm32l4xx_ll_exti.h:932:22:LL_EXTI_EnableFallingTrig_0_31	1
../Drivers/STM32L4xx_HAL_Driver/Inc/stm32l4xx_ll_exti.h:1187:26:LL_EXTI_IsActiveFlag_0_31	2
../Drivers/STM32L4xx_HAL_Driver/Inc/stm32l4xx_ll_exti.h:1299:22:LL_EXTI_ClearFlag_0_31	1
../Drivers/STM32L4xx_HAL_Driver/Inc/stm32l4xx_ll_pwr.h:398:22:LL_PWR_EnableBkUpAccess	1
../Drivers/STM32L4xx_HAL_Driver/Inc/stm32l4xx_ll_pwr.h:714:22:LL_PWR_EnableInternWU	1
../Drivers/STM32L4xx_HAL_Driver/Inc/stm32l4xx_ll_rtc.h:1355:22:LL_RTC_EnableWriteProtection	1
../Drivers/STM32L4xx_HAL_Driver/Inc/stm32l4xx_ll_rtc.h:1366:22:LL_RTC_DisableWriteProtection	1
../Drivers/STM32L4xx_HAL_Driver/Inc/stm32l4xx_ll_rtc.h:3147:22:LL_RTC_WAKEUP_Enable	1
../Drivers/STM32L4xx_HAL_Driver/Inc/stm32l4xx_ll_rtc.h:3159:22:LL_RTC_WAKEUP_Disable	1
../Drivers/STM32L4xx_HAL_Driver/Inc/stm32l4xx_ll_rtc.h:3190:22:LL_RTC_WAKEUP_SetClock	1
../Drivers/STM32L4xx_HAL_Driver/Inc/stm32l4xx_ll_rtc.h:3220:22:LL_RTC_WAKEUP_SetAutoReload	1
../Drivers/STM32L4xx_HAL_Driver/Inc/stm32l4xx_ll_rtc.h:4839:22:LL_RTC_BAK_SetRegister	1
../Drivers/STM32L4xx_HAL_Driver/Inc/stm32l4xx_ll_rtc.h:4889:26:LL_RTC_BAK_GetRegister	1
../Drivers/STM32L4xx_HAL_Driver/Inc/stm32l4xx_ll_rtc.h:5106:22:LL_RTC_ClearFlag_WUT	1
../Drivers/STM32L4xx_HAL_Driver/Inc/stm32l4xx_ll_rtc.h:5196:26:LL_RTC_IsActiveFlag_WUTW	1
../Drivers/STM32L4xx_HAL_Driver/Inc/stm32l4xx_ll_rtc.h:5264:22:LL_RTC_EnableIT_WUT	1
../Core/Src/main.c:40:6:_flavien_MSI_4Mhz	1
../Core/Src/main.c:47:6:_flavien_PLL_80Mhz	5
../Core/Src/main.c:71:6:_flavien_voltage_scaling_1	2
../Core/Src/main.c:84:6:_flavien_voltage_scaling_2	2
../Core/Src/main.c:96:5:main	4
../Core/Src/main.c:199:13:RTC_wakeup_init	2
../Core/Src/main.c:217:6:RTC_wakeup_init_from_standby_or_shutdown	1
../Core/Src/main.c:228:6:RTC_wakeup_init_from_stop	1
../Core/Src/main.c:240:6:RTC_WKUP_IRQHandler	1
../Core/Src/main.c:246:6:Button_EXTI_Config	1
../Core/Src/main.c:272:6:EXTI15_10_IRQHandler	13
../Core/Src/main.c:331:6:SysTick_Handler	6
../Core/Src/main.c:366:6:Error_Handler	1
