../Drivers/CMSIS/Include/core_cm4.h:1648:22:__NVIC_SetPriorityGrouping	24	static
../Drivers/CMSIS/Include/core_cm4.h:1679:22:__NVIC_EnableIRQ	16	static,ignoring_inline_asm
../Drivers/CMSIS/Include/core_cm4.h:1809:22:__NVIC_SetPriority	16	static
../Drivers/STM32L4xx_HAL_Driver/Inc/stm32l4xx_ll_bus.h:1089:22:LL_APB1_GRP1_EnableClock	24	static
../Drivers/STM32L4xx_HAL_Driver/Inc/stm32l4xx_ll_bus.h:1675:22:LL_APB2_GRP1_EnableClock	24	static
../Drivers/STM32L4xx_HAL_Driver/Inc/stm32l4xx_ll_system.h:772:22:LL_SYSCFG_SetEXTISource	32	static,ignoring_inline_asm
../Drivers/STM32L4xx_HAL_Driver/Inc/stm32l4xx_ll_exti.h:306:22:LL_EXTI_EnableIT_0_31	16	static
../Drivers/STM32L4xx_HAL_Driver/Inc/stm32l4xx_ll_exti.h:805:22:LL_EXTI_DisableRisingTrig_0_31	16	static
../Drivers/STM32L4xx_HAL_Driver/Inc/stm32l4xx_ll_exti.h:932:22:LL_EXTI_EnableFallingTrig_0_31	16	static
../Drivers/STM32L4xx_HAL_Driver/Inc/stm32l4xx_ll_exti.h:1187:26:LL_EXTI_IsActiveFlag_0_31	16	static
../Drivers/STM32L4xx_HAL_Driver/Inc/stm32l4xx_ll_exti.h:1299:22:LL_EXTI_ClearFlag_0_31	16	static
../Drivers/STM32L4xx_HAL_Driver/Inc/stm32l4xx_ll_pwr.h:398:22:LL_PWR_EnableBkUpAccess	4	static
../Drivers/STM32L4xx_HAL_Driver/Inc/stm32l4xx_ll_rtc.h:4839:22:LL_RTC_BAK_SetRegister	32	static
../Drivers/STM32L4xx_HAL_Driver/Inc/stm32l4xx_ll_rtc.h:4889:26:LL_RTC_BAK_GetRegister	24	static
../Core/Src/main.c:41:5:main	8	static
../Core/Src/main.c:131:6:Button_EXTI_Config	8	static
../Core/Src/main.c:157:6:EXTI15_10_IRQHandler	8	static
../Core/Src/main.c:174:6:SysTick_Handler	16	static
../Core/Src/main.c:209:6:Error_Handler	4	static
