../Drivers/CMSIS/Include/core_cm4.h:1648:22:__NVIC_SetPriorityGrouping	24	static
../Drivers/CMSIS/Include/core_cm4.h:1679:22:__NVIC_EnableIRQ	16	static,ignoring_inline_asm
../Drivers/CMSIS/Include/core_cm4.h:1809:22:__NVIC_SetPriority	16	static
../Drivers/STM32L4xx_HAL_Driver/Inc/stm32l4xx_ll_rcc.h:2270:22:LL_RCC_LSE_Enable	4	static
../Drivers/STM32L4xx_HAL_Driver/Inc/stm32l4xx_ll_rcc.h:2362:26:LL_RCC_LSE_IsReady	4	static
../Drivers/STM32L4xx_HAL_Driver/Inc/stm32l4xx_ll_rcc.h:3650:22:LL_RCC_SetRTCClockSource	16	static
../Drivers/STM32L4xx_HAL_Driver/Inc/stm32l4xx_ll_rcc.h:3674:22:LL_RCC_EnableRTC	4	static
../Drivers/STM32L4xx_HAL_Driver/Inc/stm32l4xx_ll_rcc.h:3704:22:LL_RCC_ForceBackupDomainReset	4	static
../Drivers/STM32L4xx_HAL_Driver/Inc/stm32l4xx_ll_rcc.h:3714:22:LL_RCC_ReleaseBackupDomainReset	4	static
../Drivers/STM32L4xx_HAL_Driver/Inc/stm32l4xx_ll_bus.h:1089:22:LL_APB1_GRP1_EnableClock	24	static
../Drivers/STM32L4xx_HAL_Driver/Inc/stm32l4xx_ll_bus.h:1675:22:LL_APB2_GRP1_EnableClock	24	static
../Drivers/STM32L4xx_HAL_Driver/Inc/stm32l4xx_ll_system.h:772:22:LL_SYSCFG_SetEXTISource	32	static,ignoring_inline_asm
../Drivers/STM32L4xx_HAL_Driver/Inc/stm32l4xx_ll_exti.h:306:22:LL_EXTI_EnableIT_0_31	16	static
../Drivers/STM32L4xx_HAL_Driver/Inc/stm32l4xx_ll_exti.h:805:22:LL_EXTI_DisableRisingTrig_0_31	16	static
../Drivers/STM32L4xx_HAL_Driver/Inc/stm32l4xx_ll_exti.h:932:22:LL_EXTI_EnableFallingTrig_0_31	16	static
../Drivers/STM32L4xx_HAL_Driver/Inc/stm32l4xx_ll_exti.h:1299:22:LL_EXTI_ClearFlag_0_31	16	static
../Drivers/STM32L4xx_HAL_Driver/Inc/stm32l4xx_ll_pwr.h:398:22:LL_PWR_EnableBkUpAccess	4	static
../Drivers/STM32L4xx_HAL_Driver/Inc/stm32l4xx_ll_rtc.h:1118:22:LL_RTC_EnableInitMode	16	static
../Drivers/STM32L4xx_HAL_Driver/Inc/stm32l4xx_ll_rtc.h:1130:22:LL_RTC_DisableInitMode	16	static
../Drivers/STM32L4xx_HAL_Driver/Inc/stm32l4xx_ll_rtc.h:1310:22:LL_RTC_SetAsynchPrescaler	16	static
../Drivers/STM32L4xx_HAL_Driver/Inc/stm32l4xx_ll_rtc.h:1322:22:LL_RTC_SetSynchPrescaler	16	static
../Drivers/STM32L4xx_HAL_Driver/Inc/stm32l4xx_ll_rtc.h:1355:22:LL_RTC_EnableWriteProtection	16	static
../Drivers/STM32L4xx_HAL_Driver/Inc/stm32l4xx_ll_rtc.h:1366:22:LL_RTC_DisableWriteProtection	16	static
../Drivers/STM32L4xx_HAL_Driver/Inc/stm32l4xx_ll_rtc.h:4839:22:LL_RTC_BAK_SetRegister	32	static
../Drivers/STM32L4xx_HAL_Driver/Inc/stm32l4xx_ll_rtc.h:4889:26:LL_RTC_BAK_GetRegister	24	static
../Core/Inc/RadioFunctions.h:76:20:Delay_ms	16	static
../Core/Src/main.c:50:5:main	8	static
../Core/Src/main.c:137:6:Button_EXTI_Config	8	static
../Core/Src/main.c:147:6:EXTI15_10_IRQHandler	8	static
../Core/Src/main.c:154:6:SysTick_Handler	16	static
../Core/Src/main.c:194:6:RTC_WKUP_IRQHandler	8	static
../Core/Src/main.c:201:6:Error_Handler	4	static
