../Drivers/STM32L4xx_HAL_Driver/Inc/stm32l4xx_ll_gpio.h:957:22:LL_GPIO_SetOutputPin	16	static
../Drivers/STM32L4xx_HAL_Driver/Inc/stm32l4xx_ll_gpio.h:986:22:LL_GPIO_ResetOutputPin	16	static
../Drivers/STM32L4xx_HAL_Driver/Inc/stm32l4xx_ll_spi.h:359:22:LL_SPI_Enable	16	static
../Drivers/STM32L4xx_HAL_Driver/Inc/stm32l4xx_ll_spi.h:666:22:LL_SPI_SetRxFIFOThreshold	16	static
../Drivers/STM32L4xx_HAL_Driver/Inc/stm32l4xx_ll_spi.h:906:26:LL_SPI_IsActiveFlag_RXNE	16	static
../Drivers/STM32L4xx_HAL_Driver/Inc/stm32l4xx_ll_spi.h:917:26:LL_SPI_IsActiveFlag_TXE	16	static
../Drivers/STM32L4xx_HAL_Driver/Inc/stm32l4xx_ll_spi.h:968:26:LL_SPI_IsActiveFlag_BSY	16	static
../Drivers/STM32L4xx_HAL_Driver/Inc/stm32l4xx_ll_spi.h:1334:25:LL_SPI_ReceiveData8	16	static
../Drivers/STM32L4xx_HAL_Driver/Inc/stm32l4xx_ll_spi.h:1357:22:LL_SPI_TransmitData8	24	static
../Core/Inc/RadioFunctions.h:55:20:nRF24_CSN_L	8	static
../Core/Inc/RadioFunctions.h:59:20:nRF24_CSN_H	8	static
../Core/Inc/RadioFunctions.h:64:23:nRF24_LL_RW	16	static
../Core/Src/nrf24.c:9:16:nRF24_ReadReg	24	static
../Core/Src/nrf24.c:24:13:nRF24_WriteReg	16	static
../Core/Src/nrf24.c:47:13:nRF24_ReadMBReg	24	static
../Core/Src/nrf24.c:61:13:nRF24_WriteMBReg	16	static
../Core/Src/nrf24.c:70:9:ReadReg	16	static
../Core/Src/nrf24.c:74:6:ReadMBReg	16	static
../Core/Src/nrf24.c:80:6:nRF24_Init	8	static
../Core/Src/nrf24.c:116:9:nRF24_Check	24	static
../Core/Src/nrf24.c:136:6:nRF24_SetPowerMode	24	static
../Core/Src/nrf24.c:155:6:nRF24_SetOperationalMode	24	static
../Core/Src/nrf24.c:168:6:nRF24_SetDynamicPayloadLength	24	static
../Core/Src/nrf24.c:183:6:nRF24_SetPayloadWithAck	24	static
../Core/Src/nrf24.c:198:6:nRF24_SetCRCScheme	24	static
../Core/Src/nrf24.c:213:6:nRF24_SetRFChannel	16	static
../Core/Src/nrf24.c:222:6:nRF24_SetAutoRetr	16	static
../Core/Src/nrf24.c:231:6:nRF24_SetAddrWidth	16	static
../Core/Src/nrf24.c:245:6:nRF24_SetAddr	24	static
../Core/Src/nrf24.c:280:6:nRF24_SetTXPower	24	static
../Core/Src/nrf24.c:293:6:nRF24_SetDataRate	24	static
../Core/Src/nrf24.c:308:6:nRF24_SetRXPipe	24	static
../Core/Src/nrf24.c:331:6:nRF24_ClosePipe	24	static
../Core/Src/nrf24.c:343:6:nRF24_EnableAA	24	static
../Core/Src/nrf24.c:355:6:nRF24_DisableAA	24	static
../Core/Src/nrf24.c:371:9:nRF24_GetStatus	8	static
../Core/Src/nrf24.c:377:9:nRF24_GetIRQFlags	8	static
../Core/Src/nrf24.c:383:9:nRF24_GetStatus_RXFIFO	8	static
../Core/Src/nrf24.c:390:9:nRF24_GetStatus_TXFIFO	8	static
../Core/Src/nrf24.c:396:9:nRF24_GetRXSource	8	static
../Core/Src/nrf24.c:404:9:nRF24_GetRetransmitCounters	8	static
../Core/Src/nrf24.c:409:6:nRF24_ResetPLOS	16	static
../Core/Src/nrf24.c:418:6:nRF24_FlushTX	8	static
../Core/Src/nrf24.c:423:6:nRF24_FlushRX	8	static
../Core/Src/nrf24.c:428:6:nRF24_ClearIRQFlags	16	static
../Core/Src/nrf24.c:441:6:nRF24_WritePayload	16	static
../Core/Src/nrf24.c:445:16:nRF24_GetRxDplPayloadWidth	16	static
../Core/Src/nrf24.c:457:23:nRF24_ReadPayloadGeneric	32	static
../Core/Src/nrf24.c:497:16:nRF24_ReadPayload	16	static
../Core/Src/nrf24.c:501:16:nRF24_ReadPayloadDpl	16	static
../Core/Src/nrf24.c:505:9:nRF24_GetFeatures	8	static
../Core/Src/nrf24.c:508:6:nRF24_ActivateFeatures	8	static
../Core/Src/nrf24.c:514:6:nRF24_WriteAckPayload	16	static
