../Drivers/CMSIS/Include/core_cm4.h:1648:22:__NVIC_SetPriorityGrouping	24	static
../Drivers/CMSIS/Include/core_cm4.h:1679:22:__NVIC_EnableIRQ	16	static,ignoring_inline_asm
../Drivers/CMSIS/Include/core_cm4.h:1717:22:__NVIC_DisableIRQ	16	static,ignoring_inline_asm
../Drivers/CMSIS/Include/core_cm4.h:1809:22:__NVIC_SetPriority	16	static
../Drivers/STM32L4xx_HAL_Driver/Inc/stm32l4xx_ll_rcc.h:2270:22:LL_RCC_LSE_Enable	4	static
../Drivers/STM32L4xx_HAL_Driver/Inc/stm32l4xx_ll_rcc.h:2362:26:LL_RCC_LSE_IsReady	4	static
../Drivers/STM32L4xx_HAL_Driver/Inc/stm32l4xx_ll_rcc.h:2523:22:LL_RCC_MSI_EnablePLLMode	4	static
../Drivers/STM32L4xx_HAL_Driver/Inc/stm32l4xx_ll_rcc.h:2535:22:LL_RCC_MSI_DisablePLLMode	4	static
../Drivers/STM32L4xx_HAL_Driver/Inc/stm32l4xx_ll_bus.h:1089:22:LL_APB1_GRP1_EnableClock	24	static
../Drivers/STM32L4xx_HAL_Driver/Inc/stm32l4xx_ll_bus.h:1265:22:LL_APB1_GRP1_DisableClock	16	static
../Drivers/STM32L4xx_HAL_Driver/Inc/stm32l4xx_ll_bus.h:1675:22:LL_APB2_GRP1_EnableClock	24	static
../Drivers/STM32L4xx_HAL_Driver/Inc/stm32l4xx_ll_system.h:772:22:LL_SYSCFG_SetEXTISource	32	static,ignoring_inline_asm
../Drivers/STM32L4xx_HAL_Driver/Inc/stm32l4xx_ll_exti.h:306:22:LL_EXTI_EnableIT_0_31	16	static
../Drivers/STM32L4xx_HAL_Driver/Inc/stm32l4xx_ll_exti.h:805:22:LL_EXTI_DisableRisingTrig_0_31	16	static
../Drivers/STM32L4xx_HAL_Driver/Inc/stm32l4xx_ll_exti.h:932:22:LL_EXTI_EnableFallingTrig_0_31	16	static
../Drivers/STM32L4xx_HAL_Driver/Inc/stm32l4xx_ll_cortex.h:310:22:LL_LPM_EnableSleep	4	static
../Core/Inc/RadioFunctions.h:76:20:Delay_ms	16	static
../Drivers/STM32L4xx_HAL_Driver/Inc/stm32l4xx_ll_rtc.h:4839:22:LL_RTC_BAK_SetRegister	32	static
../Drivers/STM32L4xx_HAL_Driver/Inc/stm32l4xx_ll_rtc.h:4889:26:LL_RTC_BAK_GetRegister	24	static
../Core/Src/main.c:66:6:Enable_MSI_LSE_Calibration	8	static
../Core/Src/main.c:76:6:Disable_MSI_LSE_Calibration	8	static
../Core/Src/main.c:81:6:Enter_Sleep_100Hz	8	static,ignoring_inline_asm
../Core/Src/main.c:118:6:Exit_Sleep_100Hz	8	static
../Core/Src/main.c:141:6:_flavien_MSI_4Mhz	4	static
../Core/Src/main.c:153:6:_flavien_MSI_24Mhz	4	static
../Core/Src/main.c:164:6:_flavien_PLL_80Mhz	4	static
../Core/Src/main.c:187:6:_flavien_PLL_off	4	static
../Core/Src/main.c:198:6:_flavien_voltage_scaling_1	4	static
../Core/Src/main.c:211:6:_flavien_voltage_scaling_2	4	static
../Core/Src/main.c:223:6:_flavien_flash_latency	16	static
../Core/Src/main.c:230:6:_flavien_calibration_MSI_vs_LSE	4	static
../Core/Src/main.c:238:6:_flavien_calibration_MSI_vs_LSE_off	4	static
../Core/Src/main.c:244:6:_flavien_sleep_100Hz_ON	4	static,ignoring_inline_asm
../Core/Src/main.c:255:6:_flavien_set_stop_mode	16	static
../Core/Src/main.c:266:6:Button_EXTI_Config	8	static
../Core/Src/main.c:292:5:main	16	static
../Core/Src/main.c:574:6:Error_Handler	4	static
